-- Logs begin at Thu 2021-07-08 08:21:59 UTC, end at Thu 2021-07-08 14:50:49 UTC. --
Jul 08 08:21:59 ubuntu kernel: Linux version 5.4.0-73-generic (buildd@lcy01-amd64-019) (gcc version 9.3.0 (Ubuntu 9.3.0-17ubuntu1~20.04)) #82-Ubuntu SMP Wed Apr 14 17:39:42 UTC 2021 (Ubuntu 5.4.0-73.82-generic 5.4.106)
Jul 08 08:21:59 ubuntu kernel: Command line: BOOT_IMAGE=/boot/vmlinuz-5.4.0-73-generic root=UUID=e17a595e-18f3-45e3-8f22-e0d1005fbae1 ro console=tty1 console=ttyS0
Jul 08 08:21:59 ubuntu kernel: KERNEL supported cpus:
Jul 08 08:21:59 ubuntu kernel:   Intel GenuineIntel
Jul 08 08:21:59 ubuntu kernel:   AMD AuthenticAMD
Jul 08 08:21:59 ubuntu kernel:   Hygon HygonGenuine
Jul 08 08:21:59 ubuntu kernel:   Centaur CentaurHauls
Jul 08 08:21:59 ubuntu kernel:   zhaoxin   Shanghai  
Jul 08 08:21:59 ubuntu kernel: x86/fpu: Supporting XSAVE feature 0x001: 'x87 floating point registers'
Jul 08 08:21:59 ubuntu kernel: x86/fpu: Supporting XSAVE feature 0x002: 'SSE registers'
Jul 08 08:21:59 ubuntu kernel: x86/fpu: Supporting XSAVE feature 0x004: 'AVX registers'
Jul 08 08:21:59 ubuntu kernel: x86/fpu: xstate_offset[2]:  576, xstate_sizes[2]:  256
Jul 08 08:21:59 ubuntu kernel: x86/fpu: Enabled xstate features 0x7, context size is 832 bytes, using 'standard' format.
Jul 08 08:21:59 ubuntu kernel: BIOS-provided physical RAM map:
Jul 08 08:21:59 ubuntu kernel: BIOS-e820: [mem 0x0000000000000000-0x000000000009fbff] usable
Jul 08 08:21:59 ubuntu kernel: BIOS-e820: [mem 0x000000000009fc00-0x000000000009ffff] reserved
Jul 08 08:21:59 ubuntu kernel: BIOS-e820: [mem 0x00000000000f0000-0x00000000000fffff] reserved
Jul 08 08:21:59 ubuntu kernel: BIOS-e820: [mem 0x0000000000100000-0x00000000dfffafff] usable
Jul 08 08:21:59 ubuntu kernel: BIOS-e820: [mem 0x00000000dfffb000-0x00000000dfffffff] reserved
Jul 08 08:21:59 ubuntu kernel: BIOS-e820: [mem 0x00000000feffc000-0x00000000feffffff] reserved
Jul 08 08:21:59 ubuntu kernel: BIOS-e820: [mem 0x00000000fffc0000-0x00000000ffffffff] reserved
Jul 08 08:21:59 ubuntu kernel: BIOS-e820: [mem 0x0000000100000000-0x000000021fffffff] usable
Jul 08 08:21:59 ubuntu kernel: NX (Execute Disable) protection: active
Jul 08 08:21:59 ubuntu kernel: SMBIOS 2.4 present.
Jul 08 08:21:59 ubuntu kernel: DMI: DigitalOcean Droplet, BIOS 20171212 12/12/2017
Jul 08 08:21:59 ubuntu kernel: Hypervisor detected: KVM
Jul 08 08:21:59 ubuntu kernel: kvm-clock: Using msrs 4b564d01 and 4b564d00
Jul 08 08:21:59 ubuntu kernel: kvm-clock: cpu 0, msr a9c01001, primary cpu clock
Jul 08 08:21:59 ubuntu kernel: kvm-clock: using sched offset of 1582136598 cycles
Jul 08 08:21:59 ubuntu kernel: clocksource: kvm-clock: mask: 0xffffffffffffffff max_cycles: 0x1cd42e4dffb, max_idle_ns: 881590591483 ns
Jul 08 08:21:59 ubuntu kernel: tsc: Detected 2294.608 MHz processor
Jul 08 08:21:59 ubuntu kernel: e820: update [mem 0x00000000-0x00000fff] usable ==> reserved
Jul 08 08:21:59 ubuntu kernel: e820: remove [mem 0x000a0000-0x000fffff] usable
Jul 08 08:21:59 ubuntu kernel: last_pfn = 0x220000 max_arch_pfn = 0x400000000
Jul 08 08:21:59 ubuntu kernel: MTRR default type: write-back
Jul 08 08:21:59 ubuntu kernel: MTRR fixed ranges enabled:
Jul 08 08:21:59 ubuntu kernel:   00000-9FFFF write-back
Jul 08 08:21:59 ubuntu kernel:   A0000-BFFFF uncachable
Jul 08 08:21:59 ubuntu kernel:   C0000-FFFFF write-protect
Jul 08 08:21:59 ubuntu kernel: MTRR variable ranges enabled:
Jul 08 08:21:59 ubuntu kernel:   0 base 00E0000000 mask FFE0000000 uncachable
Jul 08 08:21:59 ubuntu kernel:   1 disabled
Jul 08 08:21:59 ubuntu kernel:   2 disabled
Jul 08 08:21:59 ubuntu kernel:   3 disabled
Jul 08 08:21:59 ubuntu kernel:   4 disabled
Jul 08 08:21:59 ubuntu kernel:   5 disabled
Jul 08 08:21:59 ubuntu kernel:   6 disabled
Jul 08 08:21:59 ubuntu kernel:   7 disabled
Jul 08 08:21:59 ubuntu kernel: x86/PAT: Configuration [0-7]: WB  WC  UC- UC  WB  WP  UC- WT  
Jul 08 08:21:59 ubuntu kernel: last_pfn = 0xdfffb max_arch_pfn = 0x400000000
Jul 08 08:21:59 ubuntu kernel: found SMP MP-table at [mem 0x000f1210-0x000f121f]
Jul 08 08:21:59 ubuntu kernel: check: Scanning 1 areas for low memory corruption
Jul 08 08:21:59 ubuntu kernel: RAMDISK: [mem 0x34bbd000-0x365d5fff]
Jul 08 08:21:59 ubuntu kernel: ACPI: Early table checksum verification disabled
Jul 08 08:21:59 ubuntu kernel: ACPI: RSDP 0x00000000000F0FE0 000014 (v00 BOCHS )
Jul 08 08:21:59 ubuntu kernel: ACPI: RSDT 0x00000000DFFFE1E0 000038 (v01 BOCHS  BXPCRSDT 00000001 BXPC 00000001)
Jul 08 08:21:59 ubuntu kernel: ACPI: FACP 0x00000000DFFFFF80 000074 (v01 BOCHS  BXPCFACP 00000001 BXPC 00000001)
Jul 08 08:21:59 ubuntu kernel: ACPI: DSDT 0x00000000DFFFE220 001189 (v01 BOCHS  BXPCDSDT 00000001 BXPC 00000001)
Jul 08 08:21:59 ubuntu kernel: ACPI: FACS 0x00000000DFFFFF40 000040
Jul 08 08:21:59 ubuntu kernel: ACPI: SSDT 0x00000000DFFFF5E0 00095E (v01 BOCHS  BXPCSSDT 00000001 BXPC 00000001)
Jul 08 08:21:59 ubuntu kernel: ACPI: APIC 0x00000000DFFFF4E0 000090 (v01 BOCHS  BXPCAPIC 00000001 BXPC 00000001)
Jul 08 08:21:59 ubuntu kernel: ACPI: HPET 0x00000000DFFFF4A0 000038 (v01 BOCHS  BXPCHPET 00000001 BXPC 00000001)
Jul 08 08:21:59 ubuntu kernel: ACPI: SRAT 0x00000000DFFFF3B0 0000E8 (v01 BOCHS  BXPCSRAT 00000001 BXPC 00000001)
Jul 08 08:21:59 ubuntu kernel: ACPI: Local APIC address 0xfee00000
Jul 08 08:21:59 ubuntu kernel: SRAT: PXM 0 -> APIC 0x00 -> Node 0
Jul 08 08:21:59 ubuntu kernel: SRAT: PXM 0 -> APIC 0x01 -> Node 0
Jul 08 08:21:59 ubuntu kernel: SRAT: PXM 0 -> APIC 0x02 -> Node 0
Jul 08 08:21:59 ubuntu kernel: SRAT: PXM 0 -> APIC 0x03 -> Node 0
Jul 08 08:21:59 ubuntu kernel: ACPI: SRAT: Node 0 PXM 0 [mem 0x00000000-0x0009ffff]
Jul 08 08:21:59 ubuntu kernel: ACPI: SRAT: Node 0 PXM 0 [mem 0x00100000-0xdfffffff]
Jul 08 08:21:59 ubuntu kernel: ACPI: SRAT: Node 0 PXM 0 [mem 0x100000000-0x21fffffff]
Jul 08 08:21:59 ubuntu kernel: NUMA: Node 0 [mem 0x00000000-0x0009ffff] + [mem 0x00100000-0xdfffffff] -> [mem 0x00000000-0xdfffffff]
Jul 08 08:21:59 ubuntu kernel: NUMA: Node 0 [mem 0x00000000-0xdfffffff] + [mem 0x100000000-0x21fffffff] -> [mem 0x00000000-0x21fffffff]
Jul 08 08:21:59 ubuntu kernel: NODE_DATA(0) allocated [mem 0x21ffd1000-0x21fffbfff]
Jul 08 08:21:59 ubuntu kernel: Zone ranges:
Jul 08 08:21:59 ubuntu kernel:   DMA      [mem 0x0000000000001000-0x0000000000ffffff]
Jul 08 08:21:59 ubuntu kernel:   DMA32    [mem 0x0000000001000000-0x00000000ffffffff]
Jul 08 08:21:59 ubuntu kernel:   Normal   [mem 0x0000000100000000-0x000000021fffffff]
Jul 08 08:21:59 ubuntu kernel:   Device   empty
Jul 08 08:21:59 ubuntu kernel: Movable zone start for each node
Jul 08 08:21:59 ubuntu kernel: Early memory node ranges
Jul 08 08:21:59 ubuntu kernel:   node   0: [mem 0x0000000000001000-0x000000000009efff]
Jul 08 08:21:59 ubuntu kernel:   node   0: [mem 0x0000000000100000-0x00000000dfffafff]
Jul 08 08:21:59 ubuntu kernel:   node   0: [mem 0x0000000100000000-0x000000021fffffff]
Jul 08 08:21:59 ubuntu kernel: Zeroed struct page in unavailable ranges: 103 pages
Jul 08 08:21:59 ubuntu kernel: Initmem setup node 0 [mem 0x0000000000001000-0x000000021fffffff]
Jul 08 08:21:59 ubuntu kernel: On node 0 totalpages: 2097049
Jul 08 08:21:59 ubuntu kernel:   DMA zone: 64 pages used for memmap
Jul 08 08:21:59 ubuntu kernel:   DMA zone: 21 pages reserved
Jul 08 08:21:59 ubuntu kernel:   DMA zone: 3998 pages, LIFO batch:0
Jul 08 08:21:59 ubuntu kernel:   DMA32 zone: 14272 pages used for memmap
Jul 08 08:21:59 ubuntu kernel:   DMA32 zone: 913403 pages, LIFO batch:63
Jul 08 08:21:59 ubuntu kernel:   Normal zone: 18432 pages used for memmap
Jul 08 08:21:59 ubuntu kernel:   Normal zone: 1179648 pages, LIFO batch:63
Jul 08 08:21:59 ubuntu kernel: ACPI: PM-Timer IO Port: 0xb008
Jul 08 08:21:59 ubuntu kernel: ACPI: Local APIC address 0xfee00000
Jul 08 08:21:59 ubuntu kernel: ACPI: LAPIC_NMI (acpi_id[0xff] dfl dfl lint[0x1])
Jul 08 08:21:59 ubuntu kernel: IOAPIC[0]: apic_id 0, version 17, address 0xfec00000, GSI 0-23
Jul 08 08:21:59 ubuntu kernel: ACPI: INT_SRC_OVR (bus 0 bus_irq 0 global_irq 2 dfl dfl)
Jul 08 08:21:59 ubuntu kernel: ACPI: INT_SRC_OVR (bus 0 bus_irq 5 global_irq 5 high level)
Jul 08 08:21:59 ubuntu kernel: ACPI: INT_SRC_OVR (bus 0 bus_irq 9 global_irq 9 high level)
Jul 08 08:21:59 ubuntu kernel: ACPI: INT_SRC_OVR (bus 0 bus_irq 10 global_irq 10 high level)
Jul 08 08:21:59 ubuntu kernel: ACPI: INT_SRC_OVR (bus 0 bus_irq 11 global_irq 11 high level)
Jul 08 08:21:59 ubuntu kernel: ACPI: IRQ0 used by override.
Jul 08 08:21:59 ubuntu kernel: ACPI: IRQ5 used by override.
Jul 08 08:21:59 ubuntu kernel: ACPI: IRQ9 used by override.
Jul 08 08:21:59 ubuntu kernel: ACPI: IRQ10 used by override.
Jul 08 08:21:59 ubuntu kernel: ACPI: IRQ11 used by override.
Jul 08 08:21:59 ubuntu kernel: Using ACPI (MADT) for SMP configuration information
Jul 08 08:21:59 ubuntu kernel: ACPI: HPET id: 0x8086a201 base: 0xfed00000
Jul 08 08:21:59 ubuntu kernel: TSC deadline timer available
Jul 08 08:21:59 ubuntu kernel: smpboot: Allowing 4 CPUs, 0 hotplug CPUs
Jul 08 08:21:59 ubuntu kernel: PM: Registered nosave memory: [mem 0x00000000-0x00000fff]
Jul 08 08:21:59 ubuntu kernel: PM: Registered nosave memory: [mem 0x0009f000-0x0009ffff]
Jul 08 08:21:59 ubuntu kernel: PM: Registered nosave memory: [mem 0x000a0000-0x000effff]
Jul 08 08:21:59 ubuntu kernel: PM: Registered nosave memory: [mem 0x000f0000-0x000fffff]
Jul 08 08:21:59 ubuntu kernel: PM: Registered nosave memory: [mem 0xdfffb000-0xdfffffff]
Jul 08 08:21:59 ubuntu kernel: PM: Registered nosave memory: [mem 0xe0000000-0xfeffbfff]
Jul 08 08:21:59 ubuntu kernel: PM: Registered nosave memory: [mem 0xfeffc000-0xfeffffff]
Jul 08 08:21:59 ubuntu kernel: PM: Registered nosave memory: [mem 0xff000000-0xfffbffff]
Jul 08 08:21:59 ubuntu kernel: PM: Registered nosave memory: [mem 0xfffc0000-0xffffffff]
Jul 08 08:21:59 ubuntu kernel: [mem 0xe0000000-0xfeffbfff] available for PCI devices
Jul 08 08:21:59 ubuntu kernel: Booting paravirtualized kernel on KVM
Jul 08 08:21:59 ubuntu kernel: clocksource: refined-jiffies: mask: 0xffffffff max_cycles: 0xffffffff, max_idle_ns: 7645519600211568 ns
Jul 08 08:21:59 ubuntu kernel: setup_percpu: NR_CPUS:8192 nr_cpumask_bits:4 nr_cpu_ids:4 nr_node_ids:1
Jul 08 08:21:59 ubuntu kernel: percpu: Embedded 55 pages/cpu s188416 r8192 d28672 u524288
Jul 08 08:21:59 ubuntu kernel: pcpu-alloc: s188416 r8192 d28672 u524288 alloc=1*2097152
Jul 08 08:21:59 ubuntu kernel: pcpu-alloc: [0] 0 1 2 3 
Jul 08 08:21:59 ubuntu kernel: KVM setup async PF for cpu 0
Jul 08 08:21:59 ubuntu kernel: kvm-stealtime: cpu 0, msr 217a2d040
Jul 08 08:21:59 ubuntu kernel: Built 1 zonelists, mobility grouping on.  Total pages: 2064260
Jul 08 08:21:59 ubuntu kernel: Policy zone: Normal
Jul 08 08:21:59 ubuntu kernel: Kernel command line: BOOT_IMAGE=/boot/vmlinuz-5.4.0-73-generic root=UUID=e17a595e-18f3-45e3-8f22-e0d1005fbae1 ro console=tty1 console=ttyS0
Jul 08 08:21:59 ubuntu kernel: Dentry cache hash table entries: 1048576 (order: 11, 8388608 bytes, linear)
Jul 08 08:21:59 ubuntu kernel: Inode-cache hash table entries: 524288 (order: 10, 4194304 bytes, linear)
Jul 08 08:21:59 ubuntu kernel: mem auto-init: stack:off, heap alloc:on, heap free:off
Jul 08 08:21:59 ubuntu kernel: Calgary: detecting Calgary via BIOS EBDA area
Jul 08 08:21:59 ubuntu kernel: Calgary: Unable to locate Rio Grande table in EBDA - bailing!
Jul 08 08:21:59 ubuntu kernel: Memory: 8118168K/8388196K available (14339K kernel code, 2400K rwdata, 5008K rodata, 2732K init, 4972K bss, 270028K reserved, 0K cma-reserved)
Jul 08 08:21:59 ubuntu kernel: random: get_random_u64 called from kmem_cache_open+0x2d/0x410 with crng_init=0
Jul 08 08:21:59 ubuntu kernel: SLUB: HWalign=64, Order=0-3, MinObjects=0, CPUs=4, Nodes=1
Jul 08 08:21:59 ubuntu kernel: Kernel/User page tables isolation: enabled
Jul 08 08:21:59 ubuntu kernel: ftrace: allocating 44586 entries in 175 pages
Jul 08 08:21:59 ubuntu kernel: rcu: Hierarchical RCU implementation.
Jul 08 08:21:59 ubuntu kernel: rcu:         RCU restricting CPUs from NR_CPUS=8192 to nr_cpu_ids=4.
Jul 08 08:21:59 ubuntu kernel:         Tasks RCU enabled.
Jul 08 08:21:59 ubuntu kernel: rcu: RCU calculated value of scheduler-enlistment delay is 25 jiffies.
Jul 08 08:21:59 ubuntu kernel: rcu: Adjusting geometry for rcu_fanout_leaf=16, nr_cpu_ids=4
Jul 08 08:21:59 ubuntu kernel: NR_IRQS: 524544, nr_irqs: 456, preallocated irqs: 16
Jul 08 08:21:59 ubuntu kernel: random: crng done (trusting CPU's manufacturer)
Jul 08 08:21:59 ubuntu kernel: Console: colour VGA+ 80x25
Jul 08 08:21:59 ubuntu kernel: printk: console [tty1] enabled
Jul 08 08:21:59 ubuntu kernel: printk: console [ttyS0] enabled
Jul 08 08:21:59 ubuntu kernel: ACPI: Core revision 20190816
Jul 08 08:21:59 ubuntu kernel: clocksource: hpet: mask: 0xffffffff max_cycles: 0xffffffff, max_idle_ns: 19112604467 ns
Jul 08 08:21:59 ubuntu kernel: APIC: Switch to symmetric I/O mode setup
Jul 08 08:21:59 ubuntu kernel: x2apic enabled
Jul 08 08:21:59 ubuntu kernel: Switched APIC routing to physical x2apic.
Jul 08 08:21:59 ubuntu kernel: ..TIMER: vector=0x30 apic1=0 pin1=2 apic2=-1 pin2=-1
Jul 08 08:21:59 ubuntu kernel: clocksource: tsc-early: mask: 0xffffffffffffffff max_cycles: 0x21134f58f0d, max_idle_ns: 440795217993 ns
Jul 08 08:21:59 ubuntu kernel: Calibrating delay loop (skipped) preset value.. 4589.21 BogoMIPS (lpj=9178432)
Jul 08 08:21:59 ubuntu kernel: pid_max: default: 32768 minimum: 301
Jul 08 08:21:59 ubuntu kernel: LSM: Security Framework initializing
Jul 08 08:21:59 ubuntu kernel: Yama: becoming mindful.
Jul 08 08:21:59 ubuntu kernel: AppArmor: AppArmor initialized
Jul 08 08:21:59 ubuntu kernel: Mount-cache hash table entries: 16384 (order: 5, 131072 bytes, linear)
Jul 08 08:21:59 ubuntu kernel: Mountpoint-cache hash table entries: 16384 (order: 5, 131072 bytes, linear)
Jul 08 08:21:59 ubuntu kernel: *** VALIDATE tmpfs ***
Jul 08 08:21:59 ubuntu kernel: *** VALIDATE proc ***
Jul 08 08:21:59 ubuntu kernel: *** VALIDATE cgroup1 ***
Jul 08 08:21:59 ubuntu kernel: *** VALIDATE cgroup2 ***
Jul 08 08:21:59 ubuntu kernel: Last level iTLB entries: 4KB 0, 2MB 0, 4MB 0
Jul 08 08:21:59 ubuntu kernel: Last level dTLB entries: 4KB 0, 2MB 0, 4MB 0, 1GB 0
Jul 08 08:21:59 ubuntu kernel: Spectre V1 : Mitigation: usercopy/swapgs barriers and __user pointer sanitization
Jul 08 08:21:59 ubuntu kernel: Spectre V2 : Mitigation: Full generic retpoline
Jul 08 08:21:59 ubuntu kernel: Spectre V2 : Spectre v2 / SpectreRSB mitigation: Filling RSB on context switch
Jul 08 08:21:59 ubuntu kernel: Spectre V2 : Enabling Restricted Speculation for firmware calls
Jul 08 08:21:59 ubuntu kernel: Spectre V2 : mitigation: Enabling conditional Indirect Branch Prediction Barrier
Jul 08 08:21:59 ubuntu kernel: Speculative Store Bypass: Mitigation: Speculative Store Bypass disabled via prctl and seccomp
Jul 08 08:21:59 ubuntu kernel: MDS: Mitigation: Clear CPU buffers
Jul 08 08:21:59 ubuntu kernel: Freeing SMP alternatives memory: 40K
Jul 08 08:21:59 ubuntu kernel: smpboot: CPU0: Intel DO-Regular (family: 0x6, model: 0x3f, stepping: 0x2)
Jul 08 08:21:59 ubuntu kernel: Performance Events: Haswell events, Intel PMU driver.
Jul 08 08:21:59 ubuntu kernel: ... version:                2
Jul 08 08:21:59 ubuntu kernel: ... bit width:              48
Jul 08 08:21:59 ubuntu kernel: ... generic registers:      4
Jul 08 08:21:59 ubuntu kernel: ... value mask:             0000ffffffffffff
Jul 08 08:21:59 ubuntu kernel: ... max period:             000000007fffffff
Jul 08 08:21:59 ubuntu kernel: ... fixed-purpose events:   3
Jul 08 08:21:59 ubuntu kernel: ... event mask:             000000070000000f
Jul 08 08:21:59 ubuntu kernel: rcu: Hierarchical SRCU implementation.
Jul 08 08:21:59 ubuntu kernel: smp: Bringing up secondary CPUs ...
Jul 08 08:21:59 ubuntu kernel: x86: Booting SMP configuration:
Jul 08 08:21:59 ubuntu kernel: .... node  #0, CPUs:      #1
Jul 08 08:21:59 ubuntu kernel: kvm-clock: cpu 1, msr a9c01041, secondary cpu clock
Jul 08 08:21:59 ubuntu kernel: KVM setup async PF for cpu 1
Jul 08 08:21:59 ubuntu kernel: kvm-stealtime: cpu 1, msr 217aad040
Jul 08 08:21:59 ubuntu kernel:  #2
Jul 08 08:21:59 ubuntu kernel: kvm-clock: cpu 2, msr a9c01081, secondary cpu clock
Jul 08 08:21:59 ubuntu kernel: KVM setup async PF for cpu 2
Jul 08 08:21:59 ubuntu kernel: kvm-stealtime: cpu 2, msr 217b2d040
Jul 08 08:21:59 ubuntu kernel:  #3
Jul 08 08:21:59 ubuntu kernel: kvm-clock: cpu 3, msr a9c010c1, secondary cpu clock
Jul 08 08:21:59 ubuntu kernel: KVM setup async PF for cpu 3
Jul 08 08:21:59 ubuntu kernel: kvm-stealtime: cpu 3, msr 217bad040
Jul 08 08:21:59 ubuntu kernel: smp: Brought up 1 node, 4 CPUs
Jul 08 08:21:59 ubuntu kernel: smpboot: Max logical packages: 1
Jul 08 08:21:59 ubuntu kernel: smpboot: Total of 4 processors activated (18356.86 BogoMIPS)
Jul 08 08:21:59 ubuntu kernel: devtmpfs: initialized
Jul 08 08:21:59 ubuntu kernel: x86/mm: Memory block size: 128MB
Jul 08 08:21:59 ubuntu kernel: clocksource: jiffies: mask: 0xffffffff max_cycles: 0xffffffff, max_idle_ns: 7645041785100000 ns
Jul 08 08:21:59 ubuntu kernel: futex hash table entries: 1024 (order: 4, 65536 bytes, linear)
Jul 08 08:21:59 ubuntu kernel: pinctrl core: initialized pinctrl subsystem
Jul 08 08:21:59 ubuntu kernel: PM: RTC time: 08:21:55, date: 2021-07-08
Jul 08 08:21:59 ubuntu kernel: NET: Registered protocol family 16
Jul 08 08:21:59 ubuntu kernel: audit: initializing netlink subsys (disabled)
Jul 08 08:21:59 ubuntu kernel: audit: type=2000 audit(1625732516.311:1): state=initialized audit_enabled=0 res=1
Jul 08 08:21:59 ubuntu kernel: EISA bus registered
Jul 08 08:21:59 ubuntu kernel: cpuidle: using governor ladder
Jul 08 08:21:59 ubuntu kernel: cpuidle: using governor menu
Jul 08 08:21:59 ubuntu kernel: ACPI: bus type PCI registered
Jul 08 08:21:59 ubuntu kernel: acpiphp: ACPI Hot Plug PCI Controller Driver version: 0.5
Jul 08 08:21:59 ubuntu kernel: PCI: Using configuration type 1 for base access
Jul 08 08:21:59 ubuntu kernel: core: PMU erratum BJ122, BV98, HSD29 workaround disabled, HT off
Jul 08 08:21:59 ubuntu kernel: HugeTLB registered 2.00 MiB page size, pre-allocated 0 pages
Jul 08 08:21:59 ubuntu kernel: ACPI: Added _OSI(Module Device)
Jul 08 08:21:59 ubuntu kernel: ACPI: Added _OSI(Processor Device)
Jul 08 08:21:59 ubuntu kernel: ACPI: Added _OSI(3.0 _SCP Extensions)
Jul 08 08:21:59 ubuntu kernel: ACPI: Added _OSI(Processor Aggregator Device)
Jul 08 08:21:59 ubuntu kernel: ACPI: Added _OSI(Linux-Dell-Video)
Jul 08 08:21:59 ubuntu kernel: ACPI: Added _OSI(Linux-Lenovo-NV-HDMI-Audio)
Jul 08 08:21:59 ubuntu kernel: ACPI: Added _OSI(Linux-HPI-Hybrid-Graphics)
Jul 08 08:21:59 ubuntu kernel: ACPI: 2 ACPI AML tables successfully acquired and loaded
Jul 08 08:21:59 ubuntu kernel: ACPI: Interpreter enabled
Jul 08 08:21:59 ubuntu kernel: ACPI: (supports S0 S3 S4 S5)
Jul 08 08:21:59 ubuntu kernel: ACPI: Using IOAPIC for interrupt routing
Jul 08 08:21:59 ubuntu kernel: PCI: Using host bridge windows from ACPI; if necessary, use "pci=nocrs" and report a bug
Jul 08 08:21:59 ubuntu kernel: ACPI: Enabled 16 GPEs in block 00 to 0F
Jul 08 08:21:59 ubuntu kernel: ACPI: PCI Root Bridge [PCI0] (domain 0000 [bus 00-ff])
Jul 08 08:21:59 ubuntu kernel: acpi PNP0A03:00: _OSC: OS supports [ASPM ClockPM Segments MSI HPX-Type3]
Jul 08 08:21:59 ubuntu kernel: acpi PNP0A03:00: fail to add MMCONFIG information, can't access extended PCI configuration space under this bridge.
Jul 08 08:21:59 ubuntu kernel: acpiphp: Slot [3] registered
Jul 08 08:21:59 ubuntu kernel: acpiphp: Slot [4] registered
Jul 08 08:21:59 ubuntu kernel: acpiphp: Slot [5] registered
Jul 08 08:21:59 ubuntu kernel: acpiphp: Slot [6] registered
Jul 08 08:21:59 ubuntu kernel: acpiphp: Slot [7] registered
Jul 08 08:21:59 ubuntu kernel: acpiphp: Slot [8] registered
Jul 08 08:21:59 ubuntu kernel: acpiphp: Slot [9] registered
Jul 08 08:21:59 ubuntu kernel: acpiphp: Slot [10] registered
Jul 08 08:21:59 ubuntu kernel: acpiphp: Slot [11] registered
Jul 08 08:21:59 ubuntu kernel: acpiphp: Slot [12] registered
Jul 08 08:21:59 ubuntu kernel: acpiphp: Slot [13] registered
Jul 08 08:21:59 ubuntu kernel: acpiphp: Slot [14] registered
Jul 08 08:21:59 ubuntu kernel: acpiphp: Slot [15] registered
Jul 08 08:21:59 ubuntu kernel: acpiphp: Slot [16] registered
Jul 08 08:21:59 ubuntu kernel: acpiphp: Slot [17] registered
Jul 08 08:21:59 ubuntu kernel: acpiphp: Slot [18] registered
Jul 08 08:21:59 ubuntu kernel: acpiphp: Slot [19] registered
Jul 08 08:21:59 ubuntu kernel: acpiphp: Slot [20] registered
Jul 08 08:21:59 ubuntu kernel: acpiphp: Slot [21] registered
Jul 08 08:21:59 ubuntu kernel: acpiphp: Slot [22] registered
Jul 08 08:21:59 ubuntu kernel: acpiphp: Slot [23] registered
Jul 08 08:21:59 ubuntu kernel: acpiphp: Slot [24] registered
Jul 08 08:21:59 ubuntu kernel: acpiphp: Slot [25] registered
Jul 08 08:21:59 ubuntu kernel: acpiphp: Slot [26] registered
Jul 08 08:21:59 ubuntu kernel: acpiphp: Slot [27] registered
Jul 08 08:21:59 ubuntu kernel: acpiphp: Slot [28] registered
Jul 08 08:21:59 ubuntu kernel: acpiphp: Slot [29] registered
Jul 08 08:21:59 ubuntu kernel: acpiphp: Slot [30] registered
Jul 08 08:21:59 ubuntu kernel: acpiphp: Slot [31] registered
Jul 08 08:21:59 ubuntu kernel: PCI host bridge to bus 0000:00
Jul 08 08:21:59 ubuntu kernel: pci_bus 0000:00: root bus resource [io  0x0000-0x0cf7 window]
Jul 08 08:21:59 ubuntu kernel: pci_bus 0000:00: root bus resource [io  0x0d00-0xffff window]
Jul 08 08:21:59 ubuntu kernel: pci_bus 0000:00: root bus resource [mem 0x000a0000-0x000bffff window]
Jul 08 08:21:59 ubuntu kernel: pci_bus 0000:00: root bus resource [mem 0xe0000000-0xfebfffff window]
Jul 08 08:21:59 ubuntu kernel: pci_bus 0000:00: root bus resource [bus 00-ff]
Jul 08 08:21:59 ubuntu kernel: pci 0000:00:00.0: [8086:1237] type 00 class 0x060000
Jul 08 08:21:59 ubuntu kernel: pci 0000:00:01.0: [8086:7000] type 00 class 0x060100
Jul 08 08:21:59 ubuntu kernel: pci 0000:00:01.1: [8086:7010] type 00 class 0x010180
Jul 08 08:21:59 ubuntu kernel: pci 0000:00:01.1: reg 0x20: [io  0xc120-0xc12f]
Jul 08 08:21:59 ubuntu kernel: pci 0000:00:01.1: legacy IDE quirk: reg 0x10: [io  0x01f0-0x01f7]
Jul 08 08:21:59 ubuntu kernel: pci 0000:00:01.1: legacy IDE quirk: reg 0x14: [io  0x03f6]
Jul 08 08:21:59 ubuntu kernel: pci 0000:00:01.1: legacy IDE quirk: reg 0x18: [io  0x0170-0x0177]
Jul 08 08:21:59 ubuntu kernel: pci 0000:00:01.1: legacy IDE quirk: reg 0x1c: [io  0x0376]
Jul 08 08:21:59 ubuntu kernel: pci 0000:00:01.2: [8086:7020] type 00 class 0x0c0300
Jul 08 08:21:59 ubuntu kernel: pci 0000:00:01.2: reg 0x20: [io  0xc080-0xc09f]
Jul 08 08:21:59 ubuntu kernel: pci 0000:00:01.3: [8086:7113] type 00 class 0x068000
Jul 08 08:21:59 ubuntu kernel: pci 0000:00:01.3: quirk: [io  0xb000-0xb03f] claimed by PIIX4 ACPI
Jul 08 08:21:59 ubuntu kernel: pci 0000:00:01.3: quirk: [io  0xb100-0xb10f] claimed by PIIX4 SMB
Jul 08 08:21:59 ubuntu kernel: pci 0000:00:02.0: [1b36:0100] type 00 class 0x030000
Jul 08 08:21:59 ubuntu kernel: pci 0000:00:02.0: reg 0x10: [mem 0xf8000000-0xfbffffff]
Jul 08 08:21:59 ubuntu kernel: pci 0000:00:02.0: reg 0x14: [mem 0xfc000000-0xfcffffff]
Jul 08 08:21:59 ubuntu kernel: pci 0000:00:02.0: reg 0x18: [mem 0xfd010000-0xfd011fff]
Jul 08 08:21:59 ubuntu kernel: pci 0000:00:02.0: reg 0x1c: [io  0xc0a0-0xc0bf]
Jul 08 08:21:59 ubuntu kernel: pci 0000:00:02.0: reg 0x30: [mem 0xfd000000-0xfd00ffff pref]
Jul 08 08:21:59 ubuntu kernel: pci 0000:00:03.0: [1af4:1000] type 00 class 0x020000
Jul 08 08:21:59 ubuntu kernel: pci 0000:00:03.0: reg 0x10: [io  0xc0c0-0xc0df]
Jul 08 08:21:59 ubuntu kernel: pci 0000:00:03.0: reg 0x14: [mem 0xfd012000-0xfd012fff]
Jul 08 08:21:59 ubuntu kernel: pci 0000:00:04.0: [1af4:1000] type 00 class 0x020000
Jul 08 08:21:59 ubuntu kernel: pci 0000:00:04.0: reg 0x10: [io  0xc0e0-0xc0ff]
Jul 08 08:21:59 ubuntu kernel: pci 0000:00:04.0: reg 0x14: [mem 0xfd013000-0xfd013fff]
Jul 08 08:21:59 ubuntu kernel: pci 0000:00:05.0: [1af4:1004] type 00 class 0x010000
Jul 08 08:21:59 ubuntu kernel: pci 0000:00:05.0: reg 0x10: [io  0xc000-0xc03f]
Jul 08 08:21:59 ubuntu kernel: pci 0000:00:05.0: reg 0x14: [mem 0xfd014000-0xfd014fff]
Jul 08 08:21:59 ubuntu kernel: pci 0000:00:06.0: [1af4:1001] type 00 class 0x010000
Jul 08 08:21:59 ubuntu kernel: pci 0000:00:06.0: reg 0x10: [io  0xc040-0xc07f]
Jul 08 08:21:59 ubuntu kernel: pci 0000:00:06.0: reg 0x14: [mem 0xfd015000-0xfd015fff]
Jul 08 08:21:59 ubuntu kernel: pci 0000:00:07.0: [1af4:1002] type 00 class 0x00ff00
Jul 08 08:21:59 ubuntu kernel: pci 0000:00:07.0: reg 0x10: [io  0xc100-0xc11f]
Jul 08 08:21:59 ubuntu kernel: ACPI: PCI Interrupt Link [LNKA] (IRQs 5 *10 11)
Jul 08 08:21:59 ubuntu kernel: ACPI: PCI Interrupt Link [LNKB] (IRQs 5 *10 11)
Jul 08 08:21:59 ubuntu kernel: ACPI: PCI Interrupt Link [LNKC] (IRQs 5 10 *11)
Jul 08 08:21:59 ubuntu kernel: ACPI: PCI Interrupt Link [LNKD] (IRQs 5 10 *11)
Jul 08 08:21:59 ubuntu kernel: ACPI: PCI Interrupt Link [LNKS] (IRQs *9)
Jul 08 08:21:59 ubuntu kernel: iommu: Default domain type: Translated 
Jul 08 08:21:59 ubuntu kernel: SCSI subsystem initialized
Jul 08 08:21:59 ubuntu kernel: libata version 3.00 loaded.
Jul 08 08:21:59 ubuntu kernel: pci 0000:00:02.0: vgaarb: setting as boot VGA device
Jul 08 08:21:59 ubuntu kernel: pci 0000:00:02.0: vgaarb: VGA device added: decodes=io+mem,owns=io+mem,locks=none
Jul 08 08:21:59 ubuntu kernel: pci 0000:00:02.0: vgaarb: bridge control possible
Jul 08 08:21:59 ubuntu kernel: vgaarb: loaded
Jul 08 08:21:59 ubuntu kernel: ACPI: bus type USB registered
Jul 08 08:21:59 ubuntu kernel: usbcore: registered new interface driver usbfs
Jul 08 08:21:59 ubuntu kernel: usbcore: registered new interface driver hub
Jul 08 08:21:59 ubuntu kernel: usbcore: registered new device driver usb
Jul 08 08:21:59 ubuntu kernel: pps_core: LinuxPPS API ver. 1 registered
Jul 08 08:21:59 ubuntu kernel: pps_core: Software ver. 5.3.6 - Copyright 2005-2007 Rodolfo Giometti <giometti@linux.it>
Jul 08 08:21:59 ubuntu kernel: PTP clock support registered
Jul 08 08:21:59 ubuntu kernel: EDAC MC: Ver: 3.0.0
Jul 08 08:21:59 ubuntu kernel: PCI: Using ACPI for IRQ routing
Jul 08 08:21:59 ubuntu kernel: PCI: pci_cache_line_size set to 64 bytes
Jul 08 08:21:59 ubuntu kernel: e820: reserve RAM buffer [mem 0x0009fc00-0x0009ffff]
Jul 08 08:21:59 ubuntu kernel: e820: reserve RAM buffer [mem 0xdfffb000-0xdfffffff]
Jul 08 08:21:59 ubuntu kernel: NetLabel: Initializing
Jul 08 08:21:59 ubuntu kernel: NetLabel:  domain hash size = 128
Jul 08 08:21:59 ubuntu kernel: NetLabel:  protocols = UNLABELED CIPSOv4 CALIPSO
Jul 08 08:21:59 ubuntu kernel: NetLabel:  unlabeled traffic allowed by default
Jul 08 08:21:59 ubuntu kernel: hpet: 3 channels of 0 reserved for per-cpu timers
Jul 08 08:21:59 ubuntu kernel: hpet0: at MMIO 0xfed00000, IRQs 2, 8, 0
Jul 08 08:21:59 ubuntu kernel: hpet0: 3 comparators, 64-bit 100.000000 MHz counter
Jul 08 08:21:59 ubuntu kernel: clocksource: Switched to clocksource kvm-clock
Jul 08 08:21:59 ubuntu kernel: *** VALIDATE bpf ***
Jul 08 08:21:59 ubuntu kernel: VFS: Disk quotas dquot_6.6.0
Jul 08 08:21:59 ubuntu kernel: VFS: Dquot-cache hash table entries: 512 (order 0, 4096 bytes)
Jul 08 08:21:59 ubuntu kernel: *** VALIDATE ramfs ***
Jul 08 08:21:59 ubuntu kernel: *** VALIDATE hugetlbfs ***
Jul 08 08:21:59 ubuntu kernel: AppArmor: AppArmor Filesystem Enabled
Jul 08 08:21:59 ubuntu kernel: pnp: PnP ACPI init
Jul 08 08:21:59 ubuntu kernel: pnp 00:00: Plug and Play ACPI device, IDs PNP0b00 (active)
Jul 08 08:21:59 ubuntu kernel: pnp 00:01: Plug and Play ACPI device, IDs PNP0303 (active)
Jul 08 08:21:59 ubuntu kernel: pnp 00:02: Plug and Play ACPI device, IDs PNP0f13 (active)
Jul 08 08:21:59 ubuntu kernel: pnp 00:03: [dma 2]
Jul 08 08:21:59 ubuntu kernel: pnp 00:03: Plug and Play ACPI device, IDs PNP0700 (active)
Jul 08 08:21:59 ubuntu kernel: pnp 00:04: Plug and Play ACPI device, IDs PNP0501 (active)
Jul 08 08:21:59 ubuntu kernel: pnp: PnP ACPI: found 5 devices
Jul 08 08:21:59 ubuntu kernel: thermal_sys: Registered thermal governor 'fair_share'
Jul 08 08:21:59 ubuntu kernel: thermal_sys: Registered thermal governor 'bang_bang'
Jul 08 08:21:59 ubuntu kernel: thermal_sys: Registered thermal governor 'step_wise'
Jul 08 08:21:59 ubuntu kernel: thermal_sys: Registered thermal governor 'user_space'
Jul 08 08:21:59 ubuntu kernel: thermal_sys: Registered thermal governor 'power_allocator'
Jul 08 08:21:59 ubuntu kernel: clocksource: acpi_pm: mask: 0xffffff max_cycles: 0xffffff, max_idle_ns: 2085701024 ns
Jul 08 08:21:59 ubuntu kernel: pci_bus 0000:00: resource 4 [io  0x0000-0x0cf7 window]
Jul 08 08:21:59 ubuntu kernel: pci_bus 0000:00: resource 5 [io  0x0d00-0xffff window]
Jul 08 08:21:59 ubuntu kernel: pci_bus 0000:00: resource 6 [mem 0x000a0000-0x000bffff window]
Jul 08 08:21:59 ubuntu kernel: pci_bus 0000:00: resource 7 [mem 0xe0000000-0xfebfffff window]
Jul 08 08:21:59 ubuntu kernel: NET: Registered protocol family 2
Jul 08 08:21:59 ubuntu kernel: tcp_listen_portaddr_hash hash table entries: 4096 (order: 4, 65536 bytes, linear)
Jul 08 08:21:59 ubuntu kernel: TCP established hash table entries: 65536 (order: 7, 524288 bytes, linear)
Jul 08 08:21:59 ubuntu kernel: TCP bind hash table entries: 65536 (order: 8, 1048576 bytes, linear)
Jul 08 08:21:59 ubuntu kernel: TCP: Hash tables configured (established 65536 bind 65536)
Jul 08 08:21:59 ubuntu kernel: UDP hash table entries: 4096 (order: 5, 131072 bytes, linear)
Jul 08 08:21:59 ubuntu kernel: UDP-Lite hash table entries: 4096 (order: 5, 131072 bytes, linear)
Jul 08 08:21:59 ubuntu kernel: NET: Registered protocol family 1
Jul 08 08:21:59 ubuntu kernel: NET: Registered protocol family 44
Jul 08 08:21:59 ubuntu kernel: pci 0000:00:01.0: PIIX3: Enabling Passive Release
Jul 08 08:21:59 ubuntu kernel: pci 0000:00:00.0: Limiting direct PCI/PCI transfers
Jul 08 08:21:59 ubuntu kernel: pci 0000:00:01.0: Activating ISA DMA hang workarounds
Jul 08 08:21:59 ubuntu kernel: PCI Interrupt Link [LNKD] enabled at IRQ 11
Jul 08 08:21:59 ubuntu kernel: pci 0000:00:02.0: Video device with shadowed ROM at [mem 0x000c0000-0x000dffff]
Jul 08 08:21:59 ubuntu kernel: PCI: CLS 0 bytes, default 64
Jul 08 08:21:59 ubuntu kernel: Trying to unpack rootfs image as initramfs...
Jul 08 08:21:59 ubuntu kernel: Freeing initrd memory: 26724K
Jul 08 08:21:59 ubuntu kernel: PCI-DMA: Using software bounce buffering for IO (SWIOTLB)
Jul 08 08:21:59 ubuntu kernel: software IO TLB: mapped [mem 0xdbffb000-0xdfffb000] (64MB)
Jul 08 08:21:59 ubuntu kernel: clocksource: tsc: mask: 0xffffffffffffffff max_cycles: 0x21134f58f0d, max_idle_ns: 440795217993 ns
Jul 08 08:21:59 ubuntu kernel: check: Scanning for low memory corruption every 60 seconds
Jul 08 08:21:59 ubuntu kernel: Initialise system trusted keyrings
Jul 08 08:21:59 ubuntu kernel: Key type blacklist registered
Jul 08 08:21:59 ubuntu kernel: workingset: timestamp_bits=36 max_order=21 bucket_order=0
Jul 08 08:21:59 ubuntu kernel: zbud: loaded
Jul 08 08:21:59 ubuntu kernel: squashfs: version 4.0 (2009/01/31) Phillip Lougher
Jul 08 08:21:59 ubuntu kernel: fuse: init (API version 7.31)
Jul 08 08:21:59 ubuntu kernel: *** VALIDATE fuse ***
Jul 08 08:21:59 ubuntu kernel: *** VALIDATE fuse ***
Jul 08 08:21:59 ubuntu kernel: Platform Keyring initialized
Jul 08 08:21:59 ubuntu kernel: Key type asymmetric registered
Jul 08 08:21:59 ubuntu kernel: Asymmetric key parser 'x509' registered
Jul 08 08:21:59 ubuntu kernel: Block layer SCSI generic (bsg) driver version 0.4 loaded (major 244)
Jul 08 08:21:59 ubuntu kernel: io scheduler mq-deadline registered
Jul 08 08:21:59 ubuntu kernel: shpchp: Standard Hot Plug PCI Controller Driver version: 0.4
Jul 08 08:21:59 ubuntu kernel: intel_idle: Please enable MWAIT in BIOS SETUP
Jul 08 08:21:59 ubuntu kernel: input: Power Button as /devices/LNXSYSTM:00/LNXPWRBN:00/input/input0
Jul 08 08:21:59 ubuntu kernel: ACPI: Power Button [PWRF]
Jul 08 08:21:59 ubuntu kernel: PCI Interrupt Link [LNKC] enabled at IRQ 10
Jul 08 08:21:59 ubuntu kernel: virtio-pci 0000:00:03.0: virtio_pci: leaving for legacy driver
Jul 08 08:21:59 ubuntu kernel: virtio-pci 0000:00:04.0: virtio_pci: leaving for legacy driver
Jul 08 08:21:59 ubuntu kernel: PCI Interrupt Link [LNKA] enabled at IRQ 10
Jul 08 08:21:59 ubuntu kernel: virtio-pci 0000:00:05.0: virtio_pci: leaving for legacy driver
Jul 08 08:21:59 ubuntu kernel: PCI Interrupt Link [LNKB] enabled at IRQ 11
Jul 08 08:21:59 ubuntu kernel: virtio-pci 0000:00:06.0: virtio_pci: leaving for legacy driver
Jul 08 08:21:59 ubuntu kernel: virtio-pci 0000:00:07.0: virtio_pci: leaving for legacy driver
Jul 08 08:21:59 ubuntu kernel: Serial: 8250/16550 driver, 32 ports, IRQ sharing enabled
Jul 08 08:21:59 ubuntu kernel: 00:04: ttyS0 at I/O 0x3f8 (irq = 4, base_baud = 115200) is a 16550A
Jul 08 08:21:59 ubuntu kernel: Linux agpgart interface v0.103
Jul 08 08:21:59 ubuntu kernel: loop: module loaded
Jul 08 08:21:59 ubuntu kernel: ata_piix 0000:00:01.1: version 2.13
Jul 08 08:21:59 ubuntu kernel: scsi host0: ata_piix
Jul 08 08:21:59 ubuntu kernel: scsi host1: ata_piix
Jul 08 08:21:59 ubuntu kernel: ata1: PATA max MWDMA2 cmd 0x1f0 ctl 0x3f6 bmdma 0xc120 irq 14
Jul 08 08:21:59 ubuntu kernel: ata2: PATA max MWDMA2 cmd 0x170 ctl 0x376 bmdma 0xc128 irq 15
Jul 08 08:21:59 ubuntu kernel: libphy: Fixed MDIO Bus: probed
Jul 08 08:21:59 ubuntu kernel: tun: Universal TUN/TAP device driver, 1.6
Jul 08 08:21:59 ubuntu kernel: PPP generic driver version 2.4.2
Jul 08 08:21:59 ubuntu kernel: VFIO - User Level meta-driver version: 0.3
Jul 08 08:21:59 ubuntu kernel: ehci_hcd: USB 2.0 'Enhanced' Host Controller (EHCI) Driver
Jul 08 08:21:59 ubuntu kernel: ehci-pci: EHCI PCI platform driver
Jul 08 08:21:59 ubuntu kernel: ehci-platform: EHCI generic platform driver
Jul 08 08:21:59 ubuntu kernel: ohci_hcd: USB 1.1 'Open' Host Controller (OHCI) Driver
Jul 08 08:21:59 ubuntu kernel: ohci-pci: OHCI PCI platform driver
Jul 08 08:21:59 ubuntu kernel: ohci-platform: OHCI generic platform driver
Jul 08 08:21:59 ubuntu kernel: uhci_hcd: USB Universal Host Controller Interface driver
Jul 08 08:21:59 ubuntu kernel: uhci_hcd 0000:00:01.2: UHCI Host Controller
Jul 08 08:21:59 ubuntu kernel: uhci_hcd 0000:00:01.2: new USB bus registered, assigned bus number 1
Jul 08 08:21:59 ubuntu kernel: uhci_hcd 0000:00:01.2: detected 2 ports
Jul 08 08:21:59 ubuntu kernel: uhci_hcd 0000:00:01.2: irq 11, io base 0x0000c080
Jul 08 08:21:59 ubuntu kernel: usb usb1: New USB device found, idVendor=1d6b, idProduct=0001, bcdDevice= 5.04
Jul 08 08:21:59 ubuntu kernel: usb usb1: New USB device strings: Mfr=3, Product=2, SerialNumber=1
Jul 08 08:21:59 ubuntu kernel: usb usb1: Product: UHCI Host Controller
Jul 08 08:21:59 ubuntu kernel: usb usb1: Manufacturer: Linux 5.4.0-73-generic uhci_hcd
Jul 08 08:21:59 ubuntu kernel: usb usb1: SerialNumber: 0000:00:01.2
Jul 08 08:21:59 ubuntu kernel: hub 1-0:1.0: USB hub found
Jul 08 08:21:59 ubuntu kernel: hub 1-0:1.0: 2 ports detected
Jul 08 08:21:59 ubuntu kernel: i8042: PNP: PS/2 Controller [PNP0303:KBD,PNP0f13:MOU] at 0x60,0x64 irq 1,12
Jul 08 08:21:59 ubuntu kernel: serio: i8042 KBD port at 0x60,0x64 irq 1
Jul 08 08:21:59 ubuntu kernel: serio: i8042 AUX port at 0x60,0x64 irq 12
Jul 08 08:21:59 ubuntu kernel: mousedev: PS/2 mouse device common for all mice
Jul 08 08:21:59 ubuntu kernel: rtc_cmos 00:00: RTC can wake from S4
Jul 08 08:21:59 ubuntu kernel: input: AT Translated Set 2 keyboard as /devices/platform/i8042/serio0/input/input1
Jul 08 08:21:59 ubuntu kernel: rtc_cmos 00:00: registered as rtc0
Jul 08 08:21:59 ubuntu kernel: rtc_cmos 00:00: alarms up to one day, 114 bytes nvram, hpet irqs
Jul 08 08:21:59 ubuntu kernel: i2c /dev entries driver
Jul 08 08:21:59 ubuntu kernel: device-mapper: uevent: version 1.0.3
Jul 08 08:21:59 ubuntu kernel: device-mapper: ioctl: 4.41.0-ioctl (2019-09-16) initialised: dm-devel@redhat.com
Jul 08 08:21:59 ubuntu kernel: platform eisa.0: Probing EISA bus 0
Jul 08 08:21:59 ubuntu kernel: platform eisa.0: EISA: Cannot allocate resource for mainboard
Jul 08 08:21:59 ubuntu kernel: platform eisa.0: Cannot allocate resource for EISA slot 1
Jul 08 08:21:59 ubuntu kernel: platform eisa.0: Cannot allocate resource for EISA slot 2
Jul 08 08:21:59 ubuntu kernel: platform eisa.0: Cannot allocate resource for EISA slot 3
Jul 08 08:21:59 ubuntu kernel: platform eisa.0: Cannot allocate resource for EISA slot 4
Jul 08 08:21:59 ubuntu kernel: platform eisa.0: Cannot allocate resource for EISA slot 5
Jul 08 08:21:59 ubuntu kernel: platform eisa.0: Cannot allocate resource for EISA slot 6
Jul 08 08:21:59 ubuntu kernel: platform eisa.0: Cannot allocate resource for EISA slot 7
Jul 08 08:21:59 ubuntu kernel: platform eisa.0: Cannot allocate resource for EISA slot 8
Jul 08 08:21:59 ubuntu kernel: platform eisa.0: EISA: Detected 0 cards
Jul 08 08:21:59 ubuntu kernel: intel_pstate: CPU model not supported
Jul 08 08:21:59 ubuntu kernel: ledtrig-cpu: registered to indicate activity on CPUs
Jul 08 08:21:59 ubuntu kernel: drop_monitor: Initializing network drop monitor service
Jul 08 08:21:59 ubuntu kernel: NET: Registered protocol family 10
Jul 08 08:21:59 ubuntu kernel: Segment Routing with IPv6
Jul 08 08:21:59 ubuntu kernel: NET: Registered protocol family 17
Jul 08 08:21:59 ubuntu kernel: Key type dns_resolver registered
Jul 08 08:21:59 ubuntu kernel: RAS: Correctable Errors collector initialized.
Jul 08 08:21:59 ubuntu kernel: IPI shorthand broadcast: enabled
Jul 08 08:21:59 ubuntu kernel: sched_clock: Marking stable (1048119546, 247905516)->(1368415019, -72389957)
Jul 08 08:21:59 ubuntu kernel: registered taskstats version 1
Jul 08 08:21:59 ubuntu kernel: Loading compiled-in X.509 certificates
Jul 08 08:21:59 ubuntu kernel: Loaded X.509 cert 'Build time autogenerated kernel key: 514fdcf1b3e83a75fa120b4c37fbaecef65ad977'
Jul 08 08:21:59 ubuntu kernel: Loaded X.509 cert 'Canonical Ltd. Live Patch Signing: 14df34d1a87cf37625abec039ef2bf521249b969'
Jul 08 08:21:59 ubuntu kernel: Loaded X.509 cert 'Canonical Ltd. Kernel Module Signing: 88f752e560a1e0737e31163a466ad7b70a850c19'
Jul 08 08:21:59 ubuntu kernel: zswap: loaded using pool lzo/zbud
Jul 08 08:21:59 ubuntu kernel: Key type ._fscrypt registered
Jul 08 08:21:59 ubuntu kernel: Key type .fscrypt registered
Jul 08 08:21:59 ubuntu kernel: Key type big_key registered
Jul 08 08:21:59 ubuntu kernel: Key type encrypted registered
Jul 08 08:21:59 ubuntu kernel: AppArmor: AppArmor sha1 policy hashing enabled
Jul 08 08:21:59 ubuntu kernel: ima: No TPM chip found, activating TPM-bypass!
Jul 08 08:21:59 ubuntu kernel: ima: Allocated hash algorithm: sha1
Jul 08 08:21:59 ubuntu kernel: ima: No architecture policies found
Jul 08 08:21:59 ubuntu kernel: evm: Initialising EVM extended attributes:
Jul 08 08:21:59 ubuntu kernel: evm: security.selinux
Jul 08 08:21:59 ubuntu kernel: evm: security.SMACK64
Jul 08 08:21:59 ubuntu kernel: evm: security.SMACK64EXEC
Jul 08 08:21:59 ubuntu kernel: evm: security.SMACK64TRANSMUTE
Jul 08 08:21:59 ubuntu kernel: evm: security.SMACK64MMAP
Jul 08 08:21:59 ubuntu kernel: evm: security.apparmor
Jul 08 08:21:59 ubuntu kernel: evm: security.ima
Jul 08 08:21:59 ubuntu kernel: evm: security.capability
Jul 08 08:21:59 ubuntu kernel: evm: HMAC attrs: 0x1
Jul 08 08:21:59 ubuntu kernel: PM:   Magic number: 13:276:371
Jul 08 08:21:59 ubuntu kernel: rtc_cmos 00:00: setting system clock to 2021-07-08T08:21:56 UTC (1625732516)
Jul 08 08:21:59 ubuntu kernel: Freeing unused decrypted memory: 2040K
Jul 08 08:21:59 ubuntu kernel: Freeing unused kernel image memory: 2732K
Jul 08 08:21:59 ubuntu kernel: Write protecting the kernel read-only data: 22528k
Jul 08 08:21:59 ubuntu kernel: Freeing unused kernel image memory: 2008K
Jul 08 08:21:59 ubuntu kernel: Freeing unused kernel image memory: 1136K
Jul 08 08:21:59 ubuntu kernel: x86/mm: Checked W+X mappings: passed, no W+X pages found.
Jul 08 08:21:59 ubuntu kernel: x86/mm: Checking user space page tables
Jul 08 08:21:59 ubuntu kernel: x86/mm: Checked W+X mappings: passed, no W+X pages found.
Jul 08 08:21:59 ubuntu kernel: Run /init as init process
Jul 08 08:21:59 ubuntu kernel: input: VirtualPS/2 VMware VMMouse as /devices/platform/i8042/serio1/input/input4
Jul 08 08:21:59 ubuntu kernel: virtio_blk virtio3: [vda] 335544320 512-byte logical blocks (172 GB/160 GiB)
Jul 08 08:21:59 ubuntu kernel: input: VirtualPS/2 VMware VMMouse as /devices/platform/i8042/serio1/input/input3
Jul 08 08:21:59 ubuntu kernel: scsi host2: Virtio SCSI HBA
Jul 08 08:21:59 ubuntu kernel: FDC 0 is a S82078B
Jul 08 08:21:59 ubuntu kernel: cryptd: max_cpu_qlen set to 1000
Jul 08 08:21:59 ubuntu kernel: AVX2 version of gcm_enc/dec engaged.
Jul 08 08:21:59 ubuntu kernel: AES CTR mode by8 optimization enabled
Jul 08 08:21:59 ubuntu kernel: GPT:Primary header thinks Alt. header is not at the end of the disk.
Jul 08 08:21:59 ubuntu kernel: GPT:4612095 != 335544319
Jul 08 08:21:59 ubuntu kernel: GPT:Alternate GPT header not at the end of the disk.
Jul 08 08:21:59 ubuntu kernel: GPT:4612095 != 335544319
Jul 08 08:21:59 ubuntu kernel: GPT: Use GNU Parted to correct GPT errors.
Jul 08 08:21:59 ubuntu kernel:  vda: vda1 vda14 vda15
Jul 08 08:21:59 ubuntu kernel: virtio_net virtio1 ens4: renamed from eth1
Jul 08 08:21:59 ubuntu kernel: virtio_net virtio0 ens3: renamed from eth0
Jul 08 08:21:59 ubuntu kernel: raid6: avx2x4   gen() 26779 MB/s
Jul 08 08:21:59 ubuntu kernel: raid6: avx2x4   xor() 13047 MB/s
Jul 08 08:21:59 ubuntu kernel: raid6: avx2x2   gen() 24507 MB/s
Jul 08 08:21:59 ubuntu kernel: raid6: avx2x2   xor() 15669 MB/s
Jul 08 08:21:59 ubuntu kernel: raid6: avx2x1   gen() 18276 MB/s
Jul 08 08:21:59 ubuntu kernel: raid6: avx2x1   xor() 14084 MB/s
Jul 08 08:21:59 ubuntu kernel: raid6: sse2x4   gen() 10775 MB/s
Jul 08 08:21:59 ubuntu kernel: raid6: sse2x4   xor()  7142 MB/s
Jul 08 08:21:59 ubuntu kernel: raid6: sse2x2   gen() 10024 MB/s
Jul 08 08:21:59 ubuntu kernel: raid6: sse2x2   xor()  6831 MB/s
Jul 08 08:21:59 ubuntu kernel: raid6: sse2x1   gen()  8607 MB/s
Jul 08 08:21:59 ubuntu kernel: raid6: sse2x1   xor()  5363 MB/s
Jul 08 08:21:59 ubuntu kernel: raid6: using algorithm avx2x4 gen() 26779 MB/s
Jul 08 08:21:59 ubuntu kernel: raid6: .... xor() 13047 MB/s, rmw enabled
Jul 08 08:21:59 ubuntu kernel: raid6: using avx2x2 recovery algorithm
Jul 08 08:21:59 ubuntu kernel: xor: automatically using best checksumming function   avx       
Jul 08 08:21:59 ubuntu kernel: async_tx: api initialized (async)
Jul 08 08:21:59 ubuntu kernel: Btrfs loaded, crc32c=crc32c-intel
Jul 08 08:21:59 ubuntu kernel: EXT4-fs (vda1): mounted filesystem with ordered data mode. Opts: (null)
Jul 08 08:21:59 ubuntu systemd[1]: Inserted module 'autofs4'
Jul 08 08:21:59 ubuntu systemd[1]: systemd 245.4-4ubuntu3.6 running in system mode. (+PAM +AUDIT +SELINUX +IMA +APPARMOR +SMACK +SYSVINIT +UTMP +LIBCRYPTSETUP +GCRYPT +GNUTLS +ACL +XZ +LZ4 +SECCOMP +BLKID +ELFUTILS +KMOD +IDN2 -IDN +PCRE2 default-hierarchy=hybrid)
Jul 08 08:21:59 ubuntu systemd[1]: Detected virtualization kvm.
Jul 08 08:21:59 ubuntu systemd[1]: Detected architecture x86-64.
Jul 08 08:21:59 ubuntu systemd[1]: Set hostname to <ubuntu>.
Jul 08 08:21:59 ubuntu systemd[1]: Initializing machine ID from KVM UUID.
Jul 08 08:21:59 ubuntu systemd[1]: Installed transient /etc/machine-id file.
Jul 08 08:21:59 ubuntu systemd[1]: Created slice system-modprobe.slice.
Jul 08 08:21:59 ubuntu systemd[1]: Created slice system-serial\x2dgetty.slice.
Jul 08 08:21:59 ubuntu systemd[1]: Created slice system-systemd\x2dfsck.slice.
Jul 08 08:21:59 ubuntu systemd[1]: Created slice User and Session Slice.
Jul 08 08:21:59 ubuntu systemd[1]: Started Forward Password Requests to Wall Directory Watch.
Jul 08 08:21:59 ubuntu systemd[1]: Set up automount Arbitrary Executable File Formats File System Automount Point.
Jul 08 08:21:59 ubuntu systemd[1]: Reached target User and Group Name Lookups.
Jul 08 08:21:59 ubuntu systemd[1]: Reached target Slices.
Jul 08 08:21:59 ubuntu systemd[1]: Reached target Swap.
Jul 08 08:21:59 ubuntu systemd[1]: Listening on Device-mapper event daemon FIFOs.
Jul 08 08:21:59 ubuntu systemd[1]: Listening on LVM2 poll daemon socket.
Jul 08 08:21:59 ubuntu systemd[1]: Listening on multipathd control socket.
Jul 08 08:21:59 ubuntu systemd[1]: Listening on Syslog Socket.
Jul 08 08:21:59 ubuntu systemd[1]: Listening on fsck to fsckd communication Socket.
Jul 08 08:21:59 ubuntu systemd[1]: Listening on initctl Compatibility Named Pipe.
Jul 08 08:21:59 ubuntu systemd[1]: Listening on Journal Audit Socket.
Jul 08 08:21:59 ubuntu systemd[1]: Listening on Journal Socket (/dev/log).
Jul 08 08:21:59 ubuntu systemd[1]: Listening on Journal Socket.
Jul 08 08:21:59 ubuntu systemd[1]: Listening on Network Service Netlink Socket.
Jul 08 08:21:59 ubuntu systemd[1]: Listening on udev Control Socket.
Jul 08 08:21:59 ubuntu systemd[1]: Listening on udev Kernel Socket.
Jul 08 08:21:59 ubuntu systemd[1]: Mounting Huge Pages File System...
Jul 08 08:21:59 ubuntu systemd[1]: Mounting POSIX Message Queue File System...
Jul 08 08:21:59 ubuntu systemd[1]: Mounting Kernel Debug File System...
Jul 08 08:21:59 ubuntu systemd[1]: Mounting Kernel Trace File System...
Jul 08 08:21:59 ubuntu systemd[1]: Starting Journal Service...
Jul 08 08:21:59 ubuntu systemd[1]: Starting Set the console keyboard layout...
Jul 08 08:21:59 ubuntu systemd[1]: Starting Create list of static device nodes for the current kernel...
Jul 08 08:21:59 ubuntu systemd[1]: Starting Monitoring of LVM2 mirrors, snapshots etc. using dmeventd or progress polling...
Jul 08 08:21:59 ubuntu systemd[1]: Starting Load Kernel Module drm...
Jul 08 08:21:59 ubuntu systemd[1]: Condition check resulted in OpenVSwitch configuration for cleanup being skipped.
Jul 08 08:21:59 ubuntu systemd[1]: Condition check resulted in Set Up Additional Binary Formats being skipped.
Jul 08 08:21:59 ubuntu systemd[1]: Starting File System Check on Root Device...
Jul 08 08:21:59 ubuntu systemd[1]: Starting Load Kernel Modules...
Jul 08 08:21:59 ubuntu systemd[1]: Starting udev Coldplug all Devices...
Jul 08 08:21:59 ubuntu systemd[1]: Starting Uncomplicated firewall...
Jul 08 08:21:59 ubuntu systemd[1]: Mounted Huge Pages File System.
Jul 08 08:21:59 ubuntu systemd[1]: Mounted POSIX Message Queue File System.
Jul 08 08:21:59 ubuntu systemd[1]: Mounted Kernel Debug File System.
Jul 08 08:21:59 ubuntu systemd[1]: Mounted Kernel Trace File System.
Jul 08 08:21:59 ubuntu systemd-journald[372]: Journal started
Jul 08 08:21:59 ubuntu systemd-journald[372]: Runtime Journal (/run/log/journal/6cf3b415bf9a4561abe4c6f72b6ad7f4) is 8.0M, max 79.6M, 71.6M free.
Jul 08 08:21:59 ubuntu systemd-fsck[386]: cloudimg-rootfs: clean, 72354/274176 files, 395570/548091 blocks
Jul 08 08:21:59 ubuntu systemd[1]: Started Journal Service.
Jul 08 08:21:59 ubuntu systemd[1]: Finished Create list of static device nodes for the current kernel.
Jul 08 08:21:59 ubuntu systemd[1]: modprobe@drm.service: Succeeded.
Jul 08 08:21:59 ubuntu systemd[1]: Finished Load Kernel Module drm.
Jul 08 08:21:59 ubuntu systemd[1]: Finished File System Check on Root Device.
Jul 08 08:21:59 ubuntu systemd[1]: Finished Monitoring of LVM2 mirrors, snapshots etc. using dmeventd or progress polling.
Jul 08 08:21:59 ubuntu systemd[1]: Finished Load Kernel Modules.
Jul 08 08:21:59 ubuntu systemd[1]: Finished Uncomplicated firewall.
Jul 08 08:21:59 ubuntu systemd[1]: Mounting FUSE Control File System...
Jul 08 08:21:59 ubuntu systemd[1]: Mounting Kernel Configuration File System...
Jul 08 08:21:59 ubuntu systemd[1]: Started File System Check Daemon to report status.
Jul 08 08:21:59 ubuntu systemd[1]: Starting Remount Root and Kernel File Systems...
Jul 08 08:21:59 ubuntu systemd[1]: Starting Apply Kernel Variables...
Jul 08 08:21:59 ubuntu systemd[1]: Finished Set the console keyboard layout.
Jul 08 08:21:59 ubuntu systemd[1]: Mounted FUSE Control File System.
Jul 08 08:21:59 ubuntu kernel: EXT4-fs (vda1): re-mounted. Opts: (null)
Jul 08 08:21:59 ubuntu systemd[1]: Mounted Kernel Configuration File System.
Jul 08 08:21:59 ubuntu systemd[1]: Finished Remount Root and Kernel File Systems.
Jul 08 08:21:59 ubuntu systemd[1]: Condition check resulted in Rebuild Hardware Database being skipped.
Jul 08 08:21:59 ubuntu systemd-sysctl[393]: Not setting net/ipv4/conf/all/promote_secondaries (explicit setting exists).
Jul 08 08:21:59 ubuntu systemd-sysctl[393]: Not setting net/ipv4/conf/default/promote_secondaries (explicit setting exists).
Jul 08 08:21:59 ubuntu systemd[1]: Starting Flush Journal to Persistent Storage...
Jul 08 08:21:59 ubuntu systemd[1]: Condition check resulted in Platform Persistent Storage Archival being skipped.
Jul 08 08:21:59 ubuntu systemd[1]: Starting Load/Save Random Seed...
Jul 08 08:21:59 ubuntu systemd[1]: Starting Create System Users...
Jul 08 08:21:59 ubuntu systemd-journald[372]: Time spent on flushing to /var/log/journal/6cf3b415bf9a4561abe4c6f72b6ad7f4 is 4.186ms for 619 entries.
Jul 08 08:21:59 ubuntu systemd-journald[372]: System Journal (/var/log/journal/6cf3b415bf9a4561abe4c6f72b6ad7f4) is 8.0M, max 200.9M, 192.9M free.
Jul 08 08:21:59 ubuntu systemd[1]: Finished Apply Kernel Variables.
Jul 08 08:21:59 ubuntu systemd[1]: Finished udev Coldplug all Devices.
Jul 08 08:21:59 ubuntu systemd[1]: Starting udev Wait for Complete Device Initialization...
Jul 08 08:21:59 ubuntu systemd[1]: Finished Load/Save Random Seed.
Jul 08 08:21:59 ubuntu systemd-sysusers[398]: Creating group systemd-coredump with gid 999.
Jul 08 08:21:59 ubuntu systemd-sysusers[398]: Creating user systemd-coredump (systemd Core Dumper) with uid 999 and gid 999.
Jul 08 08:21:59 ubuntu systemd[1]: Finished Flush Journal to Persistent Storage.
Jul 08 08:21:59 ubuntu systemd[1]: Finished Create System Users.
Jul 08 08:21:59 ubuntu systemd[1]: Starting Create Static Device Nodes in /dev...
Jul 08 08:21:59 ubuntu systemd[1]: Finished Create Static Device Nodes in /dev.
Jul 08 08:21:59 ubuntu systemd[1]: Starting udev Kernel Device Manager...
Jul 08 08:21:59 ubuntu systemd[1]: Started udev Kernel Device Manager.
Jul 08 08:21:59 ubuntu systemd[1]: Condition check resulted in Show Plymouth Boot Screen being skipped.
Jul 08 08:21:59 ubuntu systemd[1]: Started Dispatch Password Requests to Console Directory Watch.
Jul 08 08:21:59 ubuntu systemd[1]: Condition check resulted in Forward Password Requests to Plymouth Directory Watch being skipped.
Jul 08 08:21:59 ubuntu systemd[1]: Reached target Local Encrypted Volumes.
Jul 08 08:21:59 ubuntu systemd-udevd[410]: Using default interface naming scheme 'v245'.
Jul 08 08:21:59 ubuntu systemd-udevd[409]: Using default interface naming scheme 'v245'.
Jul 08 08:21:59 ubuntu systemd-udevd[410]: ethtool: autonegotiation is unset or enabled, the speed and duplex are not writable.
Jul 08 08:21:59 ubuntu systemd-udevd[409]: ethtool: autonegotiation is unset or enabled, the speed and duplex are not writable.
Jul 08 08:21:59 ubuntu systemd[1]: Found device /dev/ttyS0.
Jul 08 08:21:59 ubuntu systemd[1]: Listening on Load/Save RF Kill Switch Status /dev/rfkill Watch.
Jul 08 08:21:59 ubuntu systemd-udevd[410]: ethtool: autonegotiation is unset or enabled, the speed and duplex are not writable.
Jul 08 08:21:59 ubuntu udevadm[399]: systemd-udev-settle.service is deprecated.
Jul 08 08:21:59 ubuntu systemd[1]: Found device /dev/disk/by-label/UEFI.
Jul 08 08:21:59 ubuntu systemd[1]: Finished udev Wait for Complete Device Initialization.
Jul 08 08:21:59 ubuntu systemd[1]: Starting Device-Mapper Multipath Device Controller...
Jul 08 08:21:59 ubuntu kernel: alua: device handler registered
Jul 08 08:21:59 ubuntu kernel: emc: device handler registered
Jul 08 08:21:59 ubuntu kernel: rdac: device handler registered
Jul 08 08:21:59 ubuntu multipathd[493]: --------start up--------
Jul 08 08:21:59 ubuntu multipathd[493]: read /etc/multipath.conf
Jul 08 08:21:59 ubuntu multipathd[493]: path checkers start up
Jul 08 08:21:59 ubuntu systemd[1]: Started Device-Mapper Multipath Device Controller.
Jul 08 08:21:59 ubuntu systemd[1]: Reached target Local File Systems (Pre).
Jul 08 08:21:59 ubuntu systemd[1]: Mounting Mount unit for core18, revision 2066...
Jul 08 08:21:59 ubuntu systemd[1]: Mounting Mount unit for lxd, revision 20326...
Jul 08 08:21:59 ubuntu systemd[1]: Mounting Mount unit for snapd, revision 11841...
Jul 08 08:21:59 ubuntu systemd[1]: Starting File System Check on /dev/disk/by-label/UEFI...
Jul 08 08:21:59 ubuntu systemd-fsck[507]: fsck.fat 4.1 (2017-01-24)
Jul 08 08:21:59 ubuntu systemd-fsck[507]: /dev/vda15: 12 files, 15983/213716 clusters
Jul 08 08:21:59 ubuntu systemd[1]: Finished File System Check on /dev/disk/by-label/UEFI.
Jul 08 08:21:59 ubuntu systemd[1]: Mounting /boot/efi...
Jul 08 08:21:59 ubuntu systemd[1]: Mounted /boot/efi.
Jul 08 08:21:59 ubuntu systemd[1]: Mounted Mount unit for lxd, revision 20326.
Jul 08 08:22:00 ubuntu systemd[1]: Mounted Mount unit for core18, revision 2066.
Jul 08 08:22:00 ubuntu systemd[1]: Mounted Mount unit for snapd, revision 11841.
Jul 08 08:22:00 ubuntu systemd[1]: Reached target Local File Systems.
Jul 08 08:22:00 ubuntu systemd[1]: Starting Load AppArmor profiles...
Jul 08 08:22:00 ubuntu systemd[1]: Starting Set console font and keymap...
Jul 08 08:22:00 ubuntu systemd[1]: Starting Create final runtime dir for shutdown pivot root...
Jul 08 08:22:00 ubuntu systemd[1]: Condition check resulted in LXD - agent - 9p mount being skipped.
Jul 08 08:22:00 ubuntu systemd[1]: Condition check resulted in LXD - agent being skipped.
Jul 08 08:22:00 ubuntu systemd[1]: Starting Tell Plymouth To Write Out Runtime Data...
Jul 08 08:22:00 ubuntu apparmor.systemd[513]: Restarting AppArmor
Jul 08 08:22:00 ubuntu apparmor.systemd[513]: Reloading AppArmor profiles
Jul 08 08:22:00 ubuntu systemd[1]: Condition check resulted in Store a System Token in an EFI Variable being skipped.
Jul 08 08:22:00 ubuntu systemd[1]: Starting Commit a transient machine-id on disk...
Jul 08 08:22:00 ubuntu systemd[1]: Starting Create Volatile Files and Directories...
Jul 08 08:22:00 ubuntu systemd[1]: Finished Set console font and keymap.
Jul 08 08:22:00 ubuntu systemd[1]: Finished Create final runtime dir for shutdown pivot root.
Jul 08 08:22:00 ubuntu systemd[1]: plymouth-read-write.service: Succeeded.
Jul 08 08:22:00 ubuntu systemd[1]: Finished Tell Plymouth To Write Out Runtime Data.
Jul 08 08:22:00 ubuntu systemd[1]: etc-machine\x2did.mount: Succeeded.
Jul 08 08:22:00 ubuntu systemd[1]: Finished Commit a transient machine-id on disk.
Jul 08 08:22:00 ubuntu systemd[1]: Finished Create Volatile Files and Directories.
Jul 08 08:22:00 ubuntu systemd[1]: Starting Network Time Synchronization...
Jul 08 08:22:00 ubuntu systemd[1]: Starting Update UTMP about System Boot/Shutdown...
Jul 08 08:22:00 ubuntu systemd[1]: Finished Update UTMP about System Boot/Shutdown.
Jul 08 08:22:00 ubuntu systemd[1]: Started Network Time Synchronization.
Jul 08 08:22:00 ubuntu systemd[1]: Reached target System Time Set.
Jul 08 08:22:00 ubuntu systemd[1]: Reached target System Time Synchronized.
Jul 08 08:22:00 ubuntu audit[528]: AVC apparmor="STATUS" operation="profile_load" profile="unconfined" name="lsb_release" pid=528 comm="apparmor_parser"
Jul 08 08:22:00 ubuntu audit[530]: AVC apparmor="STATUS" operation="profile_load" profile="unconfined" name="nvidia_modprobe" pid=530 comm="apparmor_parser"
Jul 08 08:22:00 ubuntu audit[530]: AVC apparmor="STATUS" operation="profile_load" profile="unconfined" name="nvidia_modprobe//kmod" pid=530 comm="apparmor_parser"
Jul 08 08:22:00 ubuntu kernel: audit: type=1400 audit(1625732520.124:2): apparmor="STATUS" operation="profile_load" profile="unconfined" name="lsb_release" pid=528 comm="apparmor_parser"
Jul 08 08:22:00 ubuntu kernel: audit: type=1400 audit(1625732520.124:3): apparmor="STATUS" operation="profile_load" profile="unconfined" name="nvidia_modprobe" pid=530 comm="apparmor_parser"
Jul 08 08:22:00 ubuntu kernel: audit: type=1400 audit(1625732520.124:4): apparmor="STATUS" operation="profile_load" profile="unconfined" name="nvidia_modprobe//kmod" pid=530 comm="apparmor_parser"
Jul 08 08:22:00 ubuntu audit[529]: AVC apparmor="STATUS" operation="profile_load" profile="unconfined" name="/usr/sbin/tcpdump" pid=529 comm="apparmor_parser"
Jul 08 08:22:00 ubuntu audit[535]: AVC apparmor="STATUS" operation="profile_load" profile="unconfined" name="/usr/bin/man" pid=535 comm="apparmor_parser"
Jul 08 08:22:00 ubuntu audit[535]: AVC apparmor="STATUS" operation="profile_load" profile="unconfined" name="man_filter" pid=535 comm="apparmor_parser"
Jul 08 08:22:00 ubuntu apparmor.systemd[537]: Skipping profile in /etc/apparmor.d/disable: usr.sbin.rsyslogd
Jul 08 08:22:00 ubuntu kernel: audit: type=1400 audit(1625732520.200:5): apparmor="STATUS" operation="profile_load" profile="unconfined" name="/usr/sbin/tcpdump" pid=529 comm="apparmor_parser"
Jul 08 08:22:00 ubuntu kernel: audit: type=1400 audit(1625732520.200:6): apparmor="STATUS" operation="profile_load" profile="unconfined" name="/usr/bin/man" pid=535 comm="apparmor_parser"
Jul 08 08:22:00 ubuntu kernel: audit: type=1400 audit(1625732520.200:7): apparmor="STATUS" operation="profile_load" profile="unconfined" name="man_filter" pid=535 comm="apparmor_parser"
Jul 08 08:22:00 ubuntu audit[535]: AVC apparmor="STATUS" operation="profile_load" profile="unconfined" name="man_groff" pid=535 comm="apparmor_parser"
Jul 08 08:22:00 ubuntu kernel: audit: type=1400 audit(1625732520.204:8): apparmor="STATUS" operation="profile_load" profile="unconfined" name="man_groff" pid=535 comm="apparmor_parser"
Jul 08 08:22:00 ubuntu audit[536]: AVC apparmor="STATUS" operation="profile_load" profile="unconfined" name="/usr/lib/NetworkManager/nm-dhcp-client.action" pid=536 comm="apparmor_parser"
Jul 08 08:22:00 ubuntu audit[536]: AVC apparmor="STATUS" operation="profile_load" profile="unconfined" name="/usr/lib/NetworkManager/nm-dhcp-helper" pid=536 comm="apparmor_parser"
Jul 08 08:22:00 ubuntu audit[536]: AVC apparmor="STATUS" operation="profile_load" profile="unconfined" name="/usr/lib/connman/scripts/dhclient-script" pid=536 comm="apparmor_parser"
Jul 08 08:22:00 ubuntu audit[536]: AVC apparmor="STATUS" operation="profile_load" profile="unconfined" name="/{,usr/}sbin/dhclient" pid=536 comm="apparmor_parser"
Jul 08 08:22:00 ubuntu kernel: audit: type=1400 audit(1625732520.292:9): apparmor="STATUS" operation="profile_load" profile="unconfined" name="/usr/lib/NetworkManager/nm-dhcp-client.action" pid=536 comm="apparmor_parser"
Jul 08 08:22:00 ubuntu kernel: audit: type=1400 audit(1625732520.292:10): apparmor="STATUS" operation="profile_load" profile="unconfined" name="/usr/lib/NetworkManager/nm-dhcp-helper" pid=536 comm="apparmor_parser"
Jul 08 08:22:00 ubuntu audit[531]: AVC apparmor="STATUS" operation="profile_load" profile="unconfined" name="/usr/lib/snapd/snap-confine" pid=531 comm="apparmor_parser"
Jul 08 08:22:00 ubuntu audit[531]: AVC apparmor="STATUS" operation="profile_load" profile="unconfined" name="/usr/lib/snapd/snap-confine//mount-namespace-capture-helper" pid=531 comm="apparmor_parser"
Jul 08 08:22:00 ubuntu systemd[1]: Finished Load AppArmor profiles.
Jul 08 08:22:00 ubuntu systemd[1]: Starting Load AppArmor profiles managed internally by snapd...
Jul 08 08:22:00 ubuntu systemd[1]: Condition check resulted in Authentication service for virtual machines hosted on VMware being skipped.
Jul 08 08:22:00 ubuntu systemd[1]: Condition check resulted in Service for virtual machines hosted on VMware being skipped.
Jul 08 08:22:00 ubuntu systemd[1]: Starting Initial cloud-init job (pre-networking)...
Jul 08 08:22:00 ubuntu audit[549]: AVC apparmor="STATUS" operation="profile_load" profile="unconfined" name="snap-update-ns.lxd" pid=549 comm="apparmor_parser"
Jul 08 08:22:00 ubuntu audit[550]: AVC apparmor="STATUS" operation="profile_load" profile="unconfined" name="snap.lxd.activate" pid=550 comm="apparmor_parser"
Jul 08 08:22:00 ubuntu audit[551]: AVC apparmor="STATUS" operation="profile_load" profile="unconfined" name="snap.lxd.benchmark" pid=551 comm="apparmor_parser"
Jul 08 08:22:00 ubuntu audit[552]: AVC apparmor="STATUS" operation="profile_load" profile="unconfined" name="snap.lxd.buginfo" pid=552 comm="apparmor_parser"
Jul 08 08:22:00 ubuntu audit[553]: AVC apparmor="STATUS" operation="profile_load" profile="unconfined" name="snap.lxd.check-kernel" pid=553 comm="apparmor_parser"
Jul 08 08:22:00 ubuntu audit[556]: AVC apparmor="STATUS" operation="profile_load" profile="unconfined" name="snap.lxd.hook.install" pid=556 comm="apparmor_parser"
Jul 08 08:22:00 ubuntu audit[554]: AVC apparmor="STATUS" operation="profile_load" profile="unconfined" name="snap.lxd.daemon" pid=554 comm="apparmor_parser"
Jul 08 08:22:00 ubuntu audit[557]: AVC apparmor="STATUS" operation="profile_load" profile="unconfined" name="snap.lxd.hook.remove" pid=557 comm="apparmor_parser"
Jul 08 08:22:00 ubuntu audit[555]: AVC apparmor="STATUS" operation="profile_load" profile="unconfined" name="snap.lxd.hook.configure" pid=555 comm="apparmor_parser"
Jul 08 08:22:00 ubuntu kernel: kauditd_printk_skb: 11 callbacks suppressed
Jul 08 08:22:00 ubuntu kernel: audit: type=1400 audit(1625732520.780:22): apparmor="STATUS" operation="profile_load" profile="unconfined" name="snap.lxd.hook.remove" pid=557 comm="apparmor_parser"
Jul 08 08:22:00 ubuntu kernel: audit: type=1400 audit(1625732520.780:23): apparmor="STATUS" operation="profile_load" profile="unconfined" name="snap.lxd.hook.configure" pid=555 comm="apparmor_parser"
Jul 08 08:22:00 ubuntu audit[548]: AVC apparmor="STATUS" operation="profile_load" profile="unconfined" name="/snap/snapd/11841/usr/lib/snapd/snap-confine" pid=548 comm="apparmor_parser"
Jul 08 08:22:00 ubuntu audit[548]: AVC apparmor="STATUS" operation="profile_load" profile="unconfined" name="/snap/snapd/11841/usr/lib/snapd/snap-confine//mount-namespace-capture-helper" pid=548 comm="apparmor_parser"
Jul 08 08:22:00 ubuntu kernel: audit: type=1400 audit(1625732520.788:24): apparmor="STATUS" operation="profile_load" profile="unconfined" name="/snap/snapd/11841/usr/lib/snapd/snap-confine" pid=548 comm="apparmor_parser"
Jul 08 08:22:00 ubuntu kernel: audit: type=1400 audit(1625732520.788:25): apparmor="STATUS" operation="profile_load" profile="unconfined" name="/snap/snapd/11841/usr/lib/snapd/snap-confine//mount-namespace-capture-helper" pid=548 comm="apparmor_parser"
Jul 08 08:22:00 ubuntu audit[560]: AVC apparmor="STATUS" operation="profile_load" profile="unconfined" name="snap.lxd.lxd" pid=560 comm="apparmor_parser"
Jul 08 08:22:00 ubuntu kernel: audit: type=1400 audit(1625732520.880:26): apparmor="STATUS" operation="profile_load" profile="unconfined" name="snap.lxd.lxd" pid=560 comm="apparmor_parser"
Jul 08 08:22:00 ubuntu audit[559]: AVC apparmor="STATUS" operation="profile_load" profile="unconfined" name="snap.lxd.lxc-to-lxd" pid=559 comm="apparmor_parser"
Jul 08 08:22:00 ubuntu kernel: audit: type=1400 audit(1625732520.884:27): apparmor="STATUS" operation="profile_load" profile="unconfined" name="snap.lxd.lxc-to-lxd" pid=559 comm="apparmor_parser"
Jul 08 08:22:00 ubuntu audit[561]: AVC apparmor="STATUS" operation="profile_load" profile="unconfined" name="snap.lxd.migrate" pid=561 comm="apparmor_parser"
Jul 08 08:22:00 ubuntu kernel: audit: type=1400 audit(1625732520.892:28): apparmor="STATUS" operation="profile_load" profile="unconfined" name="snap.lxd.migrate" pid=561 comm="apparmor_parser"
Jul 08 08:22:00 ubuntu audit[558]: AVC apparmor="STATUS" operation="profile_load" profile="unconfined" name="snap.lxd.lxc" pid=558 comm="apparmor_parser"
Jul 08 08:22:00 ubuntu systemd[1]: Finished Load AppArmor profiles managed internally by snapd.
Jul 08 08:22:00 ubuntu kernel: audit: type=1400 audit(1625732520.920:29): apparmor="STATUS" operation="profile_load" profile="unconfined" name="snap.lxd.lxc" pid=558 comm="apparmor_parser"
Jul 08 08:22:01 ubuntu-two kernel: virtio_net virtio1 eth1: renamed from ens4
Jul 08 08:22:01 ubuntu-two systemd-udevd[406]: Using default interface naming scheme 'v245'.
Jul 08 08:22:01 ubuntu-two systemd-udevd[406]: ethtool: autonegotiation is unset or enabled, the speed and duplex are not writable.
Jul 08 08:22:01 ubuntu-two kernel: virtio_net virtio0 eth0: renamed from ens3
Jul 08 08:22:01 ubuntu-two systemd-udevd[406]: ethtool: autonegotiation is unset or enabled, the speed and duplex are not writable.
Jul 08 08:22:01 ubuntu-two systemd[1]: Condition check resulted in OpenVSwitch configuration for cleanup being skipped.
Jul 08 08:22:01 ubuntu-two systemd[1]: Condition check resulted in OpenVSwitch configuration for cleanup being skipped.
Jul 08 08:22:01 ubuntu-two systemd[1]: Condition check resulted in OpenVSwitch configuration for cleanup being skipped.
Jul 08 08:22:01 ubuntu-two cloud-init[565]: Cloud-init v. 21.1-19-gbad84ad4-0ubuntu1~20.04.2 running 'init-local' at Thu, 08 Jul 2021 08:22:01 +0000. Up 5.82 seconds.
Jul 08 08:22:01 ubuntu-two systemd[1]: Finished Initial cloud-init job (pre-networking).
Jul 08 08:22:01 ubuntu-two systemd[1]: Reached target Network (Pre).
Jul 08 08:22:01 ubuntu-two systemd[1]: Starting Network Service...
Jul 08 08:22:02 ubuntu-two systemd-networkd[592]: Enumeration completed
Jul 08 08:22:02 ubuntu-two systemd[1]: Started Network Service.
Jul 08 08:22:02 ubuntu-two systemd-timesyncd[532]: Network configuration changed, trying to establish connection.
Jul 08 08:22:02 ubuntu-two systemd-networkd[592]: eth0: Interface name change detected, eth0 has been renamed to ens3.
Jul 08 08:22:02 ubuntu-two systemd-timesyncd[532]: Network configuration changed, trying to establish connection.
Jul 08 08:22:02 ubuntu-two systemd[1]: Starting Wait for Network to be Configured...
Jul 08 08:22:02 ubuntu-two systemd[1]: Starting Network Name Resolution...
Jul 08 08:22:02 ubuntu-two systemd-networkd[592]: ens3: Link DOWN
Jul 08 08:22:02 ubuntu-two systemd-networkd[592]: ens3: Lost carrier
Jul 08 08:22:02 ubuntu-two systemd-networkd[592]: ens3: Interface name change detected, ens3 has been renamed to eth0.
Jul 08 08:22:02 ubuntu-two systemd-networkd[592]: eth0: Link UP
Jul 08 08:22:02 ubuntu-two systemd-networkd[592]: eth0: Gained carrier
Jul 08 08:22:02 ubuntu-two systemd-networkd[592]: eth1: IPv6 successfully enabled
Jul 08 08:22:02 ubuntu-two systemd-networkd[592]: eth0: IPv6 successfully enabled
Jul 08 08:22:02 ubuntu-two systemd-networkd[592]: eth1: Link UP
Jul 08 08:22:02 ubuntu-two systemd-networkd[592]: eth1: Gained carrier
Jul 08 08:22:02 ubuntu-two systemd-timesyncd[532]: Network configuration changed, trying to establish connection.
Jul 08 08:22:02 ubuntu-two systemd-timesyncd[532]: Network configuration changed, trying to establish connection.
Jul 08 08:22:02 ubuntu-two systemd-resolved[596]: Positive Trust Anchors:
Jul 08 08:22:02 ubuntu-two systemd-resolved[596]: . IN DS 20326 8 2 e06d44b80b8f1d39a95c0b0d7c65d08458e880409bbc683457104237c7f8ec8d
Jul 08 08:22:02 ubuntu-two systemd-resolved[596]: Negative trust anchors: 10.in-addr.arpa 16.172.in-addr.arpa 17.172.in-addr.arpa 18.172.in-addr.arpa 19.172.in-addr.arpa 20.172.in-addr.arpa 21.172.in-addr.arpa 22.172.in-addr.arpa 23.172.in-addr.arpa 24.172.in-addr.arpa 25.172.in-addr.arpa 26.172.in-addr.arpa 27.172.in-addr.arpa 28.172.in-addr.arpa 29.172.in-addr.arpa 30.172.in-addr.arpa 31.172.in-addr.arpa 168.192.in-addr.arpa d.f.ip6.arpa corp home internal intranet lan local private test
Jul 08 08:22:02 ubuntu-two systemd-resolved[596]: Using system hostname 'ubuntu-two'.
Jul 08 08:22:02 ubuntu-two systemd[1]: Started Network Name Resolution.
Jul 08 08:22:02 ubuntu-two systemd[1]: Reached target Network.
Jul 08 08:22:02 ubuntu-two systemd[1]: Reached target Host and Network Name Lookups.
Jul 08 08:22:03 ubuntu-two systemd-networkd[592]: eth0: Gained IPv6LL
Jul 08 08:22:03 ubuntu-two systemd-timesyncd[532]: Network configuration changed, trying to establish connection.
Jul 08 08:22:03 ubuntu-two systemd-networkd[592]: eth1: Gained IPv6LL
Jul 08 08:22:03 ubuntu-two systemd-timesyncd[532]: Network configuration changed, trying to establish connection.
Jul 08 08:22:03 ubuntu-two systemd-networkd-wait-online[595]: managing: eth1
Jul 08 08:22:03 ubuntu-two systemd-networkd-wait-online[595]: managing: eth0
Jul 08 08:22:03 ubuntu-two systemd[1]: Finished Wait for Network to be Configured.
Jul 08 08:22:03 ubuntu-two systemd[1]: Starting Initial cloud-init job (metadata service crawler)...
Jul 08 08:22:04 ubuntu-two DigitalOcean[620]: writing resolvers  to /etc/systemd/resolved.conf.d/DigitalOcean.conf
Jul 08 08:22:04 ubuntu-two systemd[1]: Stopping Network Name Resolution...
Jul 08 08:22:04 ubuntu-two systemd[1]: systemd-resolved.service: Succeeded.
Jul 08 08:22:04 ubuntu-two systemd[1]: Stopped Network Name Resolution.
Jul 08 08:22:04 ubuntu-two systemd[1]: Starting Network Name Resolution...
Jul 08 08:22:04 ubuntu-two systemd-resolved[625]: Positive Trust Anchors:
Jul 08 08:22:04 ubuntu-two systemd-resolved[625]: . IN DS 20326 8 2 e06d44b80b8f1d39a95c0b0d7c65d08458e880409bbc683457104237c7f8ec8d
Jul 08 08:22:04 ubuntu-two systemd-resolved[625]: Negative trust anchors: 10.in-addr.arpa 16.172.in-addr.arpa 17.172.in-addr.arpa 18.172.in-addr.arpa 19.172.in-addr.arpa 20.172.in-addr.arpa 21.172.in-addr.arpa 22.172.in-addr.arpa 23.172.in-addr.arpa 24.172.in-addr.arpa 25.172.in-addr.arpa 26.172.in-addr.arpa 27.172.in-addr.arpa 28.172.in-addr.arpa 29.172.in-addr.arpa 30.172.in-addr.arpa 31.172.in-addr.arpa 168.192.in-addr.arpa d.f.ip6.arpa corp home internal intranet lan local private test
Jul 08 08:22:04 ubuntu-two systemd-resolved[625]: Using system hostname 'ubuntu-two'.
Jul 08 08:22:04 ubuntu-two systemd[1]: Started Network Name Resolution.
Jul 08 08:22:04 ubuntu-two DigitalOcean[631]: adding random seed to /dev/urandom
Jul 08 08:22:04 ubuntu-two systemd[1]: Stopping udev Kernel Device Manager...
Jul 08 08:22:04 ubuntu-two systemd[1]: systemd-udevd.service: Succeeded.
Jul 08 08:22:04 ubuntu-two systemd[1]: Stopped udev Kernel Device Manager.
Jul 08 08:22:04 ubuntu-two systemd[1]: Starting udev Kernel Device Manager...
Jul 08 08:22:04 ubuntu-two systemd[1]: Started udev Kernel Device Manager.
Jul 08 08:22:04 ubuntu-two cloud-init[613]: Cloud-init v. 21.1-19-gbad84ad4-0ubuntu1~20.04.2 running 'init' at Thu, 08 Jul 2021 08:22:04 +0000. Up 8.82 seconds.
Jul 08 08:22:04 ubuntu-two cloud-init[613]: ci-info: +++++++++++++++++++++++++++++++++++++++Net device info+++++++++++++++++++++++++++++++++++++++
Jul 08 08:22:04 ubuntu-two cloud-init[613]: ci-info: +--------+------+------------------------------+---------------+--------+-------------------+
Jul 08 08:22:04 ubuntu-two cloud-init[613]: ci-info: | Device |  Up  |           Address            |      Mask     | Scope  |     Hw-Address    |
Jul 08 08:22:04 ubuntu-two cloud-init[613]: ci-info: +--------+------+------------------------------+---------------+--------+-------------------+
Jul 08 08:22:04 ubuntu-two cloud-init[613]: ci-info: |  eth0  | True |        161.35.222.49         | 255.255.240.0 | global | 42:6a:19:d3:d1:1f |
Jul 08 08:22:04 ubuntu-two cloud-init[613]: ci-info: |  eth0  | True |          10.19.0.6           |  255.255.0.0  | global | 42:6a:19:d3:d1:1f |
Jul 08 08:22:04 ubuntu-two cloud-init[613]: ci-info: |  eth0  | True | fe80::406a:19ff:fed3:d11f/64 |       .       |  link  | 42:6a:19:d3:d1:1f |
Jul 08 08:22:04 ubuntu-two cloud-init[613]: ci-info: |  eth1  | True |          10.114.0.3          | 255.255.240.0 | global | ee:49:c7:47:11:07 |
Jul 08 08:22:04 ubuntu-two cloud-init[613]: ci-info: |  eth1  | True | fe80::ec49:c7ff:fe47:1107/64 |       .       |  link  | ee:49:c7:47:11:07 |
Jul 08 08:22:04 ubuntu-two cloud-init[613]: ci-info: |   lo   | True |          127.0.0.1           |   255.0.0.0   |  host  |         .         |
Jul 08 08:22:04 ubuntu-two cloud-init[613]: ci-info: |   lo   | True |           ::1/128            |       .       |  host  |         .         |
Jul 08 08:22:04 ubuntu-two cloud-init[613]: ci-info: +--------+------+------------------------------+---------------+--------+-------------------+
Jul 08 08:22:04 ubuntu-two cloud-init[613]: ci-info: ++++++++++++++++++++++++++++++Route IPv4 info++++++++++++++++++++++++++++++
Jul 08 08:22:04 ubuntu-two cloud-init[613]: ci-info: +-------+--------------+--------------+---------------+-----------+-------+
Jul 08 08:22:04 ubuntu-two cloud-init[613]: ci-info: | Route | Destination  |   Gateway    |    Genmask    | Interface | Flags |
Jul 08 08:22:04 ubuntu-two cloud-init[613]: ci-info: +-------+--------------+--------------+---------------+-----------+-------+
Jul 08 08:22:04 ubuntu-two cloud-init[613]: ci-info: |   0   |   0.0.0.0    | 161.35.208.1 |    0.0.0.0    |    eth0   |   UG  |
Jul 08 08:22:04 ubuntu-two cloud-init[613]: ci-info: |   1   |  10.19.0.0   |   0.0.0.0    |  255.255.0.0  |    eth0   |   U   |
Jul 08 08:22:04 ubuntu-two cloud-init[613]: ci-info: |   2   |  10.114.0.0  |   0.0.0.0    | 255.255.240.0 |    eth1   |   U   |
Jul 08 08:22:04 ubuntu-two cloud-init[613]: ci-info: |   3   | 161.35.208.0 |   0.0.0.0    | 255.255.240.0 |    eth0   |   U   |
Jul 08 08:22:04 ubuntu-two cloud-init[613]: ci-info: +-------+--------------+--------------+---------------+-----------+-------+
Jul 08 08:22:04 ubuntu-two cloud-init[613]: ci-info: +++++++++++++++++++Route IPv6 info+++++++++++++++++++
Jul 08 08:22:04 ubuntu-two cloud-init[613]: ci-info: +-------+-------------+---------+-----------+-------+
Jul 08 08:22:04 ubuntu-two cloud-init[613]: ci-info: | Route | Destination | Gateway | Interface | Flags |
Jul 08 08:22:04 ubuntu-two cloud-init[613]: ci-info: +-------+-------------+---------+-----------+-------+
Jul 08 08:22:04 ubuntu-two cloud-init[613]: ci-info: |   1   |  fe80::/64  |    ::   |    eth0   |   U   |
Jul 08 08:22:04 ubuntu-two cloud-init[613]: ci-info: |   2   |  fe80::/64  |    ::   |    eth1   |   U   |
Jul 08 08:22:04 ubuntu-two cloud-init[613]: ci-info: |   4   |    local    |    ::   |    eth0   |   U   |
Jul 08 08:22:04 ubuntu-two cloud-init[613]: ci-info: |   5   |    local    |    ::   |    eth1   |   U   |
Jul 08 08:22:04 ubuntu-two cloud-init[613]: ci-info: |   6   |  multicast  |    ::   |    eth0   |   U   |
Jul 08 08:22:04 ubuntu-two cloud-init[613]: ci-info: |   7   |  multicast  |    ::   |    eth1   |   U   |
Jul 08 08:22:04 ubuntu-two cloud-init[613]: ci-info: +-------+-------------+---------+-----------+-------+
Jul 08 08:22:05 ubuntu-two kernel: EXT4-fs (vda1): resizing filesystem from 548091 to 41914619 blocks
Jul 08 08:22:05 ubuntu-two kernel: EXT4-fs (vda1): resized filesystem to 41914619
Jul 08 08:22:06 ubuntu-two cloud-init[613]: Generating public/private rsa key pair.
Jul 08 08:22:06 ubuntu-two cloud-init[613]: Your identification has been saved in /etc/ssh/ssh_host_rsa_key
Jul 08 08:22:06 ubuntu-two cloud-init[613]: Your public key has been saved in /etc/ssh/ssh_host_rsa_key.pub
Jul 08 08:22:06 ubuntu-two cloud-init[613]: The key fingerprint is:
Jul 08 08:22:06 ubuntu-two cloud-init[613]: SHA256:MH9t4dc7wfkOMAB4lfZqW87IPiRrjZDSYwkWkkoYOrI root@ubuntu-two
Jul 08 08:22:06 ubuntu-two cloud-init[613]: The key's randomart image is:
Jul 08 08:22:06 ubuntu-two cloud-init[613]: +---[RSA 3072]----+
Jul 08 08:22:06 ubuntu-two cloud-init[613]: |o. .   .....     |
Jul 08 08:22:06 ubuntu-two cloud-init[613]: |o.o . . ..o      |
Jul 08 08:22:06 ubuntu-two cloud-init[613]: |=. . .o. ....    |
Jul 08 08:22:06 ubuntu-two cloud-init[613]: |oo  o  +   +.....|
Jul 08 08:22:06 ubuntu-two cloud-init[613]: |E  . o oS ..* .+.|
Jul 08 08:22:06 ubuntu-two cloud-init[613]: |    . B ..+..+  +|
Jul 08 08:22:06 ubuntu-two cloud-init[613]: |     o o O *  .o.|
Jul 08 08:22:06 ubuntu-two cloud-init[613]: |        + * o  o.|
Jul 08 08:22:06 ubuntu-two cloud-init[613]: |       . ...    .|
Jul 08 08:22:06 ubuntu-two cloud-init[613]: +----[SHA256]-----+
Jul 08 08:22:06 ubuntu-two cloud-init[613]: Generating public/private dsa key pair.
Jul 08 08:22:06 ubuntu-two cloud-init[613]: Your identification has been saved in /etc/ssh/ssh_host_dsa_key
Jul 08 08:22:06 ubuntu-two cloud-init[613]: Your public key has been saved in /etc/ssh/ssh_host_dsa_key.pub
Jul 08 08:22:06 ubuntu-two cloud-init[613]: The key fingerprint is:
Jul 08 08:22:06 ubuntu-two cloud-init[613]: SHA256:I256f2fqm2hWLoa4ZomdXaMKiwlBKfLdLUWoZYzLFpQ root@ubuntu-two
Jul 08 08:22:06 ubuntu-two cloud-init[613]: The key's randomart image is:
Jul 08 08:22:06 ubuntu-two cloud-init[613]: +---[DSA 1024]----+
Jul 08 08:22:06 ubuntu-two cloud-init[613]: |   ..+ ..        |
Jul 08 08:22:06 ubuntu-two cloud-init[613]: |  . E =.         |
Jul 08 08:22:06 ubuntu-two cloud-init[613]: |oo . *  .        |
Jul 08 08:22:06 ubuntu-two cloud-init[613]: |+. .=. o         |
Jul 08 08:22:06 ubuntu-two cloud-init[613]: |. ... + S        |
Jul 08 08:22:06 ubuntu-two cloud-init[613]: | .   . oo..      |
Jul 08 08:22:06 ubuntu-two cloud-init[613]: |. .o =o+ +       |
Jul 08 08:22:06 ubuntu-two cloud-init[613]: |.o.oBo= =.o.o    |
Jul 08 08:22:06 ubuntu-two cloud-init[613]: |o .o++ =o+==     |
Jul 08 08:22:06 ubuntu-two cloud-init[613]: +----[SHA256]-----+
Jul 08 08:22:06 ubuntu-two cloud-init[613]: Generating public/private ecdsa key pair.
Jul 08 08:22:06 ubuntu-two cloud-init[613]: Your identification has been saved in /etc/ssh/ssh_host_ecdsa_key
Jul 08 08:22:06 ubuntu-two cloud-init[613]: Your public key has been saved in /etc/ssh/ssh_host_ecdsa_key.pub
Jul 08 08:22:06 ubuntu-two cloud-init[613]: The key fingerprint is:
Jul 08 08:22:06 ubuntu-two cloud-init[613]: SHA256:pctEoGWhgX2S+wynjnYYZEDE2heUb0sfB1TATZPRoxw root@ubuntu-two
Jul 08 08:22:06 ubuntu-two cloud-init[613]: The key's randomart image is:
Jul 08 08:22:06 ubuntu-two cloud-init[613]: +---[ECDSA 256]---+
Jul 08 08:22:06 ubuntu-two cloud-init[613]: |+o +oo=+o==+     |
Jul 08 08:22:06 ubuntu-two cloud-init[613]: |... **..o E.o    |
Jul 08 08:22:06 ubuntu-two cloud-init[613]: |.o  o*  .o.o .   |
Jul 08 08:22:06 ubuntu-two cloud-init[613]: |. + + =..o+      |
Jul 08 08:22:06 ubuntu-two cloud-init[613]: | o . O oSo       |
Jul 08 08:22:06 ubuntu-two cloud-init[613]: |  . . +o..       |
Jul 08 08:22:06 ubuntu-two cloud-init[613]: |   =    o        |
Jul 08 08:22:06 ubuntu-two cloud-init[613]: |  + o            |
Jul 08 08:22:06 ubuntu-two cloud-init[613]: | . .             |
Jul 08 08:22:06 ubuntu-two cloud-init[613]: +----[SHA256]-----+
Jul 08 08:22:06 ubuntu-two cloud-init[613]: Generating public/private ed25519 key pair.
Jul 08 08:22:06 ubuntu-two cloud-init[613]: Your identification has been saved in /etc/ssh/ssh_host_ed25519_key
Jul 08 08:22:06 ubuntu-two cloud-init[613]: Your public key has been saved in /etc/ssh/ssh_host_ed25519_key.pub
Jul 08 08:22:06 ubuntu-two cloud-init[613]: The key fingerprint is:
Jul 08 08:22:06 ubuntu-two cloud-init[613]: SHA256:bIa/K6KUfWpuexADC6sSHHSt6dsLIa6pyxW2TFU0Kfs root@ubuntu-two
Jul 08 08:22:06 ubuntu-two cloud-init[613]: The key's randomart image is:
Jul 08 08:22:06 ubuntu-two cloud-init[613]: +--[ED25519 256]--+
Jul 08 08:22:06 ubuntu-two cloud-init[613]: |.. .. .+.        |
Jul 08 08:22:06 ubuntu-two cloud-init[613]: |..o  o...        |
Jul 08 08:22:06 ubuntu-two cloud-init[613]: |.o.oo.o          |
Jul 08 08:22:06 ubuntu-two cloud-init[613]: |o..o+. o         |
Jul 08 08:22:06 ubuntu-two cloud-init[613]: |.o.= oo S        |
Jul 08 08:22:06 ubuntu-two cloud-init[613]: |+ =+=  E         |
Jul 08 08:22:06 ubuntu-two cloud-init[613]: |..o=+.. .        |
Jul 08 08:22:06 ubuntu-two cloud-init[613]: |oo..=+o  .       |
Jul 08 08:22:06 ubuntu-two cloud-init[613]: |*o.=+=..o.       |
Jul 08 08:22:06 ubuntu-two cloud-init[613]: +----[SHA256]-----+
Jul 08 08:22:06 ubuntu-two systemd[1]: Finished Initial cloud-init job (metadata service crawler).
Jul 08 08:22:06 ubuntu-two systemd[1]: Reached target Cloud-config availability.
Jul 08 08:22:06 ubuntu-two systemd[1]: Reached target Network is Online.
Jul 08 08:22:06 ubuntu-two systemd[1]: Reached target System Initialization.
Jul 08 08:22:06 ubuntu-two systemd[1]: Condition check resulted in Process error reports when automatic reporting is enabled (file watch) being skipped.
Jul 08 08:22:06 ubuntu-two systemd[1]: Started Daily apt download activities.
Jul 08 08:22:06 ubuntu-two systemd[1]: Started Daily apt upgrade and clean activities.
Jul 08 08:22:06 ubuntu-two systemd[1]: Started Periodic ext4 Online Metadata Check for All Filesystems.
Jul 08 08:22:06 ubuntu-two systemd[1]: Started Discard unused blocks once a week.
Jul 08 08:22:06 ubuntu-two systemd[1]: Started Refresh fwupd metadata regularly.
Jul 08 08:22:06 ubuntu-two systemd[1]: Started Daily rotation of log files.
Jul 08 08:22:06 ubuntu-two systemd[1]: Started Daily man-db regeneration.
Jul 08 08:22:06 ubuntu-two systemd[1]: Started Message of the Day.
Jul 08 08:22:06 ubuntu-two systemd[1]: Condition check resulted in Timer to automatically fetch and run repair assertions being skipped.
Jul 08 08:22:06 ubuntu-two systemd[1]: Started Daily Cleanup of Temporary Directories.
Jul 08 08:22:06 ubuntu-two systemd[1]: Started Ubuntu Advantage update messaging.
Jul 08 08:22:06 ubuntu-two systemd[1]: Reached target Paths.
Jul 08 08:22:06 ubuntu-two systemd[1]: Reached target Timers.
Jul 08 08:22:06 ubuntu-two systemd[1]: Condition check resulted in Unix socket for apport crash forwarding being skipped.
Jul 08 08:22:06 ubuntu-two systemd[1]: Listening on D-Bus System Message Bus Socket.
Jul 08 08:22:06 ubuntu-two systemd[1]: Listening on Open-iSCSI iscsid Socket.
Jul 08 08:22:06 ubuntu-two systemd[1]: Starting Socket activation for snappy daemon.
Jul 08 08:22:06 ubuntu-two systemd[1]: Listening on UUID daemon activation socket.
Jul 08 08:22:06 ubuntu-two systemd[1]: Condition check resulted in Login to default iSCSI targets being skipped.
Jul 08 08:22:06 ubuntu-two systemd[1]: Reached target Remote File Systems (Pre).
Jul 08 08:22:06 ubuntu-two systemd[1]: Reached target Remote File Systems.
Jul 08 08:22:06 ubuntu-two systemd[1]: Starting Availability of block devices...
Jul 08 08:22:06 ubuntu-two systemd[1]: Listening on Socket activation for snappy daemon.
Jul 08 08:22:06 ubuntu-two systemd[1]: Reached target Sockets.
Jul 08 08:22:06 ubuntu-two systemd[1]: Reached target Basic System.
Jul 08 08:22:06 ubuntu-two systemd[1]: Starting Accounts Service...
Jul 08 08:22:06 ubuntu-two systemd[1]: Starting LSB: automatic crash report generation...
Jul 08 08:22:06 ubuntu-two systemd[1]: Starting Deferred execution scheduler...
Jul 08 08:22:06 ubuntu-two systemd[1]: Started Regular background program processing daemon.
Jul 08 08:22:06 ubuntu-two systemd[1]: Started D-Bus System Message Bus.
Jul 08 08:22:06 ubuntu-two cron[771]: (CRON) INFO (pidfile fd = 3)
Jul 08 08:22:06 ubuntu-two cron[771]: (CRON) INFO (Running @reboot jobs)
Jul 08 08:22:06 ubuntu-two systemd[1]: Started Save initial kernel messages after boot.
Jul 08 08:22:06 ubuntu-two systemd[1]: Starting Remove Stale Online ext4 Metadata Check Snapshots...
Jul 08 08:22:06 ubuntu-two systemd[1]: Condition check resulted in getty on tty2-tty6 if dbus and logind are not available being skipped.
Jul 08 08:22:06 ubuntu-two systemd[1]: Starting LSB: Record successful boot for GRUB...
Jul 08 08:22:06 ubuntu-two systemd[1]: Started irqbalance daemon.
Jul 08 08:22:06 ubuntu-two systemd[1]: Starting Dispatcher daemon for systemd-networkd...
Jul 08 08:22:06 ubuntu-two systemd[1]: Condition check resulted in Set the CPU Frequency Scaling governor being skipped.
Jul 08 08:22:06 ubuntu-two systemd[1]: Starting Pollinate to seed the pseudo random number generator...
Jul 08 08:22:06 ubuntu-two systemd[1]: Condition check resulted in fast remote file copy program daemon being skipped.
Jul 08 08:22:06 ubuntu-two systemd[1]: Starting System Logging Service...
Jul 08 08:22:06 ubuntu-two systemd[1]: Condition check resulted in Secure Boot updates for DB and DBX being skipped.
Jul 08 08:22:06 ubuntu-two systemd[1]: Condition check resulted in Automatically repair incorrect owner/permissions on core devices being skipped.
Jul 08 08:22:06 ubuntu-two systemd[1]: Condition check resulted in Wait for the Ubuntu Core chooser trigger being skipped.
Jul 08 08:22:06 ubuntu-two systemd[1]: Starting Snap Daemon...
Jul 08 08:22:06 ubuntu-two systemd[1]: Starting Login Service...
Jul 08 08:22:06 ubuntu-two systemd[1]: Starting Permit User Sessions...
Jul 08 08:22:06 ubuntu-two systemd[1]: Condition check resulted in Ubuntu Advantage reboot cmds being skipped.
Jul 08 08:22:06 ubuntu-two systemd[1]: Finished Availability of block devices.
Jul 08 08:22:06 ubuntu-two systemd[1]: Started Deferred execution scheduler.
Jul 08 08:22:06 ubuntu-two systemd[1]: Finished Permit User Sessions.
Jul 08 08:22:06 ubuntu-two rsyslogd[786]: imuxsock: Acquired UNIX socket '/run/systemd/journal/syslog' (fd 3) from systemd.  [v8.2001.0]
Jul 08 08:22:06 ubuntu-two rsyslogd[786]: rsyslogd's groupid changed to 110
Jul 08 08:22:06 ubuntu-two rsyslogd[786]: rsyslogd's userid changed to 104
Jul 08 08:22:06 ubuntu-two rsyslogd[786]: [origin software="rsyslogd" swVersion="8.2001.0" x-pid="786" x-info="https://www.rsyslog.com"] start
Jul 08 08:22:06 ubuntu-two systemd[1]: Started System Logging Service.
Jul 08 08:22:06 ubuntu-two grub-common[779]:  * Recording successful boot for GRUB
Jul 08 08:22:06 ubuntu-two systemd[1]: Starting Hold until boot process finishes up...
Jul 08 08:22:06 ubuntu-two apport[769]:  * Starting automatic crash report generation: apport
Jul 08 08:22:06 ubuntu-two systemd[1]: Starting Terminate Plymouth Boot Screen...
Jul 08 08:22:06 ubuntu-two systemd[1]: plymouth-quit-wait.service: Succeeded.
Jul 08 08:22:06 ubuntu-two apport[769]:    ...done.
Jul 08 08:22:06 ubuntu-two systemd[1]: Finished Hold until boot process finishes up.
Jul 08 08:22:06 ubuntu-two systemd[1]: Started LSB: automatic crash report generation.
Jul 08 08:22:06 ubuntu-two grub-common[779]:    ...done.
Jul 08 08:22:06 ubuntu-two systemd[1]: Started LSB: Record successful boot for GRUB.
Jul 08 08:22:06 ubuntu-two systemd[1]: plymouth-quit.service: Succeeded.
Jul 08 08:22:06 ubuntu-two systemd[1]: Finished Terminate Plymouth Boot Screen.
Jul 08 08:22:06 ubuntu-two pollinate[825]: client sent challenge to [https://entropy.ubuntu.com/]
Jul 08 08:22:06 ubuntu-two systemd[1]: Starting GRUB failed boot detection...
Jul 08 08:22:06 ubuntu-two systemd[1]: Started Serial Getty on ttyS0.
Jul 08 08:22:06 ubuntu-two systemd[1]: Starting Set console scheme...
Jul 08 08:22:06 ubuntu-two systemd[1]: Finished Set console scheme.
Jul 08 08:22:06 ubuntu-two systemd[1]: grub-initrd-fallback.service: Succeeded.
Jul 08 08:22:06 ubuntu-two systemd[1]: Finished GRUB failed boot detection.
Jul 08 08:22:06 ubuntu-two dbus-daemon[773]: [system] AppArmor D-Bus mediation is enabled
Jul 08 08:22:06 ubuntu-two systemd[1]: Created slice system-getty.slice.
Jul 08 08:22:06 ubuntu-two systemd[1]: Started Getty on tty1.
Jul 08 08:22:06 ubuntu-two systemd-logind[788]: Watching system buttons on /dev/input/event0 (Power Button)
Jul 08 08:22:06 ubuntu-two systemd-logind[788]: Watching system buttons on /dev/input/event1 (AT Translated Set 2 keyboard)
Jul 08 08:22:06 ubuntu-two systemd-logind[788]: New seat seat0.
Jul 08 08:22:06 ubuntu-two systemd[1]: Reached target Login Prompts.
Jul 08 08:22:06 ubuntu-two systemd[1]: e2scrub_reap.service: Succeeded.
Jul 08 08:22:06 ubuntu-two systemd[1]: Finished Remove Stale Online ext4 Metadata Check Snapshots.
Jul 08 08:22:06 ubuntu-two systemd[1]: Started Login Service.
Jul 08 08:22:06 ubuntu-two dbus-daemon[773]: [system] Successfully activated service 'org.freedesktop.systemd1'
Jul 08 08:22:06 ubuntu-two systemd[1]: Started Unattended Upgrades Shutdown.
Jul 08 08:22:06 ubuntu-two dbus-daemon[773]: [system] Activating via systemd: service name='org.freedesktop.PolicyKit1' unit='polkit.service' requested by ':1.4' (uid=0 pid=768 comm="/usr/lib/accountsservice/accounts-daemon " label="unconfined")
Jul 08 08:22:06 ubuntu-two networkd-dispatcher[784]: No valid path found for iwconfig
Jul 08 08:22:06 ubuntu-two networkd-dispatcher[784]: No valid path found for iw
Jul 08 08:22:06 ubuntu-two systemd[1]: Starting Authorization Manager...
Jul 08 08:22:06 ubuntu-two systemd[1]: Started Dispatcher daemon for systemd-networkd.
Jul 08 08:22:06 ubuntu-two polkitd[848]: started daemon version 0.105 using authority implementation `local' version `0.105'
Jul 08 08:22:06 ubuntu-two dbus-daemon[773]: [system] Successfully activated service 'org.freedesktop.PolicyKit1'
Jul 08 08:22:06 ubuntu-two systemd[1]: Started Authorization Manager.
Jul 08 08:22:06 ubuntu-two accounts-daemon[768]: started daemon version 0.6.55
Jul 08 08:22:06 ubuntu-two systemd[1]: Started Accounts Service.
Jul 08 08:22:06 ubuntu-two snapd[787]: AppArmor status: apparmor is enabled and all features are available
Jul 08 08:22:06 ubuntu-two pollinate[865]: client verified challenge/response with [https://entropy.ubuntu.com/]
Jul 08 08:22:06 ubuntu-two pollinate[872]: client hashed response from [https://entropy.ubuntu.com/]
Jul 08 08:22:06 ubuntu-two pollinate[873]: client successfully seeded [/dev/urandom]
Jul 08 08:22:06 ubuntu-two systemd[1]: pollinate.service: Succeeded.
Jul 08 08:22:06 ubuntu-two systemd[1]: Finished Pollinate to seed the pseudo random number generator.
Jul 08 08:22:06 ubuntu-two systemd[1]: Starting OpenBSD Secure Shell server...
Jul 08 08:22:06 ubuntu-two sshd[877]: Server listening on 0.0.0.0 port 22.
Jul 08 08:22:06 ubuntu-two sshd[877]: Server listening on :: port 22.
Jul 08 08:22:06 ubuntu-two systemd[1]: Started OpenBSD Secure Shell server.
Jul 08 08:22:07 ubuntu-two snapd[787]: AppArmor status: apparmor is enabled and all features are available
Jul 08 08:22:07 ubuntu-two snapd[787]: patch.go:64: Patching system state level 6 to sublevel 1...
Jul 08 08:22:07 ubuntu-two snapd[787]: patch.go:64: Patching system state level 6 to sublevel 2...
Jul 08 08:22:07 ubuntu-two snapd[787]: patch.go:64: Patching system state level 6 to sublevel 3...
Jul 08 08:22:07 ubuntu-two snapd[787]: daemon.go:347: started snapd/2.50 (series 16; classic) ubuntu/20.04 (amd64) linux/5.4.0-73-generic.
Jul 08 08:22:07 ubuntu-two systemd[1]: tmp-sanity\x2dmountpoint\x2d474921139.mount: Succeeded.
Jul 08 08:22:07 ubuntu-two snapd[787]: daemon.go:440: adjusting startup timeout by 45s (pessimistic estimate of 30s plus 5s per snap)
Jul 08 08:22:07 ubuntu-two systemd[1]: Started Snap Daemon.
Jul 08 08:22:07 ubuntu-two systemd[1]: Starting Wait until snapd is fully seeded...
Jul 08 08:22:07 ubuntu-two systemd[1]: Started snap.lxd.hook.install.1bddc840-b950-4dd1-9377-03d67fa9255c.scope.
Jul 08 08:22:08 ubuntu-two systemd[1]: tmp-snap.rootfs_lXaODe.mount: Succeeded.
Jul 08 08:22:08 ubuntu-two systemd[1]: snap.lxd.hook.install.1bddc840-b950-4dd1-9377-03d67fa9255c.scope: Succeeded.
Jul 08 08:22:08 ubuntu-two systemd[1]: Reloading.
Jul 08 08:22:08 ubuntu-two systemd[1]: Reloading.
Jul 08 08:22:08 ubuntu-two systemd[1]: Listening on Socket unix for snap application lxd.daemon.
Jul 08 08:22:09 ubuntu-two systemd[1]: Starting Service for snap application lxd.activate...
Jul 08 08:22:09 ubuntu-two lxd.activate[1019]: => Starting LXD activation
Jul 08 08:22:09 ubuntu-two lxd.activate[1019]: ==> Creating missing snap configuration
Jul 08 08:22:09 ubuntu-two lxd.activate[1019]: ==> Loading snap configuration
Jul 08 08:22:09 ubuntu-two lxd.activate[1019]: ==> Checking for socket activation support
Jul 08 08:22:09 ubuntu-two lxd.activate[1019]: ==> Creating "lxd" user
Jul 08 08:22:09 ubuntu-two useradd[1185]: new user: name=lxd, UID=998, GID=100, home=/var/snap/lxd/common/lxd, shell=/bin/false, from=none
Jul 08 08:22:09 ubuntu-two lxd.activate[1019]: ==> Setting LXD socket ownership
Jul 08 08:22:09 ubuntu-two lxd.activate[1019]: ==> LXD never started on this system, no need to start it now
Jul 08 08:22:09 ubuntu-two systemd[1]: snap.lxd.activate.service: Succeeded.
Jul 08 08:22:09 ubuntu-two systemd[1]: Finished Service for snap application lxd.activate.
Jul 08 08:22:09 ubuntu-two systemd[1]: Started snap.lxd.hook.configure.333cdb45-d012-4c98-aac9-42af9c904165.scope.
Jul 08 08:22:09 ubuntu-two systemd[1]: snap.lxd.hook.configure.333cdb45-d012-4c98-aac9-42af9c904165.scope: Succeeded.
Jul 08 08:22:09 ubuntu-two systemd[1]: Finished Wait until snapd is fully seeded.
Jul 08 08:22:09 ubuntu-two systemd[1]: Starting Apply the settings specified in cloud-config...
Jul 08 08:22:09 ubuntu-two systemd[1]: Condition check resulted in Auto import assertions from block devices being skipped.
Jul 08 08:22:09 ubuntu-two systemd[1]: Reached target Multi-User System.
Jul 08 08:22:09 ubuntu-two systemd[1]: Reached target Graphical Interface.
Jul 08 08:22:09 ubuntu-two systemd[1]: Starting Update UTMP about System Runlevel Changes...
Jul 08 08:22:09 ubuntu-two systemd[1]: systemd-update-utmp-runlevel.service: Succeeded.
Jul 08 08:22:09 ubuntu-two systemd[1]: Finished Update UTMP about System Runlevel Changes.
Jul 08 08:22:10 ubuntu-two sshd[877]: Received signal 15; terminating.
Jul 08 08:22:10 ubuntu-two systemd[1]: Stopping OpenBSD Secure Shell server...
Jul 08 08:22:10 ubuntu-two systemd[1]: ssh.service: Succeeded.
Jul 08 08:22:10 ubuntu-two systemd[1]: Stopped OpenBSD Secure Shell server.
Jul 08 08:22:10 ubuntu-two systemd[1]: Starting OpenBSD Secure Shell server...
Jul 08 08:22:10 ubuntu-two sshd[1340]: Server listening on 0.0.0.0 port 22.
Jul 08 08:22:10 ubuntu-two sshd[1340]: Server listening on :: port 22.
Jul 08 08:22:10 ubuntu-two systemd[1]: Started OpenBSD Secure Shell server.
Jul 08 08:22:10 ubuntu-two cloud-init[1334]: Cloud-init v. 21.1-19-gbad84ad4-0ubuntu1~20.04.2 running 'modules:config' at Thu, 08 Jul 2021 08:22:10 +0000. Up 14.92 seconds.
Jul 08 08:22:10 ubuntu-two systemd[1]: Finished Apply the settings specified in cloud-config.
Jul 08 08:22:10 ubuntu-two systemd[1]: Starting Execute cloud user/final scripts...
Jul 08 08:22:11 ubuntu-two systemd[1]: dmesg.service: Succeeded.
Jul 08 08:22:11 ubuntu-two ec2[1385]: 
Jul 08 08:22:11 ubuntu-two ec2[1385]: #############################################################
Jul 08 08:22:11 ubuntu-two ec2[1385]: -----BEGIN SSH HOST KEY FINGERPRINTS-----
Jul 08 08:22:11 ubuntu-two ec2[1385]: 1024 SHA256:I256f2fqm2hWLoa4ZomdXaMKiwlBKfLdLUWoZYzLFpQ root@ubuntu-two (DSA)
Jul 08 08:22:11 ubuntu-two ec2[1385]: 256 SHA256:pctEoGWhgX2S+wynjnYYZEDE2heUb0sfB1TATZPRoxw root@ubuntu-two (ECDSA)
Jul 08 08:22:11 ubuntu-two ec2[1385]: 256 SHA256:bIa/K6KUfWpuexADC6sSHHSt6dsLIa6pyxW2TFU0Kfs root@ubuntu-two (ED25519)
Jul 08 08:22:11 ubuntu-two ec2[1385]: 3072 SHA256:MH9t4dc7wfkOMAB4lfZqW87IPiRrjZDSYwkWkkoYOrI root@ubuntu-two (RSA)
Jul 08 08:22:11 ubuntu-two ec2[1385]: -----END SSH HOST KEY FINGERPRINTS-----
Jul 08 08:22:11 ubuntu-two ec2[1385]: #############################################################
Jul 08 08:22:11 ubuntu-two cloud-init[1377]: Cloud-init v. 21.1-19-gbad84ad4-0ubuntu1~20.04.2 running 'modules:final' at Thu, 08 Jul 2021 08:22:11 +0000. Up 15.88 seconds.
Jul 08 08:22:11 ubuntu-two cloud-init[1377]: ci-info: no authorized SSH keys fingerprints found for user root.
Jul 08 08:22:11 ubuntu-two cloud-init[1377]: Cloud-init v. 21.1-19-gbad84ad4-0ubuntu1~20.04.2 finished at Thu, 08 Jul 2021 08:22:11 +0000. Datasource DataSourceDigitalOcean.  Up 16.04 seconds
Jul 08 08:22:11 ubuntu-two systemd[1]: Finished Execute cloud user/final scripts.
Jul 08 08:22:11 ubuntu-two systemd[1]: Reached target Cloud-init target.
Jul 08 08:22:11 ubuntu-two systemd[1]: Startup finished in 3.440s (kernel) + 12.688s (userspace) = 16.129s.
Jul 08 08:22:29 ubuntu-two systemd[1]: systemd-fsckd.service: Succeeded.
Jul 08 08:22:35 ubuntu-two systemd-timesyncd[532]: Initial synchronization to time server 91.189.89.199:123 (ntp.ubuntu.com).
Jul 08 08:26:12 ubuntu-two sshd[1404]: pam_unix(sshd:auth): authentication failure; logname= uid=0 euid=0 tty=ssh ruser= rhost=171.25.193.77  user=root
Jul 08 08:26:13 ubuntu-two sshd[1404]: Failed password for root from 171.25.193.77 port 28436 ssh2
Jul 08 08:26:15 ubuntu-two sshd[1404]: Connection closed by authenticating user root 171.25.193.77 port 28436 [preauth]
Jul 08 08:27:41 ubuntu-two sshd[1414]: pam_unix(sshd:auth): authentication failure; logname= uid=0 euid=0 tty=ssh ruser= rhost=98.143.148.45  user=root
Jul 08 08:27:44 ubuntu-two sshd[1414]: Failed password for root from 98.143.148.45 port 49812 ssh2
Jul 08 08:27:44 ubuntu-two sshd[1414]: Received disconnect from 98.143.148.45 port 49812:11: Bye Bye [preauth]
Jul 08 08:27:44 ubuntu-two sshd[1414]: Disconnected from authenticating user root 98.143.148.45 port 49812 [preauth]
Jul 08 08:32:00 ubuntu-two sshd[1416]: Accepted password for root from 89.155.168.10 port 63265 ssh2
Jul 08 08:32:00 ubuntu-two sshd[1416]: pam_unix(sshd:session): session opened for user root by (uid=0)
Jul 08 08:32:00 ubuntu-two systemd[1]: Created slice User Slice of UID 0.
Jul 08 08:32:00 ubuntu-two systemd[1]: Starting User Runtime Directory /run/user/0...
Jul 08 08:32:00 ubuntu-two systemd-logind[788]: New session 1 of user root.
Jul 08 08:32:00 ubuntu-two systemd[1]: Finished User Runtime Directory /run/user/0.
Jul 08 08:32:00 ubuntu-two systemd[1]: Starting User Manager for UID 0...
Jul 08 08:32:00 ubuntu-two systemd[1432]: pam_unix(systemd-user:session): session opened for user root by (uid=0)
Jul 08 08:32:00 ubuntu-two systemd[1432]: Reached target Paths.
Jul 08 08:32:00 ubuntu-two systemd[1432]: Reached target Timers.
Jul 08 08:32:00 ubuntu-two systemd[1432]: Starting D-Bus User Message Bus Socket.
Jul 08 08:32:00 ubuntu-two systemd[1432]: Listening on GnuPG network certificate management daemon.
Jul 08 08:32:00 ubuntu-two systemd[1432]: Listening on GnuPG cryptographic agent and passphrase cache (access for web browsers).
Jul 08 08:32:00 ubuntu-two systemd[1432]: Listening on GnuPG cryptographic agent and passphrase cache (restricted).
Jul 08 08:32:00 ubuntu-two systemd[1432]: Listening on GnuPG cryptographic agent (ssh-agent emulation).
Jul 08 08:32:00 ubuntu-two systemd[1432]: Listening on GnuPG cryptographic agent and passphrase cache.
Jul 08 08:32:00 ubuntu-two systemd[1432]: Listening on debconf communication socket.
Jul 08 08:32:00 ubuntu-two systemd[1432]: Listening on REST API socket for snapd user session agent.
Jul 08 08:32:00 ubuntu-two systemd[1432]: Listening on D-Bus User Message Bus Socket.
Jul 08 08:32:00 ubuntu-two systemd[1432]: Reached target Sockets.
Jul 08 08:32:00 ubuntu-two systemd[1432]: Reached target Basic System.
Jul 08 08:32:00 ubuntu-two systemd[1432]: Reached target Main User Target.
Jul 08 08:32:00 ubuntu-two systemd[1432]: Startup finished in 75ms.
Jul 08 08:32:00 ubuntu-two systemd[1]: Started User Manager for UID 0.
Jul 08 08:32:00 ubuntu-two systemd[1]: Started Session 1 of user root.
Jul 08 08:32:11 ubuntu-two sshd[1416]: Received disconnect from 89.155.168.10 port 63265:11: disconnected by user
Jul 08 08:32:11 ubuntu-two sshd[1416]: Disconnected from user root 89.155.168.10 port 63265
Jul 08 08:32:11 ubuntu-two sshd[1416]: pam_unix(sshd:session): session closed for user root
Jul 08 08:32:11 ubuntu-two systemd[1]: session-1.scope: Succeeded.
Jul 08 08:32:11 ubuntu-two systemd-logind[788]: Session 1 logged out. Waiting for processes to exit.
Jul 08 08:32:11 ubuntu-two systemd-logind[788]: Removed session 1.
Jul 08 08:32:17 ubuntu-two sshd[1581]: pam_unix(sshd:auth): authentication failure; logname= uid=0 euid=0 tty=ssh ruser= rhost=128.199.230.181  user=root
Jul 08 08:32:18 ubuntu-two sshd[1581]: Failed password for root from 128.199.230.181 port 40712 ssh2
Jul 08 08:32:20 ubuntu-two sshd[1581]: Received disconnect from 128.199.230.181 port 40712:11: Bye Bye [preauth]
Jul 08 08:32:20 ubuntu-two sshd[1581]: Disconnected from authenticating user root 128.199.230.181 port 40712 [preauth]
Jul 08 08:32:21 ubuntu-two systemd[1]: Stopping User Manager for UID 0...
Jul 08 08:32:21 ubuntu-two systemd[1432]: Stopped target Main User Target.
Jul 08 08:32:21 ubuntu-two systemd[1432]: Stopped target Basic System.
Jul 08 08:32:21 ubuntu-two systemd[1432]: Stopped target Paths.
