-- Logs begin at Wed 2021-07-07 13:44:24 UTC, end at Wed 2021-07-07 20:28:28 UTC. --
Jul 07 13:44:24 ubuntu kernel: Linux version 5.4.0-73-generic (buildd@lcy01-amd64-019) (gcc version 9.3.0 (Ubuntu 9.3.0-17ubuntu1~20.04)) #82-Ubuntu SMP Wed Apr 14 17:39:42 UTC 2021 (Ubuntu 5.4.0-73.82-generic 5.4.106)
Jul 07 13:44:24 ubuntu kernel: Command line: BOOT_IMAGE=/boot/vmlinuz-5.4.0-73-generic root=UUID=e17a595e-18f3-45e3-8f22-e0d1005fbae1 ro console=tty1 console=ttyS0
Jul 07 13:44:24 ubuntu kernel: KERNEL supported cpus:
Jul 07 13:44:24 ubuntu kernel:   Intel GenuineIntel
Jul 07 13:44:24 ubuntu kernel:   AMD AuthenticAMD
Jul 07 13:44:24 ubuntu kernel:   Hygon HygonGenuine
Jul 07 13:44:24 ubuntu kernel:   Centaur CentaurHauls
Jul 07 13:44:24 ubuntu kernel:   zhaoxin   Shanghai  
Jul 07 13:44:24 ubuntu kernel: x86/fpu: Supporting XSAVE feature 0x001: 'x87 floating point registers'
Jul 07 13:44:24 ubuntu kernel: x86/fpu: Supporting XSAVE feature 0x002: 'SSE registers'
Jul 07 13:44:24 ubuntu kernel: x86/fpu: Supporting XSAVE feature 0x004: 'AVX registers'
Jul 07 13:44:24 ubuntu kernel: x86/fpu: xstate_offset[2]:  576, xstate_sizes[2]:  256
Jul 07 13:44:24 ubuntu kernel: x86/fpu: Enabled xstate features 0x7, context size is 832 bytes, using 'standard' format.
Jul 07 13:44:24 ubuntu kernel: BIOS-provided physical RAM map:
Jul 07 13:44:24 ubuntu kernel: BIOS-e820: [mem 0x0000000000000000-0x000000000009fbff] usable
Jul 07 13:44:24 ubuntu kernel: BIOS-e820: [mem 0x000000000009fc00-0x000000000009ffff] reserved
Jul 07 13:44:24 ubuntu kernel: BIOS-e820: [mem 0x00000000000f0000-0x00000000000fffff] reserved
Jul 07 13:44:24 ubuntu kernel: BIOS-e820: [mem 0x0000000000100000-0x000000003fffafff] usable
Jul 07 13:44:24 ubuntu kernel: BIOS-e820: [mem 0x000000003fffb000-0x000000003fffffff] reserved
Jul 07 13:44:24 ubuntu kernel: BIOS-e820: [mem 0x00000000feffc000-0x00000000feffffff] reserved
Jul 07 13:44:24 ubuntu kernel: BIOS-e820: [mem 0x00000000fffc0000-0x00000000ffffffff] reserved
Jul 07 13:44:24 ubuntu kernel: NX (Execute Disable) protection: active
Jul 07 13:44:24 ubuntu kernel: SMBIOS 2.4 present.
Jul 07 13:44:24 ubuntu kernel: DMI: DigitalOcean Droplet, BIOS 20171212 12/12/2017
Jul 07 13:44:24 ubuntu kernel: Hypervisor detected: KVM
Jul 07 13:44:24 ubuntu kernel: kvm-clock: Using msrs 4b564d01 and 4b564d00
Jul 07 13:44:24 ubuntu kernel: kvm-clock: cpu 0, msr 9c01001, primary cpu clock
Jul 07 13:44:24 ubuntu kernel: kvm-clock: using sched offset of 1264058929 cycles
Jul 07 13:44:24 ubuntu kernel: clocksource: kvm-clock: mask: 0xffffffffffffffff max_cycles: 0x1cd42e4dffb, max_idle_ns: 881590591483 ns
Jul 07 13:44:24 ubuntu kernel: tsc: Detected 2494.106 MHz processor
Jul 07 13:44:24 ubuntu kernel: e820: update [mem 0x00000000-0x00000fff] usable ==> reserved
Jul 07 13:44:24 ubuntu kernel: e820: remove [mem 0x000a0000-0x000fffff] usable
Jul 07 13:44:24 ubuntu kernel: last_pfn = 0x3fffb max_arch_pfn = 0x400000000
Jul 07 13:44:24 ubuntu kernel: MTRR default type: write-back
Jul 07 13:44:24 ubuntu kernel: MTRR fixed ranges enabled:
Jul 07 13:44:24 ubuntu kernel:   00000-9FFFF write-back
Jul 07 13:44:24 ubuntu kernel:   A0000-BFFFF uncachable
Jul 07 13:44:24 ubuntu kernel:   C0000-FFFFF write-protect
Jul 07 13:44:24 ubuntu kernel: MTRR variable ranges enabled:
Jul 07 13:44:24 ubuntu kernel:   0 base 0080000000 mask FF80000000 uncachable
Jul 07 13:44:24 ubuntu kernel:   1 disabled
Jul 07 13:44:24 ubuntu kernel:   2 disabled
Jul 07 13:44:24 ubuntu kernel:   3 disabled
Jul 07 13:44:24 ubuntu kernel:   4 disabled
Jul 07 13:44:24 ubuntu kernel:   5 disabled
Jul 07 13:44:24 ubuntu kernel:   6 disabled
Jul 07 13:44:24 ubuntu kernel:   7 disabled
Jul 07 13:44:24 ubuntu kernel: x86/PAT: Configuration [0-7]: WB  WC  UC- UC  WB  WP  UC- WT  
Jul 07 13:44:24 ubuntu kernel: found SMP MP-table at [mem 0x000f1210-0x000f121f]
Jul 07 13:44:24 ubuntu kernel: check: Scanning 1 areas for low memory corruption
Jul 07 13:44:24 ubuntu kernel: RAMDISK: [mem 0x34bbd000-0x365d5fff]
Jul 07 13:44:24 ubuntu kernel: ACPI: Early table checksum verification disabled
Jul 07 13:44:24 ubuntu kernel: ACPI: RSDP 0x00000000000F1080 000014 (v00 BOCHS )
Jul 07 13:44:24 ubuntu kernel: ACPI: RSDT 0x000000003FFFE340 000038 (v01 BOCHS  BXPCRSDT 00000001 BXPC 00000001)
Jul 07 13:44:24 ubuntu kernel: ACPI: FACP 0x000000003FFFFF80 000074 (v01 BOCHS  BXPCFACP 00000001 BXPC 00000001)
Jul 07 13:44:24 ubuntu kernel: ACPI: DSDT 0x000000003FFFE380 001189 (v01 BOCHS  BXPCDSDT 00000001 BXPC 00000001)
Jul 07 13:44:24 ubuntu kernel: ACPI: FACS 0x000000003FFFFF40 000040
Jul 07 13:44:24 ubuntu kernel: ACPI: SSDT 0x000000003FFFF700 00083B (v01 BOCHS  BXPCSSDT 00000001 BXPC 00000001)
Jul 07 13:44:24 ubuntu kernel: ACPI: APIC 0x000000003FFFF610 000078 (v01 BOCHS  BXPCAPIC 00000001 BXPC 00000001)
Jul 07 13:44:24 ubuntu kernel: ACPI: HPET 0x000000003FFFF5D0 000038 (v01 BOCHS  BXPCHPET 00000001 BXPC 00000001)
Jul 07 13:44:24 ubuntu kernel: ACPI: SRAT 0x000000003FFFF510 0000B8 (v01 BOCHS  BXPCSRAT 00000001 BXPC 00000001)
Jul 07 13:44:24 ubuntu kernel: ACPI: Local APIC address 0xfee00000
Jul 07 13:44:24 ubuntu kernel: SRAT: PXM 0 -> APIC 0x00 -> Node 0
Jul 07 13:44:24 ubuntu kernel: ACPI: SRAT: Node 0 PXM 0 [mem 0x00000000-0x0009ffff]
Jul 07 13:44:24 ubuntu kernel: ACPI: SRAT: Node 0 PXM 0 [mem 0x00100000-0x3fffffff]
Jul 07 13:44:24 ubuntu kernel: NUMA: Node 0 [mem 0x00000000-0x0009ffff] + [mem 0x00100000-0x3fffafff] -> [mem 0x00000000-0x3fffafff]
Jul 07 13:44:24 ubuntu kernel: NODE_DATA(0) allocated [mem 0x3ffd0000-0x3fffafff]
Jul 07 13:44:24 ubuntu kernel: Zone ranges:
Jul 07 13:44:24 ubuntu kernel:   DMA      [mem 0x0000000000001000-0x0000000000ffffff]
Jul 07 13:44:24 ubuntu kernel:   DMA32    [mem 0x0000000001000000-0x000000003fffafff]
Jul 07 13:44:24 ubuntu kernel:   Normal   empty
Jul 07 13:44:24 ubuntu kernel:   Device   empty
Jul 07 13:44:24 ubuntu kernel: Movable zone start for each node
Jul 07 13:44:24 ubuntu kernel: Early memory node ranges
Jul 07 13:44:24 ubuntu kernel:   node   0: [mem 0x0000000000001000-0x000000000009efff]
Jul 07 13:44:24 ubuntu kernel:   node   0: [mem 0x0000000000100000-0x000000003fffafff]
Jul 07 13:44:24 ubuntu kernel: Zeroed struct page in unavailable ranges: 103 pages
Jul 07 13:44:24 ubuntu kernel: Initmem setup node 0 [mem 0x0000000000001000-0x000000003fffafff]
Jul 07 13:44:24 ubuntu kernel: On node 0 totalpages: 262041
Jul 07 13:44:24 ubuntu kernel:   DMA zone: 64 pages used for memmap
Jul 07 13:44:24 ubuntu kernel:   DMA zone: 21 pages reserved
Jul 07 13:44:24 ubuntu kernel:   DMA zone: 3998 pages, LIFO batch:0
Jul 07 13:44:24 ubuntu kernel:   DMA32 zone: 4032 pages used for memmap
Jul 07 13:44:24 ubuntu kernel:   DMA32 zone: 258043 pages, LIFO batch:63
Jul 07 13:44:24 ubuntu kernel: ACPI: PM-Timer IO Port: 0xb008
Jul 07 13:44:24 ubuntu kernel: ACPI: Local APIC address 0xfee00000
Jul 07 13:44:24 ubuntu kernel: ACPI: LAPIC_NMI (acpi_id[0xff] dfl dfl lint[0x1])
Jul 07 13:44:24 ubuntu kernel: IOAPIC[0]: apic_id 0, version 17, address 0xfec00000, GSI 0-23
Jul 07 13:44:24 ubuntu kernel: ACPI: INT_SRC_OVR (bus 0 bus_irq 0 global_irq 2 dfl dfl)
Jul 07 13:44:24 ubuntu kernel: ACPI: INT_SRC_OVR (bus 0 bus_irq 5 global_irq 5 high level)
Jul 07 13:44:24 ubuntu kernel: ACPI: INT_SRC_OVR (bus 0 bus_irq 9 global_irq 9 high level)
Jul 07 13:44:24 ubuntu kernel: ACPI: INT_SRC_OVR (bus 0 bus_irq 10 global_irq 10 high level)
Jul 07 13:44:24 ubuntu kernel: ACPI: INT_SRC_OVR (bus 0 bus_irq 11 global_irq 11 high level)
Jul 07 13:44:24 ubuntu kernel: ACPI: IRQ0 used by override.
Jul 07 13:44:24 ubuntu kernel: ACPI: IRQ5 used by override.
Jul 07 13:44:24 ubuntu kernel: ACPI: IRQ9 used by override.
Jul 07 13:44:24 ubuntu kernel: ACPI: IRQ10 used by override.
Jul 07 13:44:24 ubuntu kernel: ACPI: IRQ11 used by override.
Jul 07 13:44:24 ubuntu kernel: Using ACPI (MADT) for SMP configuration information
Jul 07 13:44:24 ubuntu kernel: ACPI: HPET id: 0x8086a201 base: 0xfed00000
Jul 07 13:44:24 ubuntu kernel: TSC deadline timer available
Jul 07 13:44:24 ubuntu kernel: smpboot: Allowing 1 CPUs, 0 hotplug CPUs
Jul 07 13:44:24 ubuntu kernel: PM: Registered nosave memory: [mem 0x00000000-0x00000fff]
Jul 07 13:44:24 ubuntu kernel: PM: Registered nosave memory: [mem 0x0009f000-0x0009ffff]
Jul 07 13:44:24 ubuntu kernel: PM: Registered nosave memory: [mem 0x000a0000-0x000effff]
Jul 07 13:44:24 ubuntu kernel: PM: Registered nosave memory: [mem 0x000f0000-0x000fffff]
Jul 07 13:44:24 ubuntu kernel: [mem 0x40000000-0xfeffbfff] available for PCI devices
Jul 07 13:44:24 ubuntu kernel: Booting paravirtualized kernel on KVM
Jul 07 13:44:24 ubuntu kernel: clocksource: refined-jiffies: mask: 0xffffffff max_cycles: 0xffffffff, max_idle_ns: 7645519600211568 ns
Jul 07 13:44:24 ubuntu kernel: setup_percpu: NR_CPUS:8192 nr_cpumask_bits:1 nr_cpu_ids:1 nr_node_ids:1
Jul 07 13:44:24 ubuntu kernel: percpu: Embedded 55 pages/cpu s188416 r8192 d28672 u2097152
Jul 07 13:44:24 ubuntu kernel: pcpu-alloc: s188416 r8192 d28672 u2097152 alloc=1*2097152
Jul 07 13:44:24 ubuntu kernel: pcpu-alloc: [0] 0 
Jul 07 13:44:24 ubuntu kernel: KVM setup async PF for cpu 0
Jul 07 13:44:24 ubuntu kernel: kvm-stealtime: cpu 0, msr 3ea2d040
Jul 07 13:44:24 ubuntu kernel: Built 1 zonelists, mobility grouping on.  Total pages: 257924
Jul 07 13:44:24 ubuntu kernel: Policy zone: DMA32
Jul 07 13:44:24 ubuntu kernel: Kernel command line: BOOT_IMAGE=/boot/vmlinuz-5.4.0-73-generic root=UUID=e17a595e-18f3-45e3-8f22-e0d1005fbae1 ro console=tty1 console=ttyS0
Jul 07 13:44:24 ubuntu kernel: Dentry cache hash table entries: 131072 (order: 8, 1048576 bytes, linear)
Jul 07 13:44:24 ubuntu kernel: Inode-cache hash table entries: 65536 (order: 7, 524288 bytes, linear)
Jul 07 13:44:24 ubuntu kernel: mem auto-init: stack:off, heap alloc:on, heap free:off
Jul 07 13:44:24 ubuntu kernel: Calgary: detecting Calgary via BIOS EBDA area
Jul 07 13:44:24 ubuntu kernel: Calgary: Unable to locate Rio Grande table in EBDA - bailing!
Jul 07 13:44:24 ubuntu kernel: Memory: 970172K/1048164K available (14339K kernel code, 2400K rwdata, 5008K rodata, 2732K init, 4972K bss, 77992K reserved, 0K cma-reserved)
Jul 07 13:44:24 ubuntu kernel: random: get_random_u64 called from kmem_cache_open+0x2d/0x410 with crng_init=0
Jul 07 13:44:24 ubuntu kernel: SLUB: HWalign=64, Order=0-3, MinObjects=0, CPUs=1, Nodes=1
Jul 07 13:44:24 ubuntu kernel: Kernel/User page tables isolation: enabled
Jul 07 13:44:24 ubuntu kernel: ftrace: allocating 44586 entries in 175 pages
Jul 07 13:44:24 ubuntu kernel: rcu: Hierarchical RCU implementation.
Jul 07 13:44:24 ubuntu kernel: rcu:         RCU restricting CPUs from NR_CPUS=8192 to nr_cpu_ids=1.
Jul 07 13:44:24 ubuntu kernel:         Tasks RCU enabled.
Jul 07 13:44:24 ubuntu kernel: rcu: RCU calculated value of scheduler-enlistment delay is 25 jiffies.
Jul 07 13:44:24 ubuntu kernel: rcu: Adjusting geometry for rcu_fanout_leaf=16, nr_cpu_ids=1
Jul 07 13:44:24 ubuntu kernel: NR_IRQS: 524544, nr_irqs: 256, preallocated irqs: 16
Jul 07 13:44:24 ubuntu kernel: random: crng done (trusting CPU's manufacturer)
Jul 07 13:44:24 ubuntu kernel: Console: colour VGA+ 80x25
Jul 07 13:44:24 ubuntu kernel: printk: console [tty1] enabled
Jul 07 13:44:24 ubuntu kernel: printk: console [ttyS0] enabled
Jul 07 13:44:24 ubuntu kernel: ACPI: Core revision 20190816
Jul 07 13:44:24 ubuntu kernel: clocksource: hpet: mask: 0xffffffff max_cycles: 0xffffffff, max_idle_ns: 19112604467 ns
Jul 07 13:44:24 ubuntu kernel: APIC: Switch to symmetric I/O mode setup
Jul 07 13:44:24 ubuntu kernel: x2apic enabled
Jul 07 13:44:24 ubuntu kernel: Switched APIC routing to physical x2apic.
Jul 07 13:44:24 ubuntu kernel: ..TIMER: vector=0x30 apic1=0 pin1=2 apic2=-1 pin2=-1
Jul 07 13:44:24 ubuntu kernel: clocksource: tsc-early: mask: 0xffffffffffffffff max_cycles: 0x23f37a3ea0f, max_idle_ns: 440795328155 ns
Jul 07 13:44:24 ubuntu kernel: Calibrating delay loop (skipped) preset value.. 4988.21 BogoMIPS (lpj=9976424)
Jul 07 13:44:24 ubuntu kernel: pid_max: default: 32768 minimum: 301
Jul 07 13:44:24 ubuntu kernel: LSM: Security Framework initializing
Jul 07 13:44:24 ubuntu kernel: Yama: becoming mindful.
Jul 07 13:44:24 ubuntu kernel: AppArmor: AppArmor initialized
Jul 07 13:44:24 ubuntu kernel: Mount-cache hash table entries: 2048 (order: 2, 16384 bytes, linear)
Jul 07 13:44:24 ubuntu kernel: Mountpoint-cache hash table entries: 2048 (order: 2, 16384 bytes, linear)
Jul 07 13:44:24 ubuntu kernel: *** VALIDATE tmpfs ***
Jul 07 13:44:24 ubuntu kernel: *** VALIDATE proc ***
Jul 07 13:44:24 ubuntu kernel: *** VALIDATE cgroup1 ***
Jul 07 13:44:24 ubuntu kernel: *** VALIDATE cgroup2 ***
Jul 07 13:44:24 ubuntu kernel: Last level iTLB entries: 4KB 0, 2MB 0, 4MB 0
Jul 07 13:44:24 ubuntu kernel: Last level dTLB entries: 4KB 0, 2MB 0, 4MB 0, 1GB 0
Jul 07 13:44:24 ubuntu kernel: Spectre V1 : Mitigation: usercopy/swapgs barriers and __user pointer sanitization
Jul 07 13:44:24 ubuntu kernel: Spectre V2 : Mitigation: Full generic retpoline
Jul 07 13:44:24 ubuntu kernel: Spectre V2 : Spectre v2 / SpectreRSB mitigation: Filling RSB on context switch
Jul 07 13:44:24 ubuntu kernel: Spectre V2 : Enabling Restricted Speculation for firmware calls
Jul 07 13:44:24 ubuntu kernel: Spectre V2 : mitigation: Enabling conditional Indirect Branch Prediction Barrier
Jul 07 13:44:24 ubuntu kernel: Speculative Store Bypass: Mitigation: Speculative Store Bypass disabled via prctl and seccomp
Jul 07 13:44:24 ubuntu kernel: MDS: Mitigation: Clear CPU buffers
Jul 07 13:44:24 ubuntu kernel: Freeing SMP alternatives memory: 40K
Jul 07 13:44:24 ubuntu kernel: smpboot: CPU0: Intel DO-Regular (family: 0x6, model: 0x3f, stepping: 0x2)
Jul 07 13:44:24 ubuntu kernel: Performance Events: Haswell events, Intel PMU driver.
Jul 07 13:44:24 ubuntu kernel: ... version:                2
Jul 07 13:44:24 ubuntu kernel: ... bit width:              48
Jul 07 13:44:24 ubuntu kernel: ... generic registers:      4
Jul 07 13:44:24 ubuntu kernel: ... value mask:             0000ffffffffffff
Jul 07 13:44:24 ubuntu kernel: ... max period:             000000007fffffff
Jul 07 13:44:24 ubuntu kernel: ... fixed-purpose events:   3
Jul 07 13:44:24 ubuntu kernel: ... event mask:             000000070000000f
Jul 07 13:44:24 ubuntu kernel: rcu: Hierarchical SRCU implementation.
Jul 07 13:44:24 ubuntu kernel: smp: Bringing up secondary CPUs ...
Jul 07 13:44:24 ubuntu kernel: smp: Brought up 1 node, 1 CPU
Jul 07 13:44:24 ubuntu kernel: smpboot: Max logical packages: 1
Jul 07 13:44:24 ubuntu kernel: smpboot: Total of 1 processors activated (4988.21 BogoMIPS)
Jul 07 13:44:24 ubuntu kernel: devtmpfs: initialized
Jul 07 13:44:24 ubuntu kernel: x86/mm: Memory block size: 128MB
Jul 07 13:44:24 ubuntu kernel: clocksource: jiffies: mask: 0xffffffff max_cycles: 0xffffffff, max_idle_ns: 7645041785100000 ns
Jul 07 13:44:24 ubuntu kernel: futex hash table entries: 256 (order: 2, 16384 bytes, linear)
Jul 07 13:44:24 ubuntu kernel: pinctrl core: initialized pinctrl subsystem
Jul 07 13:44:24 ubuntu kernel: PM: RTC time: 13:44:20, date: 2021-07-07
Jul 07 13:44:24 ubuntu kernel: NET: Registered protocol family 16
Jul 07 13:44:24 ubuntu kernel: audit: initializing netlink subsys (disabled)
Jul 07 13:44:24 ubuntu kernel: EISA bus registered
Jul 07 13:44:24 ubuntu kernel: cpuidle: using governor ladder
Jul 07 13:44:24 ubuntu kernel: cpuidle: using governor menu
Jul 07 13:44:24 ubuntu kernel: ACPI: bus type PCI registered
Jul 07 13:44:24 ubuntu kernel: acpiphp: ACPI Hot Plug PCI Controller Driver version: 0.5
Jul 07 13:44:24 ubuntu kernel: audit: type=2000 audit(1625665461.542:1): state=initialized audit_enabled=0 res=1
Jul 07 13:44:24 ubuntu kernel: PCI: Using configuration type 1 for base access
Jul 07 13:44:24 ubuntu kernel: core: PMU erratum BJ122, BV98, HSD29 workaround disabled, HT off
Jul 07 13:44:24 ubuntu kernel: HugeTLB registered 2.00 MiB page size, pre-allocated 0 pages
Jul 07 13:44:24 ubuntu kernel: ACPI: Added _OSI(Module Device)
Jul 07 13:44:24 ubuntu kernel: ACPI: Added _OSI(Processor Device)
Jul 07 13:44:24 ubuntu kernel: ACPI: Added _OSI(3.0 _SCP Extensions)
Jul 07 13:44:24 ubuntu kernel: ACPI: Added _OSI(Processor Aggregator Device)
Jul 07 13:44:24 ubuntu kernel: ACPI: Added _OSI(Linux-Dell-Video)
Jul 07 13:44:24 ubuntu kernel: ACPI: Added _OSI(Linux-Lenovo-NV-HDMI-Audio)
Jul 07 13:44:24 ubuntu kernel: ACPI: Added _OSI(Linux-HPI-Hybrid-Graphics)
Jul 07 13:44:24 ubuntu kernel: ACPI: 2 ACPI AML tables successfully acquired and loaded
Jul 07 13:44:24 ubuntu kernel: ACPI: Interpreter enabled
Jul 07 13:44:24 ubuntu kernel: ACPI: (supports S0 S3 S4 S5)
Jul 07 13:44:24 ubuntu kernel: ACPI: Using IOAPIC for interrupt routing
Jul 07 13:44:24 ubuntu kernel: PCI: Using host bridge windows from ACPI; if necessary, use "pci=nocrs" and report a bug
Jul 07 13:44:24 ubuntu kernel: ACPI: Enabled 16 GPEs in block 00 to 0F
Jul 07 13:44:24 ubuntu kernel: ACPI: PCI Root Bridge [PCI0] (domain 0000 [bus 00-ff])
Jul 07 13:44:24 ubuntu kernel: acpi PNP0A03:00: _OSC: OS supports [ASPM ClockPM Segments MSI HPX-Type3]
Jul 07 13:44:24 ubuntu kernel: acpi PNP0A03:00: fail to add MMCONFIG information, can't access extended PCI configuration space under this bridge.
Jul 07 13:44:24 ubuntu kernel: acpiphp: Slot [3] registered
Jul 07 13:44:24 ubuntu kernel: acpiphp: Slot [4] registered
Jul 07 13:44:24 ubuntu kernel: acpiphp: Slot [5] registered
Jul 07 13:44:24 ubuntu kernel: acpiphp: Slot [6] registered
Jul 07 13:44:24 ubuntu kernel: acpiphp: Slot [7] registered
Jul 07 13:44:24 ubuntu kernel: acpiphp: Slot [8] registered
Jul 07 13:44:24 ubuntu kernel: acpiphp: Slot [9] registered
Jul 07 13:44:24 ubuntu kernel: acpiphp: Slot [10] registered
Jul 07 13:44:24 ubuntu kernel: acpiphp: Slot [11] registered
Jul 07 13:44:24 ubuntu kernel: acpiphp: Slot [12] registered
Jul 07 13:44:24 ubuntu kernel: acpiphp: Slot [13] registered
Jul 07 13:44:24 ubuntu kernel: acpiphp: Slot [14] registered
Jul 07 13:44:24 ubuntu kernel: acpiphp: Slot [15] registered
Jul 07 13:44:24 ubuntu kernel: acpiphp: Slot [16] registered
Jul 07 13:44:24 ubuntu kernel: acpiphp: Slot [17] registered
Jul 07 13:44:24 ubuntu kernel: acpiphp: Slot [18] registered
Jul 07 13:44:24 ubuntu kernel: acpiphp: Slot [19] registered
Jul 07 13:44:24 ubuntu kernel: acpiphp: Slot [20] registered
Jul 07 13:44:24 ubuntu kernel: acpiphp: Slot [21] registered
Jul 07 13:44:24 ubuntu kernel: acpiphp: Slot [22] registered
Jul 07 13:44:24 ubuntu kernel: acpiphp: Slot [23] registered
Jul 07 13:44:24 ubuntu kernel: acpiphp: Slot [24] registered
Jul 07 13:44:24 ubuntu kernel: acpiphp: Slot [25] registered
Jul 07 13:44:24 ubuntu kernel: acpiphp: Slot [26] registered
Jul 07 13:44:24 ubuntu kernel: acpiphp: Slot [27] registered
Jul 07 13:44:24 ubuntu kernel: acpiphp: Slot [28] registered
Jul 07 13:44:24 ubuntu kernel: acpiphp: Slot [29] registered
Jul 07 13:44:24 ubuntu kernel: acpiphp: Slot [30] registered
Jul 07 13:44:24 ubuntu kernel: acpiphp: Slot [31] registered
Jul 07 13:44:24 ubuntu kernel: PCI host bridge to bus 0000:00
Jul 07 13:44:24 ubuntu kernel: pci_bus 0000:00: root bus resource [io  0x0000-0x0cf7 window]
Jul 07 13:44:24 ubuntu kernel: pci_bus 0000:00: root bus resource [io  0x0d00-0xffff window]
Jul 07 13:44:24 ubuntu kernel: pci_bus 0000:00: root bus resource [mem 0x000a0000-0x000bffff window]
Jul 07 13:44:24 ubuntu kernel: pci_bus 0000:00: root bus resource [mem 0x80000000-0xfebfffff window]
Jul 07 13:44:24 ubuntu kernel: pci_bus 0000:00: root bus resource [bus 00-ff]
Jul 07 13:44:24 ubuntu kernel: pci 0000:00:00.0: [8086:1237] type 00 class 0x060000
Jul 07 13:44:24 ubuntu kernel: pci 0000:00:01.0: [8086:7000] type 00 class 0x060100
Jul 07 13:44:24 ubuntu kernel: pci 0000:00:01.1: [8086:7010] type 00 class 0x010180
Jul 07 13:44:24 ubuntu kernel: pci 0000:00:01.1: reg 0x20: [io  0xc120-0xc12f]
Jul 07 13:44:24 ubuntu kernel: pci 0000:00:01.1: legacy IDE quirk: reg 0x10: [io  0x01f0-0x01f7]
Jul 07 13:44:24 ubuntu kernel: pci 0000:00:01.1: legacy IDE quirk: reg 0x14: [io  0x03f6]
Jul 07 13:44:24 ubuntu kernel: pci 0000:00:01.1: legacy IDE quirk: reg 0x18: [io  0x0170-0x0177]
Jul 07 13:44:24 ubuntu kernel: pci 0000:00:01.1: legacy IDE quirk: reg 0x1c: [io  0x0376]
Jul 07 13:44:24 ubuntu kernel: pci 0000:00:01.2: [8086:7020] type 00 class 0x0c0300
Jul 07 13:44:24 ubuntu kernel: pci 0000:00:01.2: reg 0x20: [io  0xc080-0xc09f]
Jul 07 13:44:24 ubuntu kernel: pci 0000:00:01.3: [8086:7113] type 00 class 0x068000
Jul 07 13:44:24 ubuntu kernel: pci 0000:00:01.3: quirk: [io  0xb000-0xb03f] claimed by PIIX4 ACPI
Jul 07 13:44:24 ubuntu kernel: pci 0000:00:01.3: quirk: [io  0xb100-0xb10f] claimed by PIIX4 SMB
Jul 07 13:44:24 ubuntu kernel: pci 0000:00:02.0: [1b36:0100] type 00 class 0x030000
Jul 07 13:44:24 ubuntu kernel: pci 0000:00:02.0: reg 0x10: [mem 0xf8000000-0xfbffffff]
Jul 07 13:44:24 ubuntu kernel: pci 0000:00:02.0: reg 0x14: [mem 0xfc000000-0xfcffffff]
Jul 07 13:44:24 ubuntu kernel: pci 0000:00:02.0: reg 0x18: [mem 0xfd010000-0xfd011fff]
Jul 07 13:44:24 ubuntu kernel: pci 0000:00:02.0: reg 0x1c: [io  0xc0a0-0xc0bf]
Jul 07 13:44:24 ubuntu kernel: pci 0000:00:02.0: reg 0x30: [mem 0xfd000000-0xfd00ffff pref]
Jul 07 13:44:24 ubuntu kernel: pci 0000:00:03.0: [1af4:1000] type 00 class 0x020000
Jul 07 13:44:24 ubuntu kernel: pci 0000:00:03.0: reg 0x10: [io  0xc0c0-0xc0df]
Jul 07 13:44:24 ubuntu kernel: pci 0000:00:03.0: reg 0x14: [mem 0xfd012000-0xfd012fff]
Jul 07 13:44:24 ubuntu kernel: pci 0000:00:04.0: [1af4:1000] type 00 class 0x020000
Jul 07 13:44:24 ubuntu kernel: pci 0000:00:04.0: reg 0x10: [io  0xc0e0-0xc0ff]
Jul 07 13:44:24 ubuntu kernel: pci 0000:00:04.0: reg 0x14: [mem 0xfd013000-0xfd013fff]
Jul 07 13:44:24 ubuntu kernel: pci 0000:00:05.0: [1af4:1004] type 00 class 0x010000
Jul 07 13:44:24 ubuntu kernel: pci 0000:00:05.0: reg 0x10: [io  0xc000-0xc03f]
Jul 07 13:44:24 ubuntu kernel: pci 0000:00:05.0: reg 0x14: [mem 0xfd014000-0xfd014fff]
Jul 07 13:44:24 ubuntu kernel: pci 0000:00:06.0: [1af4:1001] type 00 class 0x010000
Jul 07 13:44:24 ubuntu kernel: pci 0000:00:06.0: reg 0x10: [io  0xc040-0xc07f]
Jul 07 13:44:24 ubuntu kernel: pci 0000:00:06.0: reg 0x14: [mem 0xfd015000-0xfd015fff]
Jul 07 13:44:24 ubuntu kernel: pci 0000:00:07.0: [1af4:1002] type 00 class 0x00ff00
Jul 07 13:44:24 ubuntu kernel: pci 0000:00:07.0: reg 0x10: [io  0xc100-0xc11f]
Jul 07 13:44:24 ubuntu kernel: ACPI: PCI Interrupt Link [LNKA] (IRQs 5 *10 11)
Jul 07 13:44:24 ubuntu kernel: ACPI: PCI Interrupt Link [LNKB] (IRQs 5 *10 11)
Jul 07 13:44:24 ubuntu kernel: ACPI: PCI Interrupt Link [LNKC] (IRQs 5 10 *11)
Jul 07 13:44:24 ubuntu kernel: ACPI: PCI Interrupt Link [LNKD] (IRQs 5 10 *11)
Jul 07 13:44:24 ubuntu kernel: ACPI: PCI Interrupt Link [LNKS] (IRQs *9)
Jul 07 13:44:24 ubuntu kernel: iommu: Default domain type: Translated 
Jul 07 13:44:24 ubuntu kernel: SCSI subsystem initialized
Jul 07 13:44:24 ubuntu kernel: libata version 3.00 loaded.
Jul 07 13:44:24 ubuntu kernel: pci 0000:00:02.0: vgaarb: setting as boot VGA device
Jul 07 13:44:24 ubuntu kernel: pci 0000:00:02.0: vgaarb: VGA device added: decodes=io+mem,owns=io+mem,locks=none
Jul 07 13:44:24 ubuntu kernel: pci 0000:00:02.0: vgaarb: bridge control possible
Jul 07 13:44:24 ubuntu kernel: vgaarb: loaded
Jul 07 13:44:24 ubuntu kernel: ACPI: bus type USB registered
Jul 07 13:44:24 ubuntu kernel: usbcore: registered new interface driver usbfs
Jul 07 13:44:24 ubuntu kernel: usbcore: registered new interface driver hub
Jul 07 13:44:24 ubuntu kernel: usbcore: registered new device driver usb
Jul 07 13:44:24 ubuntu kernel: pps_core: LinuxPPS API ver. 1 registered
Jul 07 13:44:24 ubuntu kernel: pps_core: Software ver. 5.3.6 - Copyright 2005-2007 Rodolfo Giometti <giometti@linux.it>
Jul 07 13:44:24 ubuntu kernel: PTP clock support registered
Jul 07 13:44:24 ubuntu kernel: EDAC MC: Ver: 3.0.0
Jul 07 13:44:24 ubuntu kernel: PCI: Using ACPI for IRQ routing
Jul 07 13:44:24 ubuntu kernel: PCI: pci_cache_line_size set to 64 bytes
Jul 07 13:44:24 ubuntu kernel: e820: reserve RAM buffer [mem 0x0009fc00-0x0009ffff]
Jul 07 13:44:24 ubuntu kernel: e820: reserve RAM buffer [mem 0x3fffb000-0x3fffffff]
Jul 07 13:44:24 ubuntu kernel: NetLabel: Initializing
Jul 07 13:44:24 ubuntu kernel: NetLabel:  domain hash size = 128
Jul 07 13:44:24 ubuntu kernel: NetLabel:  protocols = UNLABELED CIPSOv4 CALIPSO
Jul 07 13:44:24 ubuntu kernel: NetLabel:  unlabeled traffic allowed by default
Jul 07 13:44:24 ubuntu kernel: hpet: 3 channels of 0 reserved for per-cpu timers
Jul 07 13:44:24 ubuntu kernel: hpet0: at MMIO 0xfed00000, IRQs 2, 8, 0
Jul 07 13:44:24 ubuntu kernel: hpet0: 3 comparators, 64-bit 100.000000 MHz counter
Jul 07 13:44:24 ubuntu kernel: clocksource: Switched to clocksource kvm-clock
Jul 07 13:44:24 ubuntu kernel: *** VALIDATE bpf ***
Jul 07 13:44:24 ubuntu kernel: VFS: Disk quotas dquot_6.6.0
Jul 07 13:44:24 ubuntu kernel: VFS: Dquot-cache hash table entries: 512 (order 0, 4096 bytes)
Jul 07 13:44:24 ubuntu kernel: *** VALIDATE ramfs ***
Jul 07 13:44:24 ubuntu kernel: *** VALIDATE hugetlbfs ***
Jul 07 13:44:24 ubuntu kernel: AppArmor: AppArmor Filesystem Enabled
Jul 07 13:44:24 ubuntu kernel: pnp: PnP ACPI init
Jul 07 13:44:24 ubuntu kernel: pnp 00:00: Plug and Play ACPI device, IDs PNP0b00 (active)
Jul 07 13:44:24 ubuntu kernel: pnp 00:01: Plug and Play ACPI device, IDs PNP0303 (active)
Jul 07 13:44:24 ubuntu kernel: pnp 00:02: Plug and Play ACPI device, IDs PNP0f13 (active)
Jul 07 13:44:24 ubuntu kernel: pnp 00:03: [dma 2]
Jul 07 13:44:24 ubuntu kernel: pnp 00:03: Plug and Play ACPI device, IDs PNP0700 (active)
Jul 07 13:44:24 ubuntu kernel: pnp 00:04: Plug and Play ACPI device, IDs PNP0501 (active)
Jul 07 13:44:24 ubuntu kernel: pnp: PnP ACPI: found 5 devices
Jul 07 13:44:24 ubuntu kernel: thermal_sys: Registered thermal governor 'fair_share'
Jul 07 13:44:24 ubuntu kernel: thermal_sys: Registered thermal governor 'bang_bang'
Jul 07 13:44:24 ubuntu kernel: thermal_sys: Registered thermal governor 'step_wise'
Jul 07 13:44:24 ubuntu kernel: thermal_sys: Registered thermal governor 'user_space'
Jul 07 13:44:24 ubuntu kernel: thermal_sys: Registered thermal governor 'power_allocator'
Jul 07 13:44:24 ubuntu kernel: clocksource: acpi_pm: mask: 0xffffff max_cycles: 0xffffff, max_idle_ns: 2085701024 ns
Jul 07 13:44:24 ubuntu kernel: pci_bus 0000:00: resource 4 [io  0x0000-0x0cf7 window]
Jul 07 13:44:24 ubuntu kernel: pci_bus 0000:00: resource 5 [io  0x0d00-0xffff window]
Jul 07 13:44:24 ubuntu kernel: pci_bus 0000:00: resource 6 [mem 0x000a0000-0x000bffff window]
Jul 07 13:44:24 ubuntu kernel: pci_bus 0000:00: resource 7 [mem 0x80000000-0xfebfffff window]
Jul 07 13:44:24 ubuntu kernel: NET: Registered protocol family 2
Jul 07 13:44:24 ubuntu kernel: tcp_listen_portaddr_hash hash table entries: 512 (order: 1, 8192 bytes, linear)
Jul 07 13:44:24 ubuntu kernel: TCP established hash table entries: 8192 (order: 4, 65536 bytes, linear)
Jul 07 13:44:24 ubuntu kernel: TCP bind hash table entries: 8192 (order: 5, 131072 bytes, linear)
Jul 07 13:44:24 ubuntu kernel: TCP: Hash tables configured (established 8192 bind 8192)
Jul 07 13:44:24 ubuntu kernel: UDP hash table entries: 512 (order: 2, 16384 bytes, linear)
Jul 07 13:44:24 ubuntu kernel: UDP-Lite hash table entries: 512 (order: 2, 16384 bytes, linear)
Jul 07 13:44:24 ubuntu kernel: NET: Registered protocol family 1
Jul 07 13:44:24 ubuntu kernel: NET: Registered protocol family 44
Jul 07 13:44:24 ubuntu kernel: pci 0000:00:01.0: PIIX3: Enabling Passive Release
Jul 07 13:44:24 ubuntu kernel: pci 0000:00:00.0: Limiting direct PCI/PCI transfers
Jul 07 13:44:24 ubuntu kernel: pci 0000:00:01.0: Activating ISA DMA hang workarounds
Jul 07 13:44:24 ubuntu kernel: PCI Interrupt Link [LNKD] enabled at IRQ 11
Jul 07 13:44:24 ubuntu kernel: pci 0000:00:02.0: Video device with shadowed ROM at [mem 0x000c0000-0x000dffff]
Jul 07 13:44:24 ubuntu kernel: PCI: CLS 0 bytes, default 64
Jul 07 13:44:24 ubuntu kernel: Trying to unpack rootfs image as initramfs...
Jul 07 13:44:24 ubuntu kernel: Freeing initrd memory: 26724K
Jul 07 13:44:24 ubuntu kernel: clocksource: tsc: mask: 0xffffffffffffffff max_cycles: 0x23f37a3ea0f, max_idle_ns: 440795328155 ns
Jul 07 13:44:24 ubuntu kernel: check: Scanning for low memory corruption every 60 seconds
Jul 07 13:44:24 ubuntu kernel: Initialise system trusted keyrings
Jul 07 13:44:24 ubuntu kernel: Key type blacklist registered
Jul 07 13:44:24 ubuntu kernel: workingset: timestamp_bits=36 max_order=18 bucket_order=0
Jul 07 13:44:24 ubuntu kernel: zbud: loaded
Jul 07 13:44:24 ubuntu kernel: squashfs: version 4.0 (2009/01/31) Phillip Lougher
Jul 07 13:44:24 ubuntu kernel: fuse: init (API version 7.31)
Jul 07 13:44:24 ubuntu kernel: *** VALIDATE fuse ***
Jul 07 13:44:24 ubuntu kernel: *** VALIDATE fuse ***
Jul 07 13:44:24 ubuntu kernel: Platform Keyring initialized
Jul 07 13:44:24 ubuntu kernel: Key type asymmetric registered
Jul 07 13:44:24 ubuntu kernel: Asymmetric key parser 'x509' registered
Jul 07 13:44:24 ubuntu kernel: Block layer SCSI generic (bsg) driver version 0.4 loaded (major 244)
Jul 07 13:44:24 ubuntu kernel: io scheduler mq-deadline registered
Jul 07 13:44:24 ubuntu kernel: shpchp: Standard Hot Plug PCI Controller Driver version: 0.4
Jul 07 13:44:24 ubuntu kernel: intel_idle: Please enable MWAIT in BIOS SETUP
Jul 07 13:44:24 ubuntu kernel: input: Power Button as /devices/LNXSYSTM:00/LNXPWRBN:00/input/input0
Jul 07 13:44:24 ubuntu kernel: ACPI: Power Button [PWRF]
Jul 07 13:44:24 ubuntu kernel: PCI Interrupt Link [LNKC] enabled at IRQ 10
Jul 07 13:44:24 ubuntu kernel: virtio-pci 0000:00:03.0: virtio_pci: leaving for legacy driver
Jul 07 13:44:24 ubuntu kernel: virtio-pci 0000:00:04.0: virtio_pci: leaving for legacy driver
Jul 07 13:44:24 ubuntu kernel: PCI Interrupt Link [LNKA] enabled at IRQ 10
Jul 07 13:44:24 ubuntu kernel: virtio-pci 0000:00:05.0: virtio_pci: leaving for legacy driver
Jul 07 13:44:24 ubuntu kernel: PCI Interrupt Link [LNKB] enabled at IRQ 11
Jul 07 13:44:24 ubuntu kernel: virtio-pci 0000:00:06.0: virtio_pci: leaving for legacy driver
Jul 07 13:44:24 ubuntu kernel: virtio-pci 0000:00:07.0: virtio_pci: leaving for legacy driver
Jul 07 13:44:24 ubuntu kernel: Serial: 8250/16550 driver, 32 ports, IRQ sharing enabled
Jul 07 13:44:24 ubuntu kernel: 00:04: ttyS0 at I/O 0x3f8 (irq = 4, base_baud = 115200) is a 16550A
Jul 07 13:44:24 ubuntu kernel: Linux agpgart interface v0.103
Jul 07 13:44:24 ubuntu kernel: loop: module loaded
Jul 07 13:44:24 ubuntu kernel: ata_piix 0000:00:01.1: version 2.13
Jul 07 13:44:24 ubuntu kernel: scsi host0: ata_piix
Jul 07 13:44:24 ubuntu kernel: scsi host1: ata_piix
Jul 07 13:44:24 ubuntu kernel: ata1: PATA max MWDMA2 cmd 0x1f0 ctl 0x3f6 bmdma 0xc120 irq 14
Jul 07 13:44:24 ubuntu kernel: ata2: PATA max MWDMA2 cmd 0x170 ctl 0x376 bmdma 0xc128 irq 15
Jul 07 13:44:24 ubuntu kernel: libphy: Fixed MDIO Bus: probed
Jul 07 13:44:24 ubuntu kernel: tun: Universal TUN/TAP device driver, 1.6
Jul 07 13:44:24 ubuntu kernel: PPP generic driver version 2.4.2
Jul 07 13:44:24 ubuntu kernel: VFIO - User Level meta-driver version: 0.3
Jul 07 13:44:24 ubuntu kernel: ehci_hcd: USB 2.0 'Enhanced' Host Controller (EHCI) Driver
Jul 07 13:44:24 ubuntu kernel: ehci-pci: EHCI PCI platform driver
Jul 07 13:44:24 ubuntu kernel: ehci-platform: EHCI generic platform driver
Jul 07 13:44:24 ubuntu kernel: ohci_hcd: USB 1.1 'Open' Host Controller (OHCI) Driver
Jul 07 13:44:24 ubuntu kernel: ohci-pci: OHCI PCI platform driver
Jul 07 13:44:24 ubuntu kernel: ohci-platform: OHCI generic platform driver
Jul 07 13:44:24 ubuntu kernel: uhci_hcd: USB Universal Host Controller Interface driver
Jul 07 13:44:24 ubuntu kernel: uhci_hcd 0000:00:01.2: UHCI Host Controller
Jul 07 13:44:24 ubuntu kernel: uhci_hcd 0000:00:01.2: new USB bus registered, assigned bus number 1
Jul 07 13:44:24 ubuntu kernel: uhci_hcd 0000:00:01.2: detected 2 ports
Jul 07 13:44:24 ubuntu kernel: uhci_hcd 0000:00:01.2: irq 11, io base 0x0000c080
Jul 07 13:44:24 ubuntu kernel: usb usb1: New USB device found, idVendor=1d6b, idProduct=0001, bcdDevice= 5.04
Jul 07 13:44:24 ubuntu kernel: usb usb1: New USB device strings: Mfr=3, Product=2, SerialNumber=1
Jul 07 13:44:24 ubuntu kernel: usb usb1: Product: UHCI Host Controller
Jul 07 13:44:24 ubuntu kernel: usb usb1: Manufacturer: Linux 5.4.0-73-generic uhci_hcd
Jul 07 13:44:24 ubuntu kernel: usb usb1: SerialNumber: 0000:00:01.2
Jul 07 13:44:24 ubuntu kernel: hub 1-0:1.0: USB hub found
Jul 07 13:44:24 ubuntu kernel: hub 1-0:1.0: 2 ports detected
Jul 07 13:44:24 ubuntu kernel: i8042: PNP: PS/2 Controller [PNP0303:KBD,PNP0f13:MOU] at 0x60,0x64 irq 1,12
Jul 07 13:44:24 ubuntu kernel: serio: i8042 KBD port at 0x60,0x64 irq 1
Jul 07 13:44:24 ubuntu kernel: serio: i8042 AUX port at 0x60,0x64 irq 12
Jul 07 13:44:24 ubuntu kernel: mousedev: PS/2 mouse device common for all mice
Jul 07 13:44:24 ubuntu kernel: input: AT Translated Set 2 keyboard as /devices/platform/i8042/serio0/input/input1
Jul 07 13:44:24 ubuntu kernel: rtc_cmos 00:00: RTC can wake from S4
Jul 07 13:44:24 ubuntu kernel: rtc_cmos 00:00: registered as rtc0
Jul 07 13:44:24 ubuntu kernel: rtc_cmos 00:00: alarms up to one day, 114 bytes nvram, hpet irqs
Jul 07 13:44:24 ubuntu kernel: i2c /dev entries driver
Jul 07 13:44:24 ubuntu kernel: device-mapper: uevent: version 1.0.3
Jul 07 13:44:24 ubuntu kernel: device-mapper: ioctl: 4.41.0-ioctl (2019-09-16) initialised: dm-devel@redhat.com
Jul 07 13:44:24 ubuntu kernel: platform eisa.0: Probing EISA bus 0
Jul 07 13:44:24 ubuntu kernel: platform eisa.0: EISA: Cannot allocate resource for mainboard
Jul 07 13:44:24 ubuntu kernel: platform eisa.0: Cannot allocate resource for EISA slot 1
Jul 07 13:44:24 ubuntu kernel: platform eisa.0: Cannot allocate resource for EISA slot 2
Jul 07 13:44:24 ubuntu kernel: platform eisa.0: Cannot allocate resource for EISA slot 3
Jul 07 13:44:24 ubuntu kernel: platform eisa.0: Cannot allocate resource for EISA slot 4
Jul 07 13:44:24 ubuntu kernel: platform eisa.0: Cannot allocate resource for EISA slot 5
Jul 07 13:44:24 ubuntu kernel: platform eisa.0: Cannot allocate resource for EISA slot 6
Jul 07 13:44:24 ubuntu kernel: platform eisa.0: Cannot allocate resource for EISA slot 7
Jul 07 13:44:24 ubuntu kernel: platform eisa.0: Cannot allocate resource for EISA slot 8
Jul 07 13:44:24 ubuntu kernel: platform eisa.0: EISA: Detected 0 cards
Jul 07 13:44:24 ubuntu kernel: intel_pstate: CPU model not supported
Jul 07 13:44:24 ubuntu kernel: ledtrig-cpu: registered to indicate activity on CPUs
Jul 07 13:44:24 ubuntu kernel: drop_monitor: Initializing network drop monitor service
Jul 07 13:44:24 ubuntu kernel: NET: Registered protocol family 10
Jul 07 13:44:24 ubuntu kernel: Segment Routing with IPv6
Jul 07 13:44:24 ubuntu kernel: NET: Registered protocol family 17
Jul 07 13:44:24 ubuntu kernel: Key type dns_resolver registered
Jul 07 13:44:24 ubuntu kernel: RAS: Correctable Errors collector initialized.
Jul 07 13:44:24 ubuntu kernel: IPI shorthand broadcast: enabled
Jul 07 13:44:24 ubuntu kernel: sched_clock: Marking stable (567875180, 95623230)->(688684938, -25186528)
Jul 07 13:44:24 ubuntu kernel: registered taskstats version 1
Jul 07 13:44:24 ubuntu kernel: Loading compiled-in X.509 certificates
Jul 07 13:44:24 ubuntu kernel: Loaded X.509 cert 'Build time autogenerated kernel key: 514fdcf1b3e83a75fa120b4c37fbaecef65ad977'
Jul 07 13:44:24 ubuntu kernel: Loaded X.509 cert 'Canonical Ltd. Live Patch Signing: 14df34d1a87cf37625abec039ef2bf521249b969'
Jul 07 13:44:24 ubuntu kernel: Loaded X.509 cert 'Canonical Ltd. Kernel Module Signing: 88f752e560a1e0737e31163a466ad7b70a850c19'
Jul 07 13:44:24 ubuntu kernel: zswap: loaded using pool lzo/zbud
Jul 07 13:44:24 ubuntu kernel: Key type ._fscrypt registered
Jul 07 13:44:24 ubuntu kernel: Key type .fscrypt registered
Jul 07 13:44:24 ubuntu kernel: Key type big_key registered
Jul 07 13:44:24 ubuntu kernel: Key type encrypted registered
Jul 07 13:44:24 ubuntu kernel: AppArmor: AppArmor sha1 policy hashing enabled
Jul 07 13:44:24 ubuntu kernel: ima: No TPM chip found, activating TPM-bypass!
Jul 07 13:44:24 ubuntu kernel: ima: Allocated hash algorithm: sha1
Jul 07 13:44:24 ubuntu kernel: ima: No architecture policies found
Jul 07 13:44:24 ubuntu kernel: evm: Initialising EVM extended attributes:
Jul 07 13:44:24 ubuntu kernel: evm: security.selinux
Jul 07 13:44:24 ubuntu kernel: evm: security.SMACK64
Jul 07 13:44:24 ubuntu kernel: evm: security.SMACK64EXEC
Jul 07 13:44:24 ubuntu kernel: evm: security.SMACK64TRANSMUTE
Jul 07 13:44:24 ubuntu kernel: evm: security.SMACK64MMAP
Jul 07 13:44:24 ubuntu kernel: evm: security.apparmor
Jul 07 13:44:24 ubuntu kernel: evm: security.ima
Jul 07 13:44:24 ubuntu kernel: evm: security.capability
Jul 07 13:44:24 ubuntu kernel: evm: HMAC attrs: 0x1
Jul 07 13:44:24 ubuntu kernel: PM:   Magic number: 13:593:735
Jul 07 13:44:24 ubuntu kernel: rtc_cmos 00:00: setting system clock to 2021-07-07T13:44:21 UTC (1625665461)
Jul 07 13:44:24 ubuntu kernel: Freeing unused decrypted memory: 2040K
Jul 07 13:44:24 ubuntu kernel: Freeing unused kernel image memory: 2732K
Jul 07 13:44:24 ubuntu kernel: Write protecting the kernel read-only data: 22528k
Jul 07 13:44:24 ubuntu kernel: Freeing unused kernel image memory: 2008K
Jul 07 13:44:24 ubuntu kernel: Freeing unused kernel image memory: 1136K
Jul 07 13:44:24 ubuntu kernel: x86/mm: Checked W+X mappings: passed, no W+X pages found.
Jul 07 13:44:24 ubuntu kernel: x86/mm: Checking user space page tables
Jul 07 13:44:24 ubuntu kernel: x86/mm: Checked W+X mappings: passed, no W+X pages found.
Jul 07 13:44:24 ubuntu kernel: Run /init as init process
Jul 07 13:44:24 ubuntu kernel: virtio_blk virtio3: [vda] 52428800 512-byte logical blocks (26.8 GB/25.0 GiB)
Jul 07 13:44:24 ubuntu kernel: FDC 0 is a S82078B
Jul 07 13:44:24 ubuntu kernel: scsi host2: Virtio SCSI HBA
Jul 07 13:44:24 ubuntu kernel: input: VirtualPS/2 VMware VMMouse as /devices/platform/i8042/serio1/input/input4
Jul 07 13:44:24 ubuntu kernel: input: VirtualPS/2 VMware VMMouse as /devices/platform/i8042/serio1/input/input3
Jul 07 13:44:24 ubuntu kernel: GPT:Primary header thinks Alt. header is not at the end of the disk.
Jul 07 13:44:24 ubuntu kernel: GPT:4612095 != 52428799
Jul 07 13:44:24 ubuntu kernel: GPT:Alternate GPT header not at the end of the disk.
Jul 07 13:44:24 ubuntu kernel: GPT:4612095 != 52428799
Jul 07 13:44:24 ubuntu kernel: GPT: Use GNU Parted to correct GPT errors.
Jul 07 13:44:24 ubuntu kernel:  vda: vda1 vda14 vda15
Jul 07 13:44:24 ubuntu kernel: cryptd: max_cpu_qlen set to 1000
Jul 07 13:44:24 ubuntu kernel: AVX2 version of gcm_enc/dec engaged.
Jul 07 13:44:24 ubuntu kernel: AES CTR mode by8 optimization enabled
Jul 07 13:44:24 ubuntu kernel: virtio_net virtio0 ens3: renamed from eth0
Jul 07 13:44:24 ubuntu kernel: virtio_net virtio1 ens4: renamed from eth1
Jul 07 13:44:24 ubuntu kernel: raid6: avx2x4   gen() 26363 MB/s
Jul 07 13:44:24 ubuntu kernel: raid6: avx2x4   xor() 16049 MB/s
Jul 07 13:44:24 ubuntu kernel: raid6: avx2x2   gen() 25687 MB/s
Jul 07 13:44:24 ubuntu kernel: raid6: avx2x2   xor() 13166 MB/s
Jul 07 13:44:24 ubuntu kernel: raid6: avx2x1   gen() 18006 MB/s
Jul 07 13:44:24 ubuntu kernel: raid6: avx2x1   xor() 14774 MB/s
Jul 07 13:44:24 ubuntu kernel: raid6: sse2x4   gen() 11200 MB/s
Jul 07 13:44:24 ubuntu kernel: raid6: sse2x4   xor()  7367 MB/s
Jul 07 13:44:24 ubuntu kernel: raid6: sse2x2   gen() 10585 MB/s
Jul 07 13:44:24 ubuntu kernel: raid6: sse2x2   xor()  7006 MB/s
Jul 07 13:44:24 ubuntu kernel: raid6: sse2x1   gen()  8922 MB/s
Jul 07 13:44:24 ubuntu kernel: raid6: sse2x1   xor()  4735 MB/s
Jul 07 13:44:24 ubuntu kernel: raid6: using algorithm avx2x4 gen() 26363 MB/s
Jul 07 13:44:24 ubuntu kernel: raid6: .... xor() 16049 MB/s, rmw enabled
Jul 07 13:44:24 ubuntu kernel: raid6: using avx2x2 recovery algorithm
Jul 07 13:44:24 ubuntu kernel: xor: automatically using best checksumming function   avx       
Jul 07 13:44:24 ubuntu kernel: async_tx: api initialized (async)
Jul 07 13:44:24 ubuntu kernel: Btrfs loaded, crc32c=crc32c-intel
Jul 07 13:44:24 ubuntu kernel: EXT4-fs (vda1): mounted filesystem with ordered data mode. Opts: (null)
Jul 07 13:44:24 ubuntu systemd[1]: Inserted module 'autofs4'
Jul 07 13:44:24 ubuntu systemd[1]: systemd 245.4-4ubuntu3.6 running in system mode. (+PAM +AUDIT +SELINUX +IMA +APPARMOR +SMACK +SYSVINIT +UTMP +LIBCRYPTSETUP +GCRYPT +GNUTLS +ACL +XZ +LZ4 +SECCOMP +BLKID +ELFUTILS +KMOD +IDN2 -IDN +PCRE2 default-hierarchy=hybrid)
Jul 07 13:44:24 ubuntu systemd[1]: Detected virtualization kvm.
Jul 07 13:44:24 ubuntu systemd[1]: Detected architecture x86-64.
Jul 07 13:44:24 ubuntu systemd[1]: Set hostname to <ubuntu>.
Jul 07 13:44:24 ubuntu systemd[1]: Initializing machine ID from KVM UUID.
Jul 07 13:44:24 ubuntu systemd[1]: Installed transient /etc/machine-id file.
Jul 07 13:44:24 ubuntu systemd[1]: Created slice system-modprobe.slice.
Jul 07 13:44:24 ubuntu systemd[1]: Created slice system-serial\x2dgetty.slice.
Jul 07 13:44:24 ubuntu systemd[1]: Created slice system-systemd\x2dfsck.slice.
Jul 07 13:44:24 ubuntu systemd[1]: Created slice User and Session Slice.
Jul 07 13:44:24 ubuntu systemd[1]: Started Forward Password Requests to Wall Directory Watch.
Jul 07 13:44:24 ubuntu systemd[1]: Set up automount Arbitrary Executable File Formats File System Automount Point.
Jul 07 13:44:24 ubuntu systemd[1]: Reached target User and Group Name Lookups.
Jul 07 13:44:24 ubuntu systemd[1]: Reached target Slices.
Jul 07 13:44:24 ubuntu systemd[1]: Reached target Swap.
Jul 07 13:44:24 ubuntu systemd[1]: Listening on Device-mapper event daemon FIFOs.
Jul 07 13:44:24 ubuntu systemd[1]: Listening on LVM2 poll daemon socket.
Jul 07 13:44:24 ubuntu systemd[1]: Listening on multipathd control socket.
Jul 07 13:44:24 ubuntu systemd[1]: Listening on Syslog Socket.
Jul 07 13:44:24 ubuntu systemd[1]: Listening on fsck to fsckd communication Socket.
Jul 07 13:44:24 ubuntu systemd[1]: Listening on initctl Compatibility Named Pipe.
Jul 07 13:44:24 ubuntu systemd[1]: Listening on Journal Audit Socket.
Jul 07 13:44:24 ubuntu systemd[1]: Listening on Journal Socket (/dev/log).
Jul 07 13:44:24 ubuntu systemd[1]: Listening on Journal Socket.
Jul 07 13:44:24 ubuntu systemd[1]: Listening on Network Service Netlink Socket.
Jul 07 13:44:24 ubuntu systemd[1]: Listening on udev Control Socket.
Jul 07 13:44:24 ubuntu systemd[1]: Listening on udev Kernel Socket.
Jul 07 13:44:24 ubuntu systemd[1]: Mounting Huge Pages File System...
Jul 07 13:44:24 ubuntu systemd[1]: Mounting POSIX Message Queue File System...
Jul 07 13:44:24 ubuntu systemd[1]: Mounting Kernel Debug File System...
Jul 07 13:44:24 ubuntu systemd[1]: Mounting Kernel Trace File System...
Jul 07 13:44:24 ubuntu systemd[1]: Starting Journal Service...
Jul 07 13:44:24 ubuntu systemd[1]: Starting Set the console keyboard layout...
Jul 07 13:44:24 ubuntu systemd[1]: Starting Create list of static device nodes for the current kernel...
Jul 07 13:44:24 ubuntu systemd[1]: Starting Monitoring of LVM2 mirrors, snapshots etc. using dmeventd or progress polling...
Jul 07 13:44:24 ubuntu systemd[1]: Starting Load Kernel Module drm...
Jul 07 13:44:24 ubuntu systemd[1]: Condition check resulted in OpenVSwitch configuration for cleanup being skipped.
Jul 07 13:44:24 ubuntu systemd[1]: Condition check resulted in Set Up Additional Binary Formats being skipped.
Jul 07 13:44:24 ubuntu systemd[1]: Starting File System Check on Root Device...
Jul 07 13:44:24 ubuntu systemd[1]: Starting Load Kernel Modules...
Jul 07 13:44:24 ubuntu systemd[1]: Starting udev Coldplug all Devices...
Jul 07 13:44:24 ubuntu systemd[1]: Starting Uncomplicated firewall...
Jul 07 13:44:24 ubuntu systemd[1]: Mounted Huge Pages File System.
Jul 07 13:44:24 ubuntu systemd[1]: Mounted POSIX Message Queue File System.
Jul 07 13:44:24 ubuntu systemd[1]: Mounted Kernel Debug File System.
Jul 07 13:44:24 ubuntu systemd[1]: Mounted Kernel Trace File System.
Jul 07 13:44:24 ubuntu systemd[1]: Finished Create list of static device nodes for the current kernel.
Jul 07 13:44:24 ubuntu systemd[1]: Finished Monitoring of LVM2 mirrors, snapshots etc. using dmeventd or progress polling.
Jul 07 13:44:24 ubuntu systemd[1]: modprobe@drm.service: Succeeded.
Jul 07 13:44:24 ubuntu systemd[1]: Finished Load Kernel Module drm.
Jul 07 13:44:24 ubuntu systemd-journald[331]: Journal started
Jul 07 13:44:24 ubuntu systemd-journald[331]: Runtime Journal (/run/log/journal/ed4119996d424c2e8eed4946d5c09694) is 1.2M, max 9.8M, 8.5M free.
Jul 07 13:44:24 ubuntu systemd-fsck[344]: cloudimg-rootfs: clean, 72354/274176 files, 395570/548091 blocks
Jul 07 13:44:24 ubuntu systemd[1]: Started Journal Service.
Jul 07 13:44:24 ubuntu systemd[1]: Finished File System Check on Root Device.
Jul 07 13:44:24 ubuntu systemd[1]: Finished Load Kernel Modules.
Jul 07 13:44:24 ubuntu systemd[1]: Finished Uncomplicated firewall.
Jul 07 13:44:24 ubuntu systemd[1]: Mounting FUSE Control File System...
Jul 07 13:44:24 ubuntu systemd[1]: Mounting Kernel Configuration File System...
Jul 07 13:44:24 ubuntu systemd[1]: Started File System Check Daemon to report status.
Jul 07 13:44:24 ubuntu systemd[1]: Starting Remount Root and Kernel File Systems...
Jul 07 13:44:24 ubuntu systemd[1]: Starting Apply Kernel Variables...
Jul 07 13:44:24 ubuntu kernel: EXT4-fs (vda1): re-mounted. Opts: (null)
Jul 07 13:44:24 ubuntu systemd[1]: Finished Set the console keyboard layout.
Jul 07 13:44:24 ubuntu systemd[1]: Mounted FUSE Control File System.
Jul 07 13:44:24 ubuntu systemd[1]: Mounted Kernel Configuration File System.
Jul 07 13:44:24 ubuntu systemd-sysctl[354]: Not setting net/ipv4/conf/all/promote_secondaries (explicit setting exists).
Jul 07 13:44:24 ubuntu systemd-sysctl[354]: Not setting net/ipv4/conf/default/promote_secondaries (explicit setting exists).
Jul 07 13:44:24 ubuntu systemd[1]: Finished Remount Root and Kernel File Systems.
Jul 07 13:44:24 ubuntu systemd[1]: Condition check resulted in Rebuild Hardware Database being skipped.
Jul 07 13:44:24 ubuntu systemd[1]: Starting Flush Journal to Persistent Storage...
Jul 07 13:44:24 ubuntu systemd[1]: Condition check resulted in Platform Persistent Storage Archival being skipped.
Jul 07 13:44:24 ubuntu systemd[1]: Starting Load/Save Random Seed...
Jul 07 13:44:24 ubuntu systemd[1]: Starting Create System Users...
Jul 07 13:44:24 ubuntu systemd-journald[331]: Time spent on flushing to /var/log/journal/ed4119996d424c2e8eed4946d5c09694 is 6.576ms for 589 entries.
Jul 07 13:44:24 ubuntu systemd-journald[331]: System Journal (/var/log/journal/ed4119996d424c2e8eed4946d5c09694) is 8.0M, max 200.9M, 192.9M free.
Jul 07 13:44:24 ubuntu systemd[1]: Finished udev Coldplug all Devices.
Jul 07 13:44:24 ubuntu systemd[1]: Finished Apply Kernel Variables.
Jul 07 13:44:24 ubuntu systemd[1]: Finished Load/Save Random Seed.
Jul 07 13:44:24 ubuntu systemd[1]: Finished Flush Journal to Persistent Storage.
Jul 07 13:44:24 ubuntu systemd[1]: Starting udev Wait for Complete Device Initialization...
Jul 07 13:44:24 ubuntu systemd-sysusers[359]: Creating group systemd-coredump with gid 999.
Jul 07 13:44:24 ubuntu systemd-sysusers[359]: Creating user systemd-coredump (systemd Core Dumper) with uid 999 and gid 999.
Jul 07 13:44:24 ubuntu systemd[1]: Finished Create System Users.
Jul 07 13:44:24 ubuntu systemd[1]: Starting Create Static Device Nodes in /dev...
Jul 07 13:44:24 ubuntu systemd[1]: Finished Create Static Device Nodes in /dev.
Jul 07 13:44:24 ubuntu systemd[1]: Starting udev Kernel Device Manager...
Jul 07 13:44:24 ubuntu systemd[1]: Started udev Kernel Device Manager.
Jul 07 13:44:24 ubuntu systemd[1]: Condition check resulted in Show Plymouth Boot Screen being skipped.
Jul 07 13:44:24 ubuntu systemd[1]: Started Dispatch Password Requests to Console Directory Watch.
Jul 07 13:44:24 ubuntu systemd[1]: Condition check resulted in Forward Password Requests to Plymouth Directory Watch being skipped.
Jul 07 13:44:24 ubuntu systemd[1]: Reached target Local Encrypted Volumes.
Jul 07 13:44:24 ubuntu systemd-udevd[370]: Using default interface naming scheme 'v245'.
Jul 07 13:44:24 ubuntu systemd-udevd[368]: Using default interface naming scheme 'v245'.
Jul 07 13:44:24 ubuntu systemd-udevd[370]: ethtool: autonegotiation is unset or enabled, the speed and duplex are not writable.
Jul 07 13:44:24 ubuntu systemd-udevd[368]: ethtool: autonegotiation is unset or enabled, the speed and duplex are not writable.
Jul 07 13:44:25 ubuntu systemd[1]: Found device /dev/ttyS0.
Jul 07 13:44:25 ubuntu systemd[1]: Listening on Load/Save RF Kill Switch Status /dev/rfkill Watch.
Jul 07 13:44:25 ubuntu systemd-udevd[373]: ethtool: autonegotiation is unset or enabled, the speed and duplex are not writable.
Jul 07 13:44:25 ubuntu udevadm[361]: systemd-udev-settle.service is deprecated.
Jul 07 13:44:25 ubuntu systemd[1]: Found device /dev/disk/by-label/UEFI.
Jul 07 13:44:25 ubuntu systemd[1]: Finished udev Wait for Complete Device Initialization.
Jul 07 13:44:25 ubuntu systemd[1]: Starting Device-Mapper Multipath Device Controller...
Jul 07 13:44:25 ubuntu kernel: alua: device handler registered
Jul 07 13:44:25 ubuntu kernel: emc: device handler registered
Jul 07 13:44:25 ubuntu kernel: rdac: device handler registered
Jul 07 13:44:25 ubuntu multipathd[432]: --------start up--------
Jul 07 13:44:25 ubuntu multipathd[432]: read /etc/multipath.conf
Jul 07 13:44:25 ubuntu multipathd[432]: path checkers start up
Jul 07 13:44:25 ubuntu systemd[1]: Started Device-Mapper Multipath Device Controller.
Jul 07 13:44:25 ubuntu systemd[1]: Reached target Local File Systems (Pre).
Jul 07 13:44:25 ubuntu systemd[1]: Mounting Mount unit for core18, revision 2066...
Jul 07 13:44:25 ubuntu systemd[1]: Mounting Mount unit for lxd, revision 20326...
Jul 07 13:44:25 ubuntu systemd[1]: Mounting Mount unit for snapd, revision 11841...
Jul 07 13:44:25 ubuntu systemd[1]: Starting File System Check on /dev/disk/by-label/UEFI...
Jul 07 13:44:25 ubuntu systemd[1]: Mounted Mount unit for core18, revision 2066.
Jul 07 13:44:25 ubuntu systemd[1]: Mounted Mount unit for lxd, revision 20326.
Jul 07 13:44:25 ubuntu systemd[1]: Mounted Mount unit for snapd, revision 11841.
Jul 07 13:44:25 ubuntu systemd-fsck[447]: fsck.fat 4.1 (2017-01-24)
Jul 07 13:44:25 ubuntu systemd-fsck[447]: /dev/vda15: 12 files, 15983/213716 clusters
Jul 07 13:44:25 ubuntu systemd[1]: Finished File System Check on /dev/disk/by-label/UEFI.
Jul 07 13:44:25 ubuntu systemd[1]: Mounting /boot/efi...
Jul 07 13:44:25 ubuntu systemd[1]: Mounted /boot/efi.
Jul 07 13:44:25 ubuntu systemd[1]: Reached target Local File Systems.
Jul 07 13:44:25 ubuntu systemd[1]: Starting Load AppArmor profiles...
Jul 07 13:44:25 ubuntu systemd[1]: Starting Set console font and keymap...
Jul 07 13:44:25 ubuntu systemd[1]: Starting Create final runtime dir for shutdown pivot root...
Jul 07 13:44:25 ubuntu systemd[1]: Condition check resulted in LXD - agent - 9p mount being skipped.
Jul 07 13:44:25 ubuntu apparmor.systemd[451]: Restarting AppArmor
Jul 07 13:44:25 ubuntu systemd[1]: Condition check resulted in LXD - agent being skipped.
Jul 07 13:44:25 ubuntu apparmor.systemd[451]: Reloading AppArmor profiles
Jul 07 13:44:25 ubuntu systemd[1]: Starting Tell Plymouth To Write Out Runtime Data...
Jul 07 13:44:25 ubuntu systemd[1]: Condition check resulted in Store a System Token in an EFI Variable being skipped.
Jul 07 13:44:25 ubuntu systemd[1]: Starting Commit a transient machine-id on disk...
Jul 07 13:44:25 ubuntu systemd[1]: Starting Create Volatile Files and Directories...
Jul 07 13:44:25 ubuntu systemd[1]: Finished Set console font and keymap.
Jul 07 13:44:25 ubuntu systemd[1]: etc-machine\x2did.mount: Succeeded.
Jul 07 13:44:25 ubuntu systemd[1]: Finished Create final runtime dir for shutdown pivot root.
Jul 07 13:44:25 ubuntu systemd[1]: plymouth-read-write.service: Succeeded.
Jul 07 13:44:25 ubuntu systemd[1]: Finished Tell Plymouth To Write Out Runtime Data.
Jul 07 13:44:25 ubuntu systemd[1]: Finished Commit a transient machine-id on disk.
Jul 07 13:44:25 ubuntu systemd[1]: Finished Create Volatile Files and Directories.
Jul 07 13:44:25 ubuntu systemd[1]: Starting Network Time Synchronization...
Jul 07 13:44:25 ubuntu systemd[1]: Starting Update UTMP about System Boot/Shutdown...
Jul 07 13:44:25 ubuntu systemd[1]: Finished Update UTMP about System Boot/Shutdown.
Jul 07 13:44:25 ubuntu audit[463]: AVC apparmor="STATUS" operation="profile_load" profile="unconfined" name="lsb_release" pid=463 comm="apparmor_parser"
Jul 07 13:44:25 ubuntu kernel: audit: type=1400 audit(1625665465.776:2): apparmor="STATUS" operation="profile_load" profile="unconfined" name="lsb_release" pid=463 comm="apparmor_parser"
Jul 07 13:44:25 ubuntu systemd[1]: Started Network Time Synchronization.
Jul 07 13:44:25 ubuntu systemd[1]: Reached target System Time Set.
Jul 07 13:44:25 ubuntu systemd[1]: Reached target System Time Synchronized.
Jul 07 13:44:26 ubuntu audit[469]: AVC apparmor="STATUS" operation="profile_load" profile="unconfined" name="/usr/sbin/tcpdump" pid=469 comm="apparmor_parser"
Jul 07 13:44:26 ubuntu kernel: audit: type=1400 audit(1625665466.012:3): apparmor="STATUS" operation="profile_load" profile="unconfined" name="/usr/sbin/tcpdump" pid=469 comm="apparmor_parser"
Jul 07 13:44:26 ubuntu audit[471]: AVC apparmor="STATUS" operation="profile_load" profile="unconfined" name="nvidia_modprobe" pid=471 comm="apparmor_parser"
Jul 07 13:44:26 ubuntu audit[471]: AVC apparmor="STATUS" operation="profile_load" profile="unconfined" name="nvidia_modprobe//kmod" pid=471 comm="apparmor_parser"
Jul 07 13:44:26 ubuntu kernel: audit: type=1400 audit(1625665466.092:4): apparmor="STATUS" operation="profile_load" profile="unconfined" name="nvidia_modprobe" pid=471 comm="apparmor_parser"
Jul 07 13:44:26 ubuntu kernel: audit: type=1400 audit(1625665466.092:5): apparmor="STATUS" operation="profile_load" profile="unconfined" name="nvidia_modprobe//kmod" pid=471 comm="apparmor_parser"
Jul 07 13:44:26 ubuntu audit[472]: AVC apparmor="STATUS" operation="profile_load" profile="unconfined" name="/usr/lib/snapd/snap-confine" pid=472 comm="apparmor_parser"
Jul 07 13:44:26 ubuntu audit[472]: AVC apparmor="STATUS" operation="profile_load" profile="unconfined" name="/usr/lib/snapd/snap-confine//mount-namespace-capture-helper" pid=472 comm="apparmor_parser"
Jul 07 13:44:26 ubuntu kernel: audit: type=1400 audit(1625665466.284:6): apparmor="STATUS" operation="profile_load" profile="unconfined" name="/usr/lib/snapd/snap-confine" pid=472 comm="apparmor_parser"
Jul 07 13:44:26 ubuntu kernel: audit: type=1400 audit(1625665466.284:7): apparmor="STATUS" operation="profile_load" profile="unconfined" name="/usr/lib/snapd/snap-confine//mount-namespace-capture-helper" pid=472 comm="apparmor_parser"
Jul 07 13:44:26 ubuntu audit[473]: AVC apparmor="STATUS" operation="profile_load" profile="unconfined" name="/usr/bin/man" pid=473 comm="apparmor_parser"
Jul 07 13:44:26 ubuntu audit[473]: AVC apparmor="STATUS" operation="profile_load" profile="unconfined" name="man_filter" pid=473 comm="apparmor_parser"
Jul 07 13:44:26 ubuntu audit[473]: AVC apparmor="STATUS" operation="profile_load" profile="unconfined" name="man_groff" pid=473 comm="apparmor_parser"
Jul 07 13:44:26 ubuntu kernel: audit: type=1400 audit(1625665466.344:8): apparmor="STATUS" operation="profile_load" profile="unconfined" name="/usr/bin/man" pid=473 comm="apparmor_parser"
Jul 07 13:44:26 ubuntu kernel: audit: type=1400 audit(1625665466.344:9): apparmor="STATUS" operation="profile_load" profile="unconfined" name="man_filter" pid=473 comm="apparmor_parser"
Jul 07 13:44:26 ubuntu kernel: audit: type=1400 audit(1625665466.344:10): apparmor="STATUS" operation="profile_load" profile="unconfined" name="man_groff" pid=473 comm="apparmor_parser"
Jul 07 13:44:26 ubuntu audit[474]: AVC apparmor="STATUS" operation="profile_load" profile="unconfined" name="/usr/lib/NetworkManager/nm-dhcp-client.action" pid=474 comm="apparmor_parser"
Jul 07 13:44:26 ubuntu audit[474]: AVC apparmor="STATUS" operation="profile_load" profile="unconfined" name="/usr/lib/NetworkManager/nm-dhcp-helper" pid=474 comm="apparmor_parser"
Jul 07 13:44:26 ubuntu audit[474]: AVC apparmor="STATUS" operation="profile_load" profile="unconfined" name="/usr/lib/connman/scripts/dhclient-script" pid=474 comm="apparmor_parser"
Jul 07 13:44:26 ubuntu audit[474]: AVC apparmor="STATUS" operation="profile_load" profile="unconfined" name="/{,usr/}sbin/dhclient" pid=474 comm="apparmor_parser"
Jul 07 13:44:26 ubuntu kernel: audit: type=1400 audit(1625665466.504:11): apparmor="STATUS" operation="profile_load" profile="unconfined" name="/usr/lib/NetworkManager/nm-dhcp-client.action" pid=474 comm="apparmor_parser"
Jul 07 13:44:26 ubuntu kernel: audit: type=1400 audit(1625665466.504:12): apparmor="STATUS" operation="profile_load" profile="unconfined" name="/usr/lib/NetworkManager/nm-dhcp-helper" pid=474 comm="apparmor_parser"
Jul 07 13:44:26 ubuntu apparmor.systemd[475]: Skipping profile in /etc/apparmor.d/disable: usr.sbin.rsyslogd
Jul 07 13:44:26 ubuntu systemd[1]: Finished Load AppArmor profiles.
Jul 07 13:44:26 ubuntu systemd[1]: Starting Load AppArmor profiles managed internally by snapd...
Jul 07 13:44:26 ubuntu systemd[1]: Condition check resulted in Authentication service for virtual machines hosted on VMware being skipped.
Jul 07 13:44:26 ubuntu systemd[1]: Condition check resulted in Service for virtual machines hosted on VMware being skipped.
Jul 07 13:44:26 ubuntu systemd[1]: Starting Initial cloud-init job (pre-networking)...
Jul 07 13:44:27 ubuntu audit[486]: AVC apparmor="STATUS" operation="profile_load" profile="unconfined" name="/snap/snapd/11841/usr/lib/snapd/snap-confine" pid=486 comm="apparmor_parser"
Jul 07 13:44:27 ubuntu audit[486]: AVC apparmor="STATUS" operation="profile_load" profile="unconfined" name="/snap/snapd/11841/usr/lib/snapd/snap-confine//mount-namespace-capture-helper" pid=486 comm="apparmor_parser"
Jul 07 13:44:27 ubuntu audit[488]: AVC apparmor="STATUS" operation="profile_load" profile="unconfined" name="snap-update-ns.lxd" pid=488 comm="apparmor_parser"
Jul 07 13:44:27 ubuntu audit[489]: AVC apparmor="STATUS" operation="profile_load" profile="unconfined" name="snap.lxd.activate" pid=489 comm="apparmor_parser"
Jul 07 13:44:27 ubuntu-1 kernel: virtio_net virtio1 eth1: renamed from ens4
Jul 07 13:44:27 ubuntu-1 systemd-udevd[368]: ethtool: autonegotiation is unset or enabled, the speed and duplex are not writable.
Jul 07 13:44:27 ubuntu-1 kernel: virtio_net virtio0 eth0: renamed from ens3
Jul 07 13:44:27 ubuntu-1 systemd-udevd[368]: ethtool: autonegotiation is unset or enabled, the speed and duplex are not writable.
Jul 07 13:44:27 ubuntu-1 audit[495]: AVC apparmor="STATUS" operation="profile_load" profile="unconfined" name="snap.lxd.benchmark" pid=495 comm="apparmor_parser"
Jul 07 13:44:28 ubuntu-1 audit[504]: AVC apparmor="STATUS" operation="profile_load" profile="unconfined" name="snap.lxd.buginfo" pid=504 comm="apparmor_parser"
Jul 07 13:44:28 ubuntu-1 audit[507]: AVC apparmor="STATUS" operation="profile_load" profile="unconfined" name="snap.lxd.check-kernel" pid=507 comm="apparmor_parser"
Jul 07 13:44:28 ubuntu-1 systemd[1]: Condition check resulted in OpenVSwitch configuration for cleanup being skipped.
Jul 07 13:44:28 ubuntu-1 systemd[1]: Condition check resulted in OpenVSwitch configuration for cleanup being skipped.
Jul 07 13:44:28 ubuntu-1 systemd[1]: Condition check resulted in OpenVSwitch configuration for cleanup being skipped.
Jul 07 13:44:28 ubuntu-1 cloud-init[492]: Cloud-init v. 21.1-19-gbad84ad4-0ubuntu1~20.04.2 running 'init-local' at Wed, 07 Jul 2021 13:44:27 +0000. Up 6.64 seconds.
Jul 07 13:44:28 ubuntu-1 audit[510]: AVC apparmor="STATUS" operation="profile_load" profile="unconfined" name="snap.lxd.daemon" pid=510 comm="apparmor_parser"
Jul 07 13:44:28 ubuntu-1 systemd[1]: Finished Initial cloud-init job (pre-networking).
Jul 07 13:44:28 ubuntu-1 systemd[1]: Reached target Network (Pre).
Jul 07 13:44:28 ubuntu-1 systemd[1]: Starting Network Service...
Jul 07 13:44:28 ubuntu-1 systemd-networkd[524]: Enumeration completed
Jul 07 13:44:28 ubuntu-1 systemd[1]: Started Network Service.
Jul 07 13:44:28 ubuntu-1 systemd[1]: Starting Wait for Network to be Configured...
Jul 07 13:44:28 ubuntu-1 systemd-timesyncd[465]: Network configuration changed, trying to establish connection.
Jul 07 13:44:28 ubuntu-1 systemd-timesyncd[465]: Network configuration changed, trying to establish connection.
Jul 07 13:44:28 ubuntu-1 systemd-timesyncd[465]: Network configuration changed, trying to establish connection.
Jul 07 13:44:28 ubuntu-1 systemd-networkd[524]: eth0: Interface name change detected, eth0 has been renamed to ens3.
Jul 07 13:44:28 ubuntu-1 systemd-timesyncd[465]: Network configuration changed, trying to establish connection.
Jul 07 13:44:28 ubuntu-1 systemd[1]: Starting Network Name Resolution...
Jul 07 13:44:28 ubuntu-1 systemd-networkd[524]: ens3: Link DOWN
Jul 07 13:44:28 ubuntu-1 systemd-networkd[524]: ens3: Lost carrier
Jul 07 13:44:28 ubuntu-1 systemd-networkd[524]: ens3: Interface name change detected, ens3 has been renamed to eth0.
Jul 07 13:44:28 ubuntu-1 systemd-networkd[524]: eth0: Link UP
Jul 07 13:44:28 ubuntu-1 systemd-networkd[524]: eth0: Gained carrier
Jul 07 13:44:28 ubuntu-1 systemd-networkd[524]: eth1: IPv6 successfully enabled
Jul 07 13:44:28 ubuntu-1 systemd-networkd[524]: eth0: IPv6 successfully enabled
Jul 07 13:44:28 ubuntu-1 systemd-networkd[524]: eth1: Link UP
Jul 07 13:44:28 ubuntu-1 systemd-networkd[524]: eth1: Gained carrier
Jul 07 13:44:28 ubuntu-1 systemd-timesyncd[465]: Network configuration changed, trying to establish connection.
Jul 07 13:44:28 ubuntu-1 systemd-timesyncd[465]: Network configuration changed, trying to establish connection.
Jul 07 13:44:28 ubuntu-1 systemd-resolved[527]: Positive Trust Anchors:
Jul 07 13:44:28 ubuntu-1 systemd-resolved[527]: . IN DS 20326 8 2 e06d44b80b8f1d39a95c0b0d7c65d08458e880409bbc683457104237c7f8ec8d
Jul 07 13:44:28 ubuntu-1 systemd-resolved[527]: Negative trust anchors: 10.in-addr.arpa 16.172.in-addr.arpa 17.172.in-addr.arpa 18.172.in-addr.arpa 19.172.in-addr.arpa 20.172.in-addr.arpa 21.172.in-addr.arpa 22.172.in-addr.arpa 23.172.in-addr.arpa 24.172.in-addr.arpa 25.172.in-addr.arpa 26.172.in-addr.arpa 27.172.in-addr.arpa 28.172.in-addr.arpa 29.172.in-addr.arpa 30.172.in-addr.arpa 31.172.in-addr.arpa 168.192.in-addr.arpa d.f.ip6.arpa corp home internal intranet lan local private test
Jul 07 13:44:28 ubuntu-1 systemd-resolved[527]: Using system hostname 'ubuntu-1'.
Jul 07 13:44:28 ubuntu-1 systemd[1]: Started Network Name Resolution.
Jul 07 13:44:28 ubuntu-1 systemd[1]: Reached target Network.
Jul 07 13:44:28 ubuntu-1 systemd[1]: Reached target Host and Network Name Lookups.
Jul 07 13:44:28 ubuntu-1 audit[522]: AVC apparmor="STATUS" operation="profile_load" profile="unconfined" name="snap.lxd.hook.configure" pid=522 comm="apparmor_parser"
Jul 07 13:44:28 ubuntu-1 audit[528]: AVC apparmor="STATUS" operation="profile_load" profile="unconfined" name="snap.lxd.hook.install" pid=528 comm="apparmor_parser"
Jul 07 13:44:28 ubuntu-1 systemd-networkd[524]: eth0: Gained IPv6LL
Jul 07 13:44:28 ubuntu-1 systemd-timesyncd[465]: Network configuration changed, trying to establish connection.
Jul 07 13:44:29 ubuntu-1 audit[529]: AVC apparmor="STATUS" operation="profile_load" profile="unconfined" name="snap.lxd.hook.remove" pid=529 comm="apparmor_parser"
Jul 07 13:44:29 ubuntu-1 audit[530]: AVC apparmor="STATUS" operation="profile_load" profile="unconfined" name="snap.lxd.lxc" pid=530 comm="apparmor_parser"
Jul 07 13:44:29 ubuntu-1 audit[531]: AVC apparmor="STATUS" operation="profile_load" profile="unconfined" name="snap.lxd.lxc-to-lxd" pid=531 comm="apparmor_parser"
Jul 07 13:44:29 ubuntu-1 audit[532]: AVC apparmor="STATUS" operation="profile_load" profile="unconfined" name="snap.lxd.lxd" pid=532 comm="apparmor_parser"
Jul 07 13:44:29 ubuntu-1 audit[533]: AVC apparmor="STATUS" operation="profile_load" profile="unconfined" name="snap.lxd.migrate" pid=533 comm="apparmor_parser"
Jul 07 13:44:29 ubuntu-1 systemd[1]: Finished Load AppArmor profiles managed internally by snapd.
Jul 07 13:44:29 ubuntu-1 systemd-networkd[524]: eth1: Gained IPv6LL
Jul 07 13:44:29 ubuntu-1 systemd-networkd-wait-online[525]: managing: eth1
Jul 07 13:44:29 ubuntu-1 systemd-networkd-wait-online[525]: managing: eth0
Jul 07 13:44:29 ubuntu-1 systemd-timesyncd[465]: Network configuration changed, trying to establish connection.
Jul 07 13:44:29 ubuntu-1 systemd[1]: Finished Wait for Network to be Configured.
Jul 07 13:44:29 ubuntu-1 systemd[1]: Starting Initial cloud-init job (metadata service crawler)...
Jul 07 13:44:30 ubuntu-1 DigitalOcean[545]: writing resolvers  to /etc/systemd/resolved.conf.d/DigitalOcean.conf
Jul 07 13:44:30 ubuntu-1 systemd[1]: Stopping Network Name Resolution...
Jul 07 13:44:30 ubuntu-1 systemd[1]: systemd-resolved.service: Succeeded.
Jul 07 13:44:30 ubuntu-1 systemd[1]: Stopped Network Name Resolution.
Jul 07 13:44:30 ubuntu-1 systemd[1]: Starting Network Name Resolution...
Jul 07 13:44:30 ubuntu-1 systemd-resolved[550]: Positive Trust Anchors:
Jul 07 13:44:30 ubuntu-1 systemd-resolved[550]: . IN DS 20326 8 2 e06d44b80b8f1d39a95c0b0d7c65d08458e880409bbc683457104237c7f8ec8d
Jul 07 13:44:30 ubuntu-1 systemd-resolved[550]: Negative trust anchors: 10.in-addr.arpa 16.172.in-addr.arpa 17.172.in-addr.arpa 18.172.in-addr.arpa 19.172.in-addr.arpa 20.172.in-addr.arpa 21.172.in-addr.arpa 22.172.in-addr.arpa 23.172.in-addr.arpa 24.172.in-addr.arpa 25.172.in-addr.arpa 26.172.in-addr.arpa 27.172.in-addr.arpa 28.172.in-addr.arpa 29.172.in-addr.arpa 30.172.in-addr.arpa 31.172.in-addr.arpa 168.192.in-addr.arpa d.f.ip6.arpa corp home internal intranet lan local private test
Jul 07 13:44:30 ubuntu-1 systemd-resolved[550]: Using system hostname 'ubuntu-1'.
Jul 07 13:44:30 ubuntu-1 systemd[1]: Started Network Name Resolution.
Jul 07 13:44:30 ubuntu-1 DigitalOcean[552]: adding random seed to /dev/urandom
Jul 07 13:44:30 ubuntu-1 systemd[1]: Stopping udev Kernel Device Manager...
Jul 07 13:44:30 ubuntu-1 systemd[1]: systemd-udevd.service: Succeeded.
Jul 07 13:44:30 ubuntu-1 systemd[1]: Stopped udev Kernel Device Manager.
Jul 07 13:44:30 ubuntu-1 systemd[1]: Starting udev Kernel Device Manager...
Jul 07 13:44:30 ubuntu-1 systemd[1]: Started udev Kernel Device Manager.
Jul 07 13:44:30 ubuntu-1 cloud-init[538]: Cloud-init v. 21.1-19-gbad84ad4-0ubuntu1~20.04.2 running 'init' at Wed, 07 Jul 2021 13:44:30 +0000. Up 9.35 seconds.
Jul 07 13:44:30 ubuntu-1 cloud-init[538]: ci-info: +++++++++++++++++++++++++++++++++++++++Net device info+++++++++++++++++++++++++++++++++++++++
Jul 07 13:44:30 ubuntu-1 cloud-init[538]: ci-info: +--------+------+------------------------------+---------------+--------+-------------------+
Jul 07 13:44:30 ubuntu-1 cloud-init[538]: ci-info: | Device |  Up  |           Address            |      Mask     | Scope  |     Hw-Address    |
Jul 07 13:44:30 ubuntu-1 cloud-init[538]: ci-info: +--------+------+------------------------------+---------------+--------+-------------------+
Jul 07 13:44:30 ubuntu-1 cloud-init[538]: ci-info: |  eth0  | True |        64.225.100.179        | 255.255.240.0 | global | 26:2a:bb:f5:63:10 |
Jul 07 13:44:30 ubuntu-1 cloud-init[538]: ci-info: |  eth0  | True |          10.19.0.5           |  255.255.0.0  | global | 26:2a:bb:f5:63:10 |
Jul 07 13:44:30 ubuntu-1 cloud-init[538]: ci-info: |  eth0  | True | fe80::242a:bbff:fef5:6310/64 |       .       |  link  | 26:2a:bb:f5:63:10 |
Jul 07 13:44:30 ubuntu-1 cloud-init[538]: ci-info: |  eth1  | True |          10.114.0.2          | 255.255.240.0 | global | 1a:0d:7a:6d:f9:d0 |
Jul 07 13:44:30 ubuntu-1 cloud-init[538]: ci-info: |  eth1  | True | fe80::180d:7aff:fe6d:f9d0/64 |       .       |  link  | 1a:0d:7a:6d:f9:d0 |
Jul 07 13:44:30 ubuntu-1 cloud-init[538]: ci-info: |   lo   | True |          127.0.0.1           |   255.0.0.0   |  host  |         .         |
Jul 07 13:44:30 ubuntu-1 cloud-init[538]: ci-info: |   lo   | True |           ::1/128            |       .       |  host  |         .         |
Jul 07 13:44:30 ubuntu-1 cloud-init[538]: ci-info: +--------+------+------------------------------+---------------+--------+-------------------+
Jul 07 13:44:30 ubuntu-1 cloud-init[538]: ci-info: +++++++++++++++++++++++++++++Route IPv4 info+++++++++++++++++++++++++++++
Jul 07 13:44:30 ubuntu-1 cloud-init[538]: ci-info: +-------+-------------+-------------+---------------+-----------+-------+
Jul 07 13:44:30 ubuntu-1 cloud-init[538]: ci-info: | Route | Destination |   Gateway   |    Genmask    | Interface | Flags |
Jul 07 13:44:30 ubuntu-1 cloud-init[538]: ci-info: +-------+-------------+-------------+---------------+-----------+-------+
Jul 07 13:44:30 ubuntu-1 cloud-init[538]: ci-info: |   0   |   0.0.0.0   | 64.225.96.1 |    0.0.0.0    |    eth0   |   UG  |
Jul 07 13:44:30 ubuntu-1 cloud-init[538]: ci-info: |   1   |  10.19.0.0  |   0.0.0.0   |  255.255.0.0  |    eth0   |   U   |
Jul 07 13:44:30 ubuntu-1 cloud-init[538]: ci-info: |   2   |  10.114.0.0 |   0.0.0.0   | 255.255.240.0 |    eth1   |   U   |
Jul 07 13:44:30 ubuntu-1 cloud-init[538]: ci-info: |   3   | 64.225.96.0 |   0.0.0.0   | 255.255.240.0 |    eth0   |   U   |
Jul 07 13:44:30 ubuntu-1 cloud-init[538]: ci-info: +-------+-------------+-------------+---------------+-----------+-------+
Jul 07 13:44:30 ubuntu-1 cloud-init[538]: ci-info: +++++++++++++++++++Route IPv6 info+++++++++++++++++++
Jul 07 13:44:30 ubuntu-1 cloud-init[538]: ci-info: +-------+-------------+---------+-----------+-------+
Jul 07 13:44:30 ubuntu-1 cloud-init[538]: ci-info: | Route | Destination | Gateway | Interface | Flags |
Jul 07 13:44:30 ubuntu-1 cloud-init[538]: ci-info: +-------+-------------+---------+-----------+-------+
Jul 07 13:44:30 ubuntu-1 cloud-init[538]: ci-info: |   1   |  fe80::/64  |    ::   |    eth0   |   U   |
Jul 07 13:44:30 ubuntu-1 cloud-init[538]: ci-info: |   2   |  fe80::/64  |    ::   |    eth1   |   U   |
Jul 07 13:44:30 ubuntu-1 cloud-init[538]: ci-info: |   4   |    local    |    ::   |    eth1   |   U   |
Jul 07 13:44:30 ubuntu-1 cloud-init[538]: ci-info: |   5   |    local    |    ::   |    eth0   |   U   |
Jul 07 13:44:30 ubuntu-1 cloud-init[538]: ci-info: |   6   |  multicast  |    ::   |    eth0   |   U   |
Jul 07 13:44:30 ubuntu-1 cloud-init[538]: ci-info: |   7   |  multicast  |    ::   |    eth1   |   U   |
Jul 07 13:44:30 ubuntu-1 cloud-init[538]: ci-info: +-------+-------------+---------+-----------+-------+
Jul 07 13:44:31 ubuntu-1 systemd-udevd[591]: vda: Failed to process device, ignoring: Resource temporarily unavailable
Jul 07 13:44:31 ubuntu-1 systemd-udevd[591]: vda1: Failed to process device, ignoring: Resource temporarily unavailable
Jul 07 13:44:31 ubuntu-1 systemd-udevd[591]: vda14: Failed to process device, ignoring: Resource temporarily unavailable
Jul 07 13:44:31 ubuntu-1 systemd-udevd[591]: vda15: Failed to process device, ignoring: Resource temporarily unavailable
Jul 07 13:44:31 ubuntu-1 systemd-udevd[591]: vda: Failed to process device, ignoring: Resource temporarily unavailable
Jul 07 13:44:31 ubuntu-1 systemd-udevd[591]: vda1: Failed to process device, ignoring: Resource temporarily unavailable
Jul 07 13:44:31 ubuntu-1 systemd-udevd[591]: vda14: Failed to process device, ignoring: Resource temporarily unavailable
Jul 07 13:44:31 ubuntu-1 systemd-udevd[591]: vda15: Failed to process device, ignoring: Resource temporarily unavailable
Jul 07 13:44:31 ubuntu-1 kernel: EXT4-fs (vda1): resizing filesystem from 548091 to 6525179 blocks
Jul 07 13:44:31 ubuntu-1 kernel: EXT4-fs (vda1): resized filesystem to 6525179
Jul 07 13:44:31 ubuntu-1 cloud-init[538]: Generating public/private rsa key pair.
Jul 07 13:44:31 ubuntu-1 cloud-init[538]: Your identification has been saved in /etc/ssh/ssh_host_rsa_key
Jul 07 13:44:31 ubuntu-1 cloud-init[538]: Your public key has been saved in /etc/ssh/ssh_host_rsa_key.pub
Jul 07 13:44:31 ubuntu-1 cloud-init[538]: The key fingerprint is:
Jul 07 13:44:31 ubuntu-1 cloud-init[538]: SHA256:UIbAohenClNqmCxyYgsquqI5NKXwacqMLTdhE9xHJa8 root@ubuntu-1
Jul 07 13:44:31 ubuntu-1 cloud-init[538]: The key's randomart image is:
Jul 07 13:44:31 ubuntu-1 cloud-init[538]: +---[RSA 3072]----+
Jul 07 13:44:31 ubuntu-1 cloud-init[538]: |   ....o+        |
Jul 07 13:44:31 ubuntu-1 cloud-init[538]: |  + o o=         |
Jul 07 13:44:31 ubuntu-1 cloud-init[538]: |o* * .. .        |
Jul 07 13:44:31 ubuntu-1 cloud-init[538]: |&+*.. .o         |
Jul 07 13:44:31 ubuntu-1 cloud-init[538]: |XB+o .E S        |
Jul 07 13:44:31 ubuntu-1 cloud-init[538]: |+=B              |
Jul 07 13:44:31 ubuntu-1 cloud-init[538]: |B=.o             |
Jul 07 13:44:31 ubuntu-1 cloud-init[538]: |B++              |
Jul 07 13:44:31 ubuntu-1 cloud-init[538]: |*= .             |
Jul 07 13:44:31 ubuntu-1 cloud-init[538]: +----[SHA256]-----+
Jul 07 13:44:31 ubuntu-1 cloud-init[538]: Generating public/private dsa key pair.
Jul 07 13:44:31 ubuntu-1 cloud-init[538]: Your identification has been saved in /etc/ssh/ssh_host_dsa_key
Jul 07 13:44:31 ubuntu-1 cloud-init[538]: Your public key has been saved in /etc/ssh/ssh_host_dsa_key.pub
Jul 07 13:44:31 ubuntu-1 cloud-init[538]: The key fingerprint is:
Jul 07 13:44:31 ubuntu-1 cloud-init[538]: SHA256:oT19xJpSNF6vRGvlihgasE/jZr7QiY7oGJaPqYcM76o root@ubuntu-1
Jul 07 13:44:31 ubuntu-1 cloud-init[538]: The key's randomart image is:
Jul 07 13:44:31 ubuntu-1 cloud-init[538]: +---[DSA 1024]----+
Jul 07 13:44:31 ubuntu-1 cloud-init[538]: |    .     o o .  |
Jul 07 13:44:31 ubuntu-1 cloud-init[538]: |     o   o = =   |
Jul 07 13:44:31 ubuntu-1 cloud-init[538]: |    . + o o * o  |
Jul 07 13:44:31 ubuntu-1 cloud-init[538]: |     + * * B o   |
Jul 07 13:44:31 ubuntu-1 cloud-init[538]: |      B S = +    |
Jul 07 13:44:31 ubuntu-1 cloud-init[538]: |. .  * . o .     |
Jul 07 13:44:31 ubuntu-1 cloud-init[538]: |+=  o +          |
Jul 07 13:44:31 ubuntu-1 cloud-init[538]: |++*o . .         |
Jul 07 13:44:31 ubuntu-1 cloud-init[538]: |EBo.. .          |
Jul 07 13:44:31 ubuntu-1 cloud-init[538]: +----[SHA256]-----+
Jul 07 13:44:31 ubuntu-1 cloud-init[538]: Generating public/private ecdsa key pair.
Jul 07 13:44:31 ubuntu-1 cloud-init[538]: Your identification has been saved in /etc/ssh/ssh_host_ecdsa_key
Jul 07 13:44:31 ubuntu-1 cloud-init[538]: Your public key has been saved in /etc/ssh/ssh_host_ecdsa_key.pub
Jul 07 13:44:31 ubuntu-1 cloud-init[538]: The key fingerprint is:
Jul 07 13:44:31 ubuntu-1 cloud-init[538]: SHA256:/skknF9oyoMtZC5OWlpPpZQ2zDTrLcrn/FS1xw8FC+Q root@ubuntu-1
Jul 07 13:44:31 ubuntu-1 cloud-init[538]: The key's randomart image is:
Jul 07 13:44:31 ubuntu-1 cloud-init[538]: +---[ECDSA 256]---+
Jul 07 13:44:31 ubuntu-1 cloud-init[538]: |           .o .  |
Jul 07 13:44:31 ubuntu-1 cloud-init[538]: |           . . o |
Jul 07 13:44:31 ubuntu-1 cloud-init[538]: |      o     E . .|
Jul 07 13:44:31 ubuntu-1 cloud-init[538]: |     + +   . o . |
Jul 07 13:44:31 ubuntu-1 cloud-init[538]: |      O S . . +  |
Jul 07 13:44:31 ubuntu-1 cloud-init[538]: |     +oB o . . o |
Jul 07 13:44:31 ubuntu-1 cloud-init[538]: |    ++=oB + .   .|
Jul 07 13:44:31 ubuntu-1 cloud-init[538]: |   B.==+oO o     |
Jul 07 13:44:31 ubuntu-1 cloud-init[538]: |  o.+++o+.=      |
Jul 07 13:44:31 ubuntu-1 cloud-init[538]: +----[SHA256]-----+
Jul 07 13:44:31 ubuntu-1 cloud-init[538]: Generating public/private ed25519 key pair.
Jul 07 13:44:31 ubuntu-1 cloud-init[538]: Your identification has been saved in /etc/ssh/ssh_host_ed25519_key
Jul 07 13:44:31 ubuntu-1 cloud-init[538]: Your public key has been saved in /etc/ssh/ssh_host_ed25519_key.pub
Jul 07 13:44:31 ubuntu-1 cloud-init[538]: The key fingerprint is:
Jul 07 13:44:31 ubuntu-1 cloud-init[538]: SHA256:Duut9k0Fg+9B9syPG2nWpemAjX13BT1A4x0FWZfhE+Q root@ubuntu-1
Jul 07 13:44:31 ubuntu-1 cloud-init[538]: The key's randomart image is:
Jul 07 13:44:31 ubuntu-1 cloud-init[538]: +--[ED25519 256]--+
Jul 07 13:44:31 ubuntu-1 cloud-init[538]: |            .+oOB|
Jul 07 13:44:31 ubuntu-1 cloud-init[538]: |         .  . Bo+|
Jul 07 13:44:31 ubuntu-1 cloud-init[538]: |        . =  ..E.|
Jul 07 13:44:31 ubuntu-1 cloud-init[538]: |         + *   .o|
Jul 07 13:44:31 ubuntu-1 cloud-init[538]: |      . S o =   o|
Jul 07 13:44:31 ubuntu-1 cloud-init[538]: |       + . B = +.|
Jul 07 13:44:31 ubuntu-1 cloud-init[538]: |      . . = X * o|
Jul 07 13:44:31 ubuntu-1 cloud-init[538]: |     ... o o * ..|
Jul 07 13:44:31 ubuntu-1 cloud-init[538]: |     .ooo . . .  |
Jul 07 13:44:31 ubuntu-1 cloud-init[538]: +----[SHA256]-----+
Jul 07 13:44:31 ubuntu-1 systemd[1]: Finished Initial cloud-init job (metadata service crawler).
Jul 07 13:44:31 ubuntu-1 systemd[1]: Reached target Cloud-config availability.
Jul 07 13:44:31 ubuntu-1 systemd[1]: Reached target Network is Online.
Jul 07 13:44:31 ubuntu-1 systemd[1]: Reached target System Initialization.
Jul 07 13:44:31 ubuntu-1 systemd[1]: Condition check resulted in Process error reports when automatic reporting is enabled (file watch) being skipped.
Jul 07 13:44:31 ubuntu-1 systemd[1]: Started Daily apt download activities.
Jul 07 13:44:31 ubuntu-1 systemd[1]: Started Daily apt upgrade and clean activities.
Jul 07 13:44:31 ubuntu-1 systemd[1]: Started Periodic ext4 Online Metadata Check for All Filesystems.
Jul 07 13:44:31 ubuntu-1 systemd[1]: Started Discard unused blocks once a week.
Jul 07 13:44:31 ubuntu-1 systemd[1]: Started Refresh fwupd metadata regularly.
Jul 07 13:44:31 ubuntu-1 systemd[1]: Started Daily rotation of log files.
Jul 07 13:44:31 ubuntu-1 systemd[1]: Started Daily man-db regeneration.
Jul 07 13:44:31 ubuntu-1 systemd[1]: Started Message of the Day.
Jul 07 13:44:31 ubuntu-1 systemd[1]: Condition check resulted in Timer to automatically fetch and run repair assertions being skipped.
Jul 07 13:44:31 ubuntu-1 systemd[1]: Started Daily Cleanup of Temporary Directories.
Jul 07 13:44:31 ubuntu-1 systemd[1]: Started Ubuntu Advantage update messaging.
Jul 07 13:44:31 ubuntu-1 systemd[1]: Reached target Paths.
Jul 07 13:44:31 ubuntu-1 systemd[1]: Reached target Timers.
Jul 07 13:44:31 ubuntu-1 systemd[1]: Condition check resulted in Unix socket for apport crash forwarding being skipped.
Jul 07 13:44:31 ubuntu-1 systemd[1]: Listening on D-Bus System Message Bus Socket.
Jul 07 13:44:31 ubuntu-1 systemd[1]: Listening on Open-iSCSI iscsid Socket.
Jul 07 13:44:31 ubuntu-1 systemd[1]: Starting Socket activation for snappy daemon.
Jul 07 13:44:31 ubuntu-1 systemd[1]: Listening on UUID daemon activation socket.
Jul 07 13:44:31 ubuntu-1 systemd[1]: Condition check resulted in Login to default iSCSI targets being skipped.
Jul 07 13:44:31 ubuntu-1 systemd[1]: Reached target Remote File Systems (Pre).
Jul 07 13:44:31 ubuntu-1 systemd[1]: Reached target Remote File Systems.
Jul 07 13:44:31 ubuntu-1 systemd[1]: Starting Availability of block devices...
Jul 07 13:44:31 ubuntu-1 systemd[1]: Listening on Socket activation for snappy daemon.
Jul 07 13:44:31 ubuntu-1 systemd[1]: Reached target Sockets.
Jul 07 13:44:31 ubuntu-1 systemd[1]: Reached target Basic System.
Jul 07 13:44:31 ubuntu-1 systemd[1]: Starting Accounts Service...
Jul 07 13:44:31 ubuntu-1 systemd[1]: Starting LSB: automatic crash report generation...
Jul 07 13:44:31 ubuntu-1 systemd[1]: Starting Deferred execution scheduler...
Jul 07 13:44:31 ubuntu-1 systemd[1]: Started Regular background program processing daemon.
Jul 07 13:44:31 ubuntu-1 cron[677]: (CRON) INFO (pidfile fd = 3)
Jul 07 13:44:31 ubuntu-1 systemd[1]: Started D-Bus System Message Bus.
Jul 07 13:44:31 ubuntu-1 cron[677]: (CRON) INFO (Running @reboot jobs)
Jul 07 13:44:31 ubuntu-1 systemd[1]: Started Save initial kernel messages after boot.
Jul 07 13:44:31 ubuntu-1 systemd[1]: Starting Remove Stale Online ext4 Metadata Check Snapshots...
Jul 07 13:44:31 ubuntu-1 systemd[1]: Condition check resulted in getty on tty2-tty6 if dbus and logind are not available being skipped.
Jul 07 13:44:31 ubuntu-1 systemd[1]: Starting LSB: Record successful boot for GRUB...
Jul 07 13:44:31 ubuntu-1 systemd[1]: Started irqbalance daemon.
Jul 07 13:44:31 ubuntu-1 systemd[1]: Starting Dispatcher daemon for systemd-networkd...
Jul 07 13:44:31 ubuntu-1 systemd[1]: Condition check resulted in Set the CPU Frequency Scaling governor being skipped.
Jul 07 13:44:31 ubuntu-1 /usr/sbin/irqbalance[685]: Balancing is ineffective on systems with a single cpu.  Shutting down
Jul 07 13:44:31 ubuntu-1 systemd[1]: Starting Pollinate to seed the pseudo random number generator...
Jul 07 13:44:31 ubuntu-1 systemd[1]: Condition check resulted in fast remote file copy program daemon being skipped.
Jul 07 13:44:31 ubuntu-1 systemd[1]: Starting System Logging Service...
Jul 07 13:44:31 ubuntu-1 systemd[1]: Condition check resulted in Secure Boot updates for DB and DBX being skipped.
Jul 07 13:44:31 ubuntu-1 systemd[1]: Condition check resulted in Automatically repair incorrect owner/permissions on core devices being skipped.
Jul 07 13:44:31 ubuntu-1 systemd[1]: Condition check resulted in Wait for the Ubuntu Core chooser trigger being skipped.
Jul 07 13:44:31 ubuntu-1 systemd[1]: Starting Snap Daemon...
Jul 07 13:44:31 ubuntu-1 systemd[1]: Starting Login Service...
Jul 07 13:44:31 ubuntu-1 systemd[1]: Starting Permit User Sessions...
Jul 07 13:44:31 ubuntu-1 systemd[1]: Condition check resulted in Ubuntu Advantage reboot cmds being skipped.
Jul 07 13:44:31 ubuntu-1 systemd[1]: Finished Availability of block devices.
Jul 07 13:44:31 ubuntu-1 systemd[1]: Started Deferred execution scheduler.
Jul 07 13:44:31 ubuntu-1 systemd[1]: e2scrub_reap.service: Succeeded.
Jul 07 13:44:31 ubuntu-1 systemd[1]: Finished Remove Stale Online ext4 Metadata Check Snapshots.
Jul 07 13:44:31 ubuntu-1 systemd[1]: irqbalance.service: Succeeded.
Jul 07 13:44:31 ubuntu-1 systemd[1]: Finished Permit User Sessions.
Jul 07 13:44:32 ubuntu-1 rsyslogd[689]: imuxsock: Acquired UNIX socket '/run/systemd/journal/syslog' (fd 3) from systemd.  [v8.2001.0]
Jul 07 13:44:32 ubuntu-1 rsyslogd[689]: rsyslogd's groupid changed to 110
Jul 07 13:44:32 ubuntu-1 rsyslogd[689]: rsyslogd's userid changed to 104
Jul 07 13:44:32 ubuntu-1 rsyslogd[689]: [origin software="rsyslogd" swVersion="8.2001.0" x-pid="689" x-info="https://www.rsyslog.com"] start
Jul 07 13:44:32 ubuntu-1 systemd[1]: Started System Logging Service.
Jul 07 13:44:32 ubuntu-1 apport[671]:  * Starting automatic crash report generation: apport
Jul 07 13:44:32 ubuntu-1 grub-common[681]:  * Recording successful boot for GRUB
Jul 07 13:44:32 ubuntu-1 grub-common[681]:    ...done.
Jul 07 13:44:32 ubuntu-1 systemd[1]: Started LSB: Record successful boot for GRUB.
Jul 07 13:44:32 ubuntu-1 dbus-daemon[678]: [system] AppArmor D-Bus mediation is enabled
Jul 07 13:44:32 ubuntu-1 apport[671]:    ...done.
Jul 07 13:44:32 ubuntu-1 systemd[1]: Starting GRUB failed boot detection...
Jul 07 13:44:32 ubuntu-1 systemd[1]: Starting Hold until boot process finishes up...
Jul 07 13:44:32 ubuntu-1 systemd[1]: Starting Terminate Plymouth Boot Screen...
Jul 07 13:44:32 ubuntu-1 dbus-daemon[678]: [system] Activating via systemd: service name='org.freedesktop.PolicyKit1' unit='polkit.service' requested by ':1.3' (uid=0 pid=670 comm="/usr/lib/accountsservice/accounts-daemon " label="unconfined")
Jul 07 13:44:32 ubuntu-1 pollinate[732]: client sent challenge to [https://entropy.ubuntu.com/]
Jul 07 13:44:32 ubuntu-1 systemd[1]: Started LSB: automatic crash report generation.
Jul 07 13:44:32 ubuntu-1 snapd[690]: AppArmor status: apparmor is enabled and all features are available
Jul 07 13:44:32 ubuntu-1 systemd[1]: plymouth-quit-wait.service: Succeeded.
Jul 07 13:44:32 ubuntu-1 systemd[1]: Finished Hold until boot process finishes up.
Jul 07 13:44:32 ubuntu-1 systemd-logind[691]: Watching system buttons on /dev/input/event0 (Power Button)
Jul 07 13:44:32 ubuntu-1 systemd[1]: plymouth-quit.service: Succeeded.
Jul 07 13:44:32 ubuntu-1 systemd-logind[691]: Watching system buttons on /dev/input/event1 (AT Translated Set 2 keyboard)
Jul 07 13:44:32 ubuntu-1 systemd-logind[691]: New seat seat0.
Jul 07 13:44:32 ubuntu-1 systemd[1]: Finished Terminate Plymouth Boot Screen.
Jul 07 13:44:32 ubuntu-1 systemd[1]: grub-initrd-fallback.service: Succeeded.
Jul 07 13:44:32 ubuntu-1 systemd[1]: Finished GRUB failed boot detection.
Jul 07 13:44:32 ubuntu-1 systemd[1]: Started Login Service.
Jul 07 13:44:32 ubuntu-1 systemd[1]: Starting Authorization Manager...
Jul 07 13:44:32 ubuntu-1 systemd[1]: Started Serial Getty on ttyS0.
Jul 07 13:44:32 ubuntu-1 systemd[1]: Starting Set console scheme...
Jul 07 13:44:32 ubuntu-1 systemd[1]: Started Unattended Upgrades Shutdown.
Jul 07 13:44:32 ubuntu-1 polkitd[738]: started daemon version 0.105 using authority implementation `local' version `0.105'
Jul 07 13:44:32 ubuntu-1 dbus-daemon[678]: [system] Successfully activated service 'org.freedesktop.PolicyKit1'
Jul 07 13:44:32 ubuntu-1 accounts-daemon[670]: started daemon version 0.6.55
Jul 07 13:44:32 ubuntu-1 systemd[1]: Finished Set console scheme.
Jul 07 13:44:32 ubuntu-1 systemd[1]: Started Authorization Manager.
Jul 07 13:44:32 ubuntu-1 systemd[1]: Started Accounts Service.
Jul 07 13:44:32 ubuntu-1 systemd[1]: Created slice system-getty.slice.
Jul 07 13:44:32 ubuntu-1 systemd[1]: Started Getty on tty1.
Jul 07 13:44:32 ubuntu-1 networkd-dispatcher[687]: No valid path found for iwconfig
Jul 07 13:44:32 ubuntu-1 networkd-dispatcher[687]: No valid path found for iw
Jul 07 13:44:32 ubuntu-1 systemd[1]: Reached target Login Prompts.
Jul 07 13:44:32 ubuntu-1 systemd[1]: Started Dispatcher daemon for systemd-networkd.
Jul 07 13:44:32 ubuntu-1 pollinate[758]: client verified challenge/response with [https://entropy.ubuntu.com/]
Jul 07 13:44:32 ubuntu-1 pollinate[765]: client hashed response from [https://entropy.ubuntu.com/]
Jul 07 13:44:32 ubuntu-1 pollinate[766]: client successfully seeded [/dev/urandom]
Jul 07 13:44:32 ubuntu-1 systemd[1]: pollinate.service: Succeeded.
Jul 07 13:44:32 ubuntu-1 systemd[1]: Finished Pollinate to seed the pseudo random number generator.
Jul 07 13:44:32 ubuntu-1 systemd[1]: Starting OpenBSD Secure Shell server...
Jul 07 13:44:32 ubuntu-1 sshd[770]: Server listening on 0.0.0.0 port 22.
Jul 07 13:44:32 ubuntu-1 sshd[770]: Server listening on :: port 22.
Jul 07 13:44:32 ubuntu-1 systemd[1]: Started OpenBSD Secure Shell server.
Jul 07 13:44:33 ubuntu-1 snapd[690]: AppArmor status: apparmor is enabled and all features are available
Jul 07 13:44:33 ubuntu-1 snapd[690]: patch.go:64: Patching system state level 6 to sublevel 1...
Jul 07 13:44:33 ubuntu-1 snapd[690]: patch.go:64: Patching system state level 6 to sublevel 2...
Jul 07 13:44:33 ubuntu-1 snapd[690]: patch.go:64: Patching system state level 6 to sublevel 3...
Jul 07 13:44:33 ubuntu-1 snapd[690]: daemon.go:347: started snapd/2.50 (series 16; classic) ubuntu/20.04 (amd64) linux/5.4.0-73-generic.
Jul 07 13:44:33 ubuntu-1 systemd[1]: tmp-sanity\x2dmountpoint\x2d127493211.mount: Succeeded.
Jul 07 13:44:33 ubuntu-1 snapd[690]: daemon.go:440: adjusting startup timeout by 45s (pessimistic estimate of 30s plus 5s per snap)
Jul 07 13:44:33 ubuntu-1 systemd[1]: Started Snap Daemon.
Jul 07 13:44:33 ubuntu-1 systemd[1]: Starting Wait until snapd is fully seeded...
Jul 07 13:44:34 ubuntu-1 systemd[1]: Started snap.lxd.hook.install.1cdf1c23-42c5-4c21-a203-5d3b04405750.scope.
Jul 07 13:44:34 ubuntu-1 systemd[1]: tmp-snap.rootfs_oTBkNS.mount: Succeeded.
Jul 07 13:44:35 ubuntu-1 systemd[1]: snap.lxd.hook.install.1cdf1c23-42c5-4c21-a203-5d3b04405750.scope: Succeeded.
Jul 07 13:44:35 ubuntu-1 systemd[1]: Reloading.
Jul 07 13:44:35 ubuntu-1 systemd[1]: Reloading.
Jul 07 13:44:36 ubuntu-1 systemd[1]: Listening on Socket unix for snap application lxd.daemon.
Jul 07 13:44:36 ubuntu-1 systemd[1]: Starting Service for snap application lxd.activate...
Jul 07 13:44:36 ubuntu-1 lxd.activate[896]: => Starting LXD activation
Jul 07 13:44:36 ubuntu-1 lxd.activate[896]: ==> Creating missing snap configuration
Jul 07 13:44:36 ubuntu-1 lxd.activate[896]: ==> Loading snap configuration
Jul 07 13:44:36 ubuntu-1 lxd.activate[896]: ==> Checking for socket activation support
Jul 07 13:44:36 ubuntu-1 lxd.activate[896]: ==> Creating "lxd" user
Jul 07 13:44:36 ubuntu-1 useradd[1022]: new user: name=lxd, UID=998, GID=100, home=/var/snap/lxd/common/lxd, shell=/bin/false, from=none
Jul 07 13:44:36 ubuntu-1 lxd.activate[896]: ==> Setting LXD socket ownership
Jul 07 13:44:36 ubuntu-1 lxd.activate[896]: ==> LXD never started on this system, no need to start it now
Jul 07 13:44:36 ubuntu-1 systemd[1]: snap.lxd.activate.service: Succeeded.
Jul 07 13:44:36 ubuntu-1 systemd[1]: Finished Service for snap application lxd.activate.
Jul 07 13:44:36 ubuntu-1 systemd[1]: Started snap.lxd.hook.configure.9f081f98-be50-42d6-b287-96dae6872282.scope.
Jul 07 13:44:36 ubuntu-1 systemd[1]: dmesg.service: Succeeded.
Jul 07 13:44:37 ubuntu-1 systemd[1]: snap.lxd.hook.configure.9f081f98-be50-42d6-b287-96dae6872282.scope: Succeeded.
Jul 07 13:44:37 ubuntu-1 systemd[1]: Finished Wait until snapd is fully seeded.
Jul 07 13:44:37 ubuntu-1 systemd[1]: Starting Apply the settings specified in cloud-config...
Jul 07 13:44:37 ubuntu-1 systemd[1]: Condition check resulted in Auto import assertions from block devices being skipped.
Jul 07 13:44:37 ubuntu-1 systemd[1]: Reached target Multi-User System.
Jul 07 13:44:37 ubuntu-1 systemd[1]: Reached target Graphical Interface.
Jul 07 13:44:37 ubuntu-1 systemd[1]: Starting Update UTMP about System Runlevel Changes...
Jul 07 13:44:37 ubuntu-1 systemd[1]: systemd-update-utmp-runlevel.service: Succeeded.
Jul 07 13:44:37 ubuntu-1 systemd[1]: Finished Update UTMP about System Runlevel Changes.
Jul 07 13:44:37 ubuntu-1 systemd[1]: Stopping OpenBSD Secure Shell server...
Jul 07 13:44:37 ubuntu-1 sshd[770]: Received signal 15; terminating.
Jul 07 13:44:37 ubuntu-1 systemd[1]: ssh.service: Succeeded.
Jul 07 13:44:37 ubuntu-1 systemd[1]: Stopped OpenBSD Secure Shell server.
Jul 07 13:44:37 ubuntu-1 systemd[1]: Starting OpenBSD Secure Shell server...
Jul 07 13:44:38 ubuntu-1 sshd[1154]: Server listening on 0.0.0.0 port 22.
Jul 07 13:44:38 ubuntu-1 sshd[1154]: Server listening on :: port 22.
Jul 07 13:44:38 ubuntu-1 systemd[1]: Started OpenBSD Secure Shell server.
Jul 07 13:44:38 ubuntu-1 cloud-init[1148]: Cloud-init v. 21.1-19-gbad84ad4-0ubuntu1~20.04.2 running 'modules:config' at Wed, 07 Jul 2021 13:44:37 +0000. Up 16.92 seconds.
Jul 07 13:44:38 ubuntu-1 systemd[1]: Finished Apply the settings specified in cloud-config.
Jul 07 13:44:38 ubuntu-1 systemd[1]: Starting Execute cloud user/final scripts...
Jul 07 13:44:38 ubuntu-1 ec2[1175]: 
Jul 07 13:44:38 ubuntu-1 ec2[1175]: #############################################################
Jul 07 13:44:38 ubuntu-1 ec2[1175]: -----BEGIN SSH HOST KEY FINGERPRINTS-----
Jul 07 13:44:38 ubuntu-1 ec2[1175]: 1024 SHA256:oT19xJpSNF6vRGvlihgasE/jZr7QiY7oGJaPqYcM76o root@ubuntu-1 (DSA)
Jul 07 13:44:38 ubuntu-1 ec2[1175]: 256 SHA256:/skknF9oyoMtZC5OWlpPpZQ2zDTrLcrn/FS1xw8FC+Q root@ubuntu-1 (ECDSA)
Jul 07 13:44:38 ubuntu-1 ec2[1175]: 256 SHA256:Duut9k0Fg+9B9syPG2nWpemAjX13BT1A4x0FWZfhE+Q root@ubuntu-1 (ED25519)
Jul 07 13:44:38 ubuntu-1 ec2[1175]: 3072 SHA256:UIbAohenClNqmCxyYgsquqI5NKXwacqMLTdhE9xHJa8 root@ubuntu-1 (RSA)
Jul 07 13:44:38 ubuntu-1 ec2[1175]: -----END SSH HOST KEY FINGERPRINTS-----
Jul 07 13:44:38 ubuntu-1 ec2[1175]: #############################################################
Jul 07 13:44:38 ubuntu-1 cloud-init[1167]: Cloud-init v. 21.1-19-gbad84ad4-0ubuntu1~20.04.2 running 'modules:final' at Wed, 07 Jul 2021 13:44:38 +0000. Up 17.88 seconds.
Jul 07 13:44:38 ubuntu-1 cloud-init[1167]: ci-info: no authorized SSH keys fingerprints found for user root.
Jul 07 13:44:38 ubuntu-1 cloud-init[1167]: Cloud-init v. 21.1-19-gbad84ad4-0ubuntu1~20.04.2 finished at Wed, 07 Jul 2021 13:44:38 +0000. Datasource DataSourceDigitalOcean.  Up 18.05 seconds
Jul 07 13:44:39 ubuntu-1 systemd[1]: Finished Execute cloud user/final scripts.
Jul 07 13:44:39 ubuntu-1 systemd[1]: Reached target Cloud-init target.
Jul 07 13:44:39 ubuntu-1 systemd[1]: Startup finished in 2.871s (kernel) + 15.272s (userspace) = 18.143s.
Jul 07 13:44:48 ubuntu-1 login[754]: pam_unix(login:auth): Couldn't open /etc/securetty: No such file or directory
Jul 07 13:44:54 ubuntu-1 login[754]: pam_unix(login:auth): Couldn't open /etc/securetty: No such file or directory
Jul 07 13:44:55 ubuntu-1 systemd[1]: systemd-fsckd.service: Succeeded.
Jul 07 13:44:55 ubuntu-1 sshd[1189]: pam_unix(sshd:auth): authentication failure; logname= uid=0 euid=0 tty=ssh ruser= rhost=178.62.32.25  user=root
Jul 07 13:44:56 ubuntu-1 login[754]: pam_unix(login:session): session opened for user root by LOGIN(uid=0)
Jul 07 13:44:56 ubuntu-1 systemd[1]: Created slice User Slice of UID 0.
Jul 07 13:44:56 ubuntu-1 systemd[1]: Starting User Runtime Directory /run/user/0...
Jul 07 13:44:56 ubuntu-1 systemd-logind[691]: New session 1 of user root.
Jul 07 13:44:56 ubuntu-1 systemd[1]: Finished User Runtime Directory /run/user/0.
Jul 07 13:44:56 ubuntu-1 systemd[1]: Starting User Manager for UID 0...
Jul 07 13:44:56 ubuntu-1 systemd[1296]: pam_unix(systemd-user:session): session opened for user root by (uid=0)
Jul 07 13:44:56 ubuntu-1 systemd[1296]: Reached target Paths.
Jul 07 13:44:56 ubuntu-1 systemd[1296]: Reached target Timers.
Jul 07 13:44:56 ubuntu-1 systemd[1296]: Starting D-Bus User Message Bus Socket.
Jul 07 13:44:56 ubuntu-1 systemd[1296]: Listening on GnuPG network certificate management daemon.
Jul 07 13:44:56 ubuntu-1 systemd[1296]: Listening on GnuPG cryptographic agent and passphrase cache (access for web browsers).
Jul 07 13:44:56 ubuntu-1 systemd[1296]: Listening on GnuPG cryptographic agent and passphrase cache (restricted).
Jul 07 13:44:56 ubuntu-1 systemd[1296]: Listening on GnuPG cryptographic agent (ssh-agent emulation).
Jul 07 13:44:56 ubuntu-1 systemd[1296]: Listening on GnuPG cryptographic agent and passphrase cache.
Jul 07 13:44:56 ubuntu-1 systemd[1296]: Listening on debconf communication socket.
Jul 07 13:44:56 ubuntu-1 systemd[1296]: Listening on REST API socket for snapd user session agent.
Jul 07 13:44:56 ubuntu-1 systemd[1296]: Listening on D-Bus User Message Bus Socket.
Jul 07 13:44:56 ubuntu-1 systemd[1296]: Reached target Sockets.
Jul 07 13:44:56 ubuntu-1 systemd[1296]: Reached target Basic System.
Jul 07 13:44:56 ubuntu-1 systemd[1]: Started User Manager for UID 0.
Jul 07 13:44:56 ubuntu-1 systemd[1]: Started Session 1 of user root.
Jul 07 13:44:56 ubuntu-1 systemd[1296]: Reached target Main User Target.
Jul 07 13:44:56 ubuntu-1 systemd[1296]: Startup finished in 115ms.
Jul 07 13:44:56 ubuntu-1 login[1302]: ROOT LOGIN  on '/dev/tty1'
Jul 07 13:44:57 ubuntu-1 sshd[1189]: Failed password for root from 178.62.32.25 port 49926 ssh2
Jul 07 13:44:57 ubuntu-1 sshd[1189]: Received disconnect from 178.62.32.25 port 49926:11: Bye Bye [preauth]
Jul 07 13:44:57 ubuntu-1 sshd[1189]: Disconnected from authenticating user root 178.62.32.25 port 49926 [preauth]
Jul 07 13:45:00 ubuntu-1 systemd-timesyncd[465]: Initial synchronization to time server 91.189.94.4:123 (ntp.ubuntu.com).
Jul 07 13:45:20 ubuntu-1 sshd[1322]: pam_unix(sshd:auth): authentication failure; logname= uid=0 euid=0 tty=ssh ruser= rhost=178.62.102.99  user=root
Jul 07 13:45:22 ubuntu-1 sshd[1322]: Failed password for root from 178.62.102.99 port 42356 ssh2
Jul 07 13:45:23 ubuntu-1 sshd[1322]: Received disconnect from 178.62.102.99 port 42356:11: Bye Bye [preauth]
Jul 07 13:45:23 ubuntu-1 sshd[1322]: Disconnected from authenticating user root 178.62.102.99 port 42356 [preauth]
Jul 07 13:45:31 ubuntu-1 sshd[1324]: pam_unix(sshd:auth): authentication failure; logname= uid=0 euid=0 tty=ssh ruser= rhost=103.136.42.83  user=root
Jul 07 13:45:33 ubuntu-1 sshd[1324]: Failed password for root from 103.136.42.83 port 48028 ssh2
Jul 07 13:45:33 ubuntu-1 sshd[1324]: Received disconnect from 103.136.42.83 port 48028:11: Bye Bye [preauth]
Jul 07 13:45:33 ubuntu-1 sshd[1324]: Disconnected from authenticating user root 103.136.42.83 port 48028 [preauth]
Jul 07 13:45:45 ubuntu-1 sshd[1326]: pam_unix(sshd:auth): authentication failure; logname= uid=0 euid=0 tty=ssh ruser= rhost=119.28.25.33  user=root
Jul 07 13:45:47 ubuntu-1 sshd[1326]: Failed password for root from 119.28.25.33 port 42412 ssh2
Jul 07 13:45:49 ubuntu-1 sshd[1326]: Received disconnect from 119.28.25.33 port 42412:11: Bye Bye [preauth]
Jul 07 13:45:49 ubuntu-1 sshd[1326]: Disconnected from authenticating user root 119.28.25.33 port 42412 [preauth]
Jul 07 13:46:13 ubuntu-1 systemd[1]: Starting Ubuntu Advantage APT and MOTD Messages...
Jul 07 13:46:13 ubuntu-1 systemd[1]: ua-messaging.service: Succeeded.
Jul 07 13:46:13 ubuntu-1 systemd[1]: Finished Ubuntu Advantage APT and MOTD Messages.
Jul 07 13:46:20 ubuntu-1 sshd[1346]: pam_unix(sshd:auth): authentication failure; logname= uid=0 euid=0 tty=ssh ruser= rhost=134.175.13.90  user=root
Jul 07 13:46:22 ubuntu-1 sshd[1346]: Failed password for root from 134.175.13.90 port 56156 ssh2
Jul 07 13:46:23 ubuntu-1 sshd[1346]: Received disconnect from 134.175.13.90 port 56156:11: Bye Bye [preauth]
Jul 07 13:46:23 ubuntu-1 sshd[1346]: Disconnected from authenticating user root 134.175.13.90 port 56156 [preauth]
Jul 07 13:47:30 ubuntu-1 sshd[1348]: pam_unix(sshd:auth): authentication failure; logname= uid=0 euid=0 tty=ssh ruser= rhost=103.136.42.83  user=root
Jul 07 13:47:32 ubuntu-1 sshd[1348]: Failed password for root from 103.136.42.83 port 55240 ssh2
Jul 07 13:47:33 ubuntu-1 sshd[1348]: Received disconnect from 103.136.42.83 port 55240:11: Bye Bye [preauth]
Jul 07 13:47:33 ubuntu-1 sshd[1348]: Disconnected from authenticating user root 103.136.42.83 port 55240 [preauth]
Jul 07 13:47:38 ubuntu-1 sshd[1350]: pam_unix(sshd:auth): authentication failure; logname= uid=0 euid=0 tty=ssh ruser= rhost=178.62.102.99  user=root
Jul 07 13:47:40 ubuntu-1 sshd[1350]: Failed password for root from 178.62.102.99 port 48038 ssh2
Jul 07 13:47:40 ubuntu-1 sshd[1350]: Received disconnect from 178.62.102.99 port 48038:11: Bye Bye [preauth]
Jul 07 13:47:40 ubuntu-1 sshd[1350]: Disconnected from authenticating user root 178.62.102.99 port 48038 [preauth]
Jul 07 13:47:59 ubuntu-1 sshd[1352]: pam_unix(sshd:auth): authentication failure; logname= uid=0 euid=0 tty=ssh ruser= rhost=119.28.25.33  user=root
Jul 07 13:48:01 ubuntu-1 sshd[1352]: Failed password for root from 119.28.25.33 port 50282 ssh2
Jul 07 13:48:01 ubuntu-1 sshd[1352]: Received disconnect from 119.28.25.33 port 50282:11: Bye Bye [preauth]
Jul 07 13:48:01 ubuntu-1 sshd[1352]: Disconnected from authenticating user root 119.28.25.33 port 50282 [preauth]
Jul 07 13:49:33 ubuntu-1 sshd[1355]: pam_unix(sshd:auth): authentication failure; logname= uid=0 euid=0 tty=ssh ruser= rhost=103.136.42.83  user=root
Jul 07 13:49:35 ubuntu-1 sshd[1355]: Failed password for root from 103.136.42.83 port 34360 ssh2
Jul 07 13:49:38 ubuntu-1 sshd[1355]: Received disconnect from 103.136.42.83 port 34360:11: Bye Bye [preauth]
Jul 07 13:49:38 ubuntu-1 sshd[1355]: Disconnected from authenticating user root 103.136.42.83 port 34360 [preauth]
Jul 07 13:49:53 ubuntu-1 sshd[1357]: pam_unix(sshd:auth): authentication failure; logname= uid=0 euid=0 tty=ssh ruser= rhost=178.62.102.99  user=root
Jul 07 13:49:56 ubuntu-1 sshd[1357]: Failed password for root from 178.62.102.99 port 53720 ssh2
Jul 07 13:49:58 ubuntu-1 sshd[1357]: Received disconnect from 178.62.102.99 port 53720:11: Bye Bye [preauth]
Jul 07 13:49:58 ubuntu-1 sshd[1357]: Disconnected from authenticating user root 178.62.102.99 port 53720 [preauth]
Jul 07 13:50:14 ubuntu-1 sshd[1359]: pam_unix(sshd:auth): authentication failure; logname= uid=0 euid=0 tty=ssh ruser= rhost=119.28.25.33  user=root
